ARM Linker, 5.03 [Build 76] [MDK-ARM Professional]

==============================================================================

Section Cross References

    startup_stm32f10x_hd.o(STACK) refers (Special) to heapauxi.o(.text) for __use_two_region_memory
    startup_stm32f10x_hd.o(HEAP) refers (Special) to heapauxi.o(.text) for __use_two_region_memory
    startup_stm32f10x_hd.o(RESET) refers (Special) to heapauxi.o(.text) for __use_two_region_memory
    startup_stm32f10x_hd.o(RESET) refers to startup_stm32f10x_hd.o(STACK) for __initial_sp
    startup_stm32f10x_hd.o(RESET) refers to startup_stm32f10x_hd.o(.text) for Reset_Handler
    startup_stm32f10x_hd.o(RESET) refers to stm32f10x_it.o(.text) for NMI_Handler
    startup_stm32f10x_hd.o(RESET) refers to os_cpu_a.o(.text) for OS_CPU_PendSVHandler
    startup_stm32f10x_hd.o(RESET) refers to rs232.o(.text) for USART1_IRQHandler
    startup_stm32f10x_hd.o(.text) refers (Special) to heapauxi.o(.text) for __use_two_region_memory
    startup_stm32f10x_hd.o(.text) refers to system_stm32f10x.o(.text) for SystemInit
    startup_stm32f10x_hd.o(.text) refers to __main.o(!!!main) for __main
    startup_stm32f10x_hd.o(.text) refers to startup_stm32f10x_hd.o(HEAP) for Heap_Mem
    startup_stm32f10x_hd.o(.text) refers to startup_stm32f10x_hd.o(STACK) for Stack_Mem
    system_stm32f10x.o(.text) refers to system_stm32f10x.o(.data) for SystemCoreClock
    stm32f10x_spi.o(.text) refers to stm32f10x_rcc.o(.text) for RCC_APB2PeriphResetCmd
    stm32f10x_wwdg.o(.text) refers to stm32f10x_rcc.o(.text) for RCC_APB1PeriphResetCmd
    stm32f10x_adc.o(.text) refers to stm32f10x_rcc.o(.text) for RCC_APB2PeriphResetCmd
    stm32f10x_bkp.o(.text) refers to stm32f10x_rcc.o(.text) for RCC_BackupResetCmd
    stm32f10x_can.o(.text) refers to stm32f10x_rcc.o(.text) for RCC_APB1PeriphResetCmd
    stm32f10x_cec.o(.text) refers to stm32f10x_rcc.o(.text) for RCC_APB1PeriphResetCmd
    stm32f10x_dac.o(.text) refers to stm32f10x_rcc.o(.text) for RCC_APB1PeriphResetCmd
    stm32f10x_gpio.o(.text) refers to stm32f10x_rcc.o(.text) for RCC_APB2PeriphResetCmd
    stm32f10x_i2c.o(.text) refers to stm32f10x_rcc.o(.text) for RCC_APB1PeriphResetCmd
    stm32f10x_pwr.o(.text) refers to stm32f10x_rcc.o(.text) for RCC_APB1PeriphResetCmd
    stm32f10x_rcc.o(.text) refers to stm32f10x_rcc.o(.data) for APBAHBPrescTable
    stm32f10x_tim.o(.text) refers to stm32f10x_rcc.o(.text) for RCC_APB2PeriphResetCmd
    stm32f10x_usart.o(.text) refers to stm32f10x_rcc.o(.text) for RCC_APB2PeriphResetCmd
    os_dbg.o(.text) refers to os_dbg.o(.constdata) for OSDebugEn
    os_cpu_c.o(.text) refers to os_task.o(.text) for App_TaskCreateHook
    os_cpu_c.o(.text) refers to os_cpu_a.o(.text) for OS_CPU_SR_Save
    os_cpu_c.o(.text) refers to os_core.o(.text) for OSTimeTick
    os_cpu_c.o(.text) refers to app_cfg.o(.text) for OS_CPU_SysTickClkFreq
    os_cpu_c.o(.text) refers to os_core.o(.data) for OSIntNesting
    os_cpu_a.o(.text) refers to os_core.o(.data) for OSRunning
    os_cpu_a.o(.text) refers to os_cpu_c.o(.text) for OSTaskSwHook
    app_cfg.o(.text) refers to stm32f10x_rcc.o(.text) for RCC_GetClocksFreq
    os_core.o(.text) refers to os_cpu_a.o(.text) for OS_CPU_SR_Save
    os_core.o(.text) refers to os_core.o(.data) for OSIntNesting
    os_core.o(.text) refers to os_core.o(.constdata) for OSUnMapTbl
    os_core.o(.text) refers to os_core.o(.bss) for OSTCBPrioTbl
    os_core.o(.text) refers to os_task.o(.text) for OSTaskStkChk
    os_core.o(.text) refers to os_time.o(.text) for OSTimeDly
    os_core.o(.text) refers to os_cpu_c.o(.text) for OSTaskStatHook
    os_core.o(.text) refers to os_dbg.o(.text) for OSDebugInit
    os_mbox.o(.text) refers to os_cpu_a.o(.text) for OS_CPU_SR_Save
    os_mbox.o(.text) refers to os_core.o(.text) for OS_EventWaitListInit
    os_mbox.o(.text) refers to os_core.o(.data) for OSIntNesting
    os_task.o(.text) refers to os_cpu_a.o(.text) for OS_CPU_SR_Save
    os_task.o(.text) refers to os_core.o(.text) for OS_Sched
    os_task.o(.text) refers to os_cpu_c.o(.text) for OSTaskStkInit
    os_task.o(.text) refers to os_core.o(.bss) for OSTCBPrioTbl
    os_task.o(.text) refers to os_core.o(.data) for OSTCBCur
    os_time.o(.text) refers to os_cpu_a.o(.text) for OS_CPU_SR_Save
    os_time.o(.text) refers to os_core.o(.text) for OS_Sched
    os_time.o(.text) refers to os_core.o(.data) for OSIntNesting
    os_time.o(.text) refers to os_core.o(.bss) for OSTCBPrioTbl
    stm32f10x_it.o(.text) refers to os_cpu_c.o(.text) for OS_CPU_SysTickHandler
    stm32f10x_it.o(.text) refers to stm32f10x_tim.o(.text) for TIM_GetITStatus
    stm32f10x_it.o(.text) refers to os_cpu_a.o(.text) for OS_CPU_SR_Save
    stm32f10x_it.o(.text) refers to stm32f10x_gpio.o(.text) for GPIO_SetBits
    stm32f10x_it.o(.text) refers to os_core.o(.text) for OSIntExit
    stm32f10x_it.o(.text) refers to main.o(.data) for SystemTime_10_ms
    stm32f10x_it.o(.text) refers to stm32f10x_it.o(.data) for flag
[...]
    ../clib/angel/sysapp.c                   0x00000000   Number         0  sys_command.o ABSOLUTE
    ../clib/angel/sysapp.c                   0x00000000   Number         0  sys_exit.o ABSOLUTE
    ../clib/angel/sysapp.c                   0x00000000   Number         0  sys_wrch.o ABSOLUTE
    ../clib/armsys.c                         0x00000000   Number         0  argv_veneer.o ABSOLUTE
    ../clib/armsys.c                         0x00000000   Number         0  _get_argv_nomalloc.o ABSOLUTE
    ../clib/armsys.c                         0x00000000   Number         0  argv_veneer.o ABSOLUTE
    ../clib/armsys.c                         0x00000000   Number         0  no_argv.o ABSOLUTE
    ../clib/heapalloc.c                      0x00000000   Number         0  hrguard.o ABSOLUTE
    ../clib/heapaux.c                        0x00000000   Number         0  heapauxi.o ABSOLUTE
    ../clib/libinit.s                        0x00000000   Number         0  libshutdown.o ABSOLUTE
    ../clib/libinit.s                        0x00000000   Number         0  libshutdown2.o ABSOLUTE
    ../clib/libinit.s                        0x00000000   Number         0  libinit2.o ABSOLUTE
    ../clib/libinit.s                        0x00000000   Number         0  libinit.o ABSOLUTE
    ../clib/memcpset.s                       0x00000000   Number         0  rt_memclr_w.o ABSOLUTE
    ../clib/signal.c                         0x00000000   Number         0  defsig_stak_inner.o ABSOLUTE
    ../clib/signal.c                         0x00000000   Number         0  defsig_exit.o ABSOLUTE
    ../clib/signal.c                         0x00000000   Number         0  defsig_rtred_inner.o ABSOLUTE
    ../clib/signal.c                         0x00000000   Number         0  defsig_fpe_inner.o ABSOLUTE
    ../clib/signal.c                         0x00000000   Number         0  defsig_abrt_inner.o ABSOLUTE
    ../clib/signal.c                         0x00000000   Number         0  defsig_pvfn_inner.o ABSOLUTE
    ../clib/signal.c                         0x00000000   Number         0  defsig_general.o ABSOLUTE
    ../clib/signal.c                         0x00000000   Number         0  __raise.o ABSOLUTE
    ../clib/signal.c                         0x00000000   Number         0  defsig_rtmem_inner.o ABSOLUTE
    ../clib/signal.c                         0x00000000   Number         0  defsig_cppl_inner.o ABSOLUTE
    ../clib/signal.c                         0x00000000   Number         0  defsig_rtmem_formal.o ABSOLUTE
    ../clib/signal.c                         0x00000000   Number         0  defsig_segv_inner.o ABSOLUTE
    ../clib/signal.c                         0x00000000   Number         0  defsig_rtmem_outer.o ABSOLUTE
    ../clib/signal.c                         0x00000000   Number         0  defsig_other.o ABSOLUTE
    ../clib/signal.s                         0x00000000   Number         0  defsig.o ABSOLUTE
    ../clib/stdlib.c                         0x00000000   Number         0  exit.o ABSOLUTE
    ../fplib/fpinit.s                        0x00000000   Number         0  fpinit.o ABSOLUTE
    5883l\HMC5883l.c                         0x00000000   Number         0  hmc5883l.o ABSOLUTE
    5883l\\HMC5883l.c                        0x00000000   Number         0  hmc5883l.o ABSOLUTE
    Driver\5110\nokia_5110.c                 0x00000000   Number         0  nokia_5110.o ABSOLUTE
    Driver\DriverConfig.c                    0x00000000   Number         0  driverconfig.o ABSOLUTE
    Driver\NRF24L01\NRF24l01.c               0x00000000   Number         0  nrf24l01.o ABSOLUTE
    Driver\Printf.c                          0x00000000   Number         0  printf.o ABSOLUTE
    Driver\RS232.c                           0x00000000   Number         0  rs232.o ABSOLUTE
    Driver\Spi\SPI1.c                        0x00000000   Number         0  spi1.o ABSOLUTE
    Driver\\5110\\nokia_5110.c               0x00000000   Number         0  nokia_5110.o ABSOLUTE
    Driver\\DriverConfig.c                   0x00000000   Number         0  driverconfig.o ABSOLUTE
    Driver\\NRF24L01\\NRF24l01.c             0x00000000   Number         0  nrf24l01.o ABSOLUTE
    Driver\\RS232.c                          0x00000000   Number         0  rs232.o ABSOLUTE
    Driver\\Spi\\SPI1.c                      0x00000000   Number         0  spi1.o ABSOLUTE
    LIB\CMSIS\CM3\CoreSupport\core_cm3.c     0x00000000   Number         0  core_cm3.o ABSOLUTE
    LIB\CMSIS\CM3\DeviceSupport\ST\STM32F10x\startup\arm\startup_stm32f10x_hd.s 0x00000000   Number         0  startup_stm32f10x_hd.o ABSOLUTE
    LIB\STM32F10x_StdPeriph_Driver\src\misc.c 0x00000000   Number         0  misc.o ABSOLUTE
    LIB\STM32F10x_StdPeriph_Driver\src\stm32f10x_adc.c 0x00000000   Number         0  stm32f10x_adc.o ABSOLUTE
    LIB\STM32F10x_StdPeriph_Driver\src\stm32f10x_bkp.c 0x00000000   Number         0  stm32f10x_bkp.o ABSOLUTE
    LIB\STM32F10x_StdPeriph_Driver\src\stm32f10x_can.c 0x00000000   Number         0  stm32f10x_can.o ABSOLUTE
    LIB\STM32F10x_StdPeriph_Driver\src\stm32f10x_cec.c 0x00000000   Number         0  stm32f10x_cec.o ABSOLUTE
    LIB\STM32F10x_StdPeriph_Driver\src\stm32f10x_crc.c 0x00000000   Number         0  stm32f10x_crc.o ABSOLUTE
    LIB\STM32F10x_StdPeriph_Driver\src\stm32f10x_dac.c 0x00000000   Number         0  stm32f10x_dac.o ABSOLUTE
    LIB\STM32F10x_StdPeriph_Driver\src\stm32f10x_dbgmcu.c 0x00000000   Number         0  stm32f10x_dbgmcu.o ABSOLUTE
    LIB\STM32F10x_StdPeriph_Driver\src\stm32f10x_dma.c 0x00000000   Number         0  stm32f10x_dma.o ABSOLUTE
    LIB\STM32F10x_StdPeriph_Driver\src\stm32f10x_exti.c 0x00000000   Number         0  stm32f10x_exti.o ABSOLUTE
    LIB\STM32F10x_StdPeriph_Driver\src\stm32f10x_flash.c 0x00000000   Number         0  stm32f10x_flash.o ABSOLUTE
    LIB\STM32F10x_StdPeriph_Driver\src\stm32f10x_fsmc.c 0x00000000   Number         0  stm32f10x_fsmc.o ABSOLUTE
    LIB\STM32F10x_StdPeriph_Driver\src\stm32f10x_gpio.c 0x00000000   Number         0  stm32f10x_gpio.o ABSOLUTE
    LIB\STM32F10x_StdPeriph_Driver\src\stm32f10x_i2c.c 0x00000000   Number         0  stm32f10x_i2c.o ABSOLUTE
    LIB\STM32F10x_StdPeriph_Driver\src\stm32f10x_iwdg.c 0x00000000   Number         0  stm32f10x_iwdg.o ABSOLUTE
    LIB\STM32F10x_StdPeriph_Driver\src\stm32f10x_pwr.c 0x00000000   Number         0  stm32f10x_pwr.o ABSOLUTE
    LIB\STM32F10x_StdPeriph_Driver\src\stm32f10x_rcc.c 0x00000000   Number         0  stm32f10x_rcc.o ABSOLUTE
    LIB\STM32F10x_StdPeriph_Driver\src\stm32f10x_rtc.c 0x00000000   Number         0  stm32f10x_rtc.o ABSOLUTE
    LIB\STM32F10x_StdPeriph_Driver\src\stm32f10x_sdio.c 0x00000000   Number         0  stm32f10x_sdio.o ABSOLUTE
    LIB\STM32F10x_StdPeriph_Driver\src\stm32f10x_spi.c 0x00000000   Number         0  stm32f10x_spi.o ABSOLUTE
    LIB\STM32F10x_StdPeriph_Driver\src\stm32f10x_tim.c 0x00000000   Number         0  stm32f10x_tim.o ABSOLUTE
    LIB\STM32F10x_StdPeriph_Driver\src\stm32f10x_usart.c 0x00000000   Number         0  stm32f10x_usart.o ABSOLUTE
    LIB\STM32F10x_StdPeriph_Driver\src\stm32f10x_wwdg.c 0x00000000   Number         0  stm32f10x_wwdg.o ABSOLUTE
    LIB\\CMSIS\\CM3\\CoreSupport\\core_cm3.c 0x00000000   Number         0  core_cm3.o ABSOLUTE
    LIB\\STM32F10x_StdPeriph_Driver\\src\\misc.c 0x00000000   Number         0  misc.o ABSOLUTE
    LIB\\STM32F10x_StdPeriph_Driver\\src\\stm32f10x_adc.c 0x00000000   Number         0  stm32f10x_adc.o ABSOLUTE
    LIB\\STM32F10x_StdPeriph_Driver\\src\\stm32f10x_bkp.c 0x00000000   Number         0  stm32f10x_bkp.o ABSOLUTE
    LIB\\STM32F10x_StdPeriph_Driver\\src\\stm32f10x_can.c 0x00000000   Number         0  stm32f10x_can.o ABSOLUTE
    LIB\\STM32F10x_StdPeriph_Driver\\src\\stm32f10x_cec.c 0x00000000   Number         0  stm32f10x_cec.o ABSOLUTE
    LIB\\STM32F10x_StdPeriph_Driver\\src\\stm32f10x_crc.c 0x00000000   Number         0  stm32f10x_crc.o ABSOLUTE
    LIB\\STM32F10x_StdPeriph_Driver\\src\\stm32f10x_dac.c 0x00000000   Number         0  stm32f10x_dac.o ABSOLUTE
    LIB\\STM32F10x_StdPeriph_Driver\\src\\stm32f10x_dbgmcu.c 0x00000000   Number         0  stm32f10x_dbgmcu.o ABSOLUTE
    LIB\\STM32F10x_StdPeriph_Driver\\src\\stm32f10x_dma.c 0x00000000   Number         0  stm32f10x_dma.o ABSOLUTE
    LIB\\STM32F10x_StdPeriph_Driver\\src\\stm32f10x_exti.c 0x00000000   Number         0  stm32f10x_exti.o ABSOLUTE
    LIB\\STM32F10x_StdPeriph_Driver\\src\\stm32f10x_flash.c 0x00000000   Number         0  stm32f10x_flash.o ABSOLUTE
    LIB\\STM32F10x_StdPeriph_Driver\\src\\stm32f10x_fsmc.c 0x00000000   Number         0  stm32f10x_fsmc.o ABSOLUTE
    LIB\\STM32F10x_StdPeriph_Driver\\src\\stm32f10x_gpio.c 0x00000000   Number         0  stm32f10x_gpio.o ABSOLUTE
    LIB\\STM32F10x_StdPeriph_Driver\\src\\stm32f10x_i2c.c 0x00000000   Number         0  stm32f10x_i2c.o ABSOLUTE
    LIB\\STM32F10x_StdPeriph_Driver\\src\\stm32f10x_iwdg.c 0x00000000   Number         0  stm32f10x_iwdg.o ABSOLUTE
    LIB\\STM32F10x_StdPeriph_Driver\\src\\stm32f10x_pwr.c 0x00000000   Number         0  stm32f10x_pwr.o ABSOLUTE
    LIB\\STM32F10x_StdPeriph_Driver\\src\\stm32f10x_rcc.c 0x00000000   Number         0  stm32f10x_rcc.o ABSOLUTE
    LIB\\STM32F10x_StdPeriph_Driver\\src\\stm32f10x_rtc.c 0x00000000   Number         0  stm32f10x_rtc.o ABSOLUTE
    LIB\\STM32F10x_StdPeriph_Driver\\src\\stm32f10x_sdio.c 0x00000000   Number         0  stm32f10x_sdio.o ABSOLUTE
    LIB\\STM32F10x_StdPeriph_Driver\\src\\stm32f10x_spi.c 0x00000000   Number         0  stm32f10x_spi.o ABSOLUTE
    LIB\\STM32F10x_StdPeriph_Driver\\src\\stm32f10x_tim.c 0x00000000   Number         0  stm32f10x_tim.o ABSOLUTE
    LIB\\STM32F10x_StdPeriph_Driver\\src\\stm32f10x_usart.c 0x00000000   Number         0  stm32f10x_usart.o ABSOLUTE
    LIB\\STM32F10x_StdPeriph_Driver\\src\\stm32f10x_wwdg.c 0x00000000   Number         0  stm32f10x_wwdg.o ABSOLUTE
    MPU6050\MPU6050.c                        0x00000000   Number         0  mpu6050.o ABSOLUTE
    MPU6050\STM32_I2C.c                      0x00000000   Number         0  stm32_i2c.o ABSOLUTE
    MPU6050\\MPU6050.c                       0x00000000   Number         0  mpu6050.o ABSOLUTE
    MPU6050\\STM32_I2C.c                     0x00000000   Number         0  stm32_i2c.o ABSOLUTE
    Myproject\BSP_config.c                   0x00000000   Number         0  bsp_config.o ABSOLUTE
    Myproject\\BSP_config.c                  0x00000000   Number         0  bsp_config.o ABSOLUTE
    Myproject\\main.c                        0x00000000   Number         0  main.o ABSOLUTE
    Myproject\\stm32f10x_it.c                0x00000000   Number         0  stm32f10x_it.o ABSOLUTE
    Myproject\\system_stm32f10x.c            0x00000000   Number         0  system_stm32f10x.o ABSOLUTE
    Myproject\main.c                         0x00000000   Number         0  main.o ABSOLUTE
    Myproject\stm32f10x_it.c                 0x00000000   Number         0  stm32f10x_it.o ABSOLUTE
    Myproject\system_stm32f10x.c             0x00000000   Number         0  system_stm32f10x.o ABSOLUTE
    UserAPP\5110Task.c                       0x00000000   Number         0  5110task.o ABSOLUTE
    UserAPP\DebugTask.c                      0x00000000   Number         0  debugtask.o ABSOLUTE
    UserAPP\MPU6050Task.c                    0x00000000   Number         0  mpu6050task.o ABSOLUTE
    UserAPP\UserappConfig.c                  0x00000000   Number         0  userappconfig.o ABSOLUTE
    UserAPP\\5110Task.c                      0x00000000   Number         0  5110task.o ABSOLUTE
    UserAPP\\DebugTask.c                     0x00000000   Number         0  debugtask.o ABSOLUTE
    UserAPP\\MPU6050Task.c                   0x00000000   Number         0  mpu6050task.o ABSOLUTE
    UserAPP\\UserappConfig.c                 0x00000000   Number         0  userappconfig.o ABSOLUTE
    dc.s                                     0x00000000   Number         0  dc.o ABSOLUTE
    ucos\\config\\app_cfg.c                  0x00000000   Number         0  app_cfg.o ABSOLUTE
    ucos\config\app_cfg.c                    0x00000000   Number         0  app_cfg.o ABSOLUTE
    ucos\config\os_cpu_a.asm                 0x00000000   Number         0  os_cpu_a.o ABSOLUTE
    ucos\config\os_cpu_c.c                   0x00000000   Number         0  os_cpu_c.o ABSOLUTE
    ucos\config\os_dbg.c                     0x00000000   Number         0  os_dbg.o ABSOLUTE
    ucos\soc\os_core.c                       0x00000000   Number         0  os_core.o ABSOLUTE
    ucos\soc\os_flag.c                       0x00000000   Number         0  os_flag.o ABSOLUTE
    ucos\soc\os_mbox.c                       0x00000000   Number         0  os_mbox.o ABSOLUTE
    ucos\soc\os_mem.c                        0x00000000   Number         0  os_mem.o ABSOLUTE
    ucos\soc\os_mutex.c                      0x00000000   Number         0  os_mutex.o ABSOLUTE
    ucos\soc\os_q.c                          0x00000000   Number         0  os_q.o ABSOLUTE
    ucos\soc\os_sem.c                        0x00000000   Number         0  os_sem.o ABSOLUTE
    ucos\soc\os_task.c                       0x00000000   Number         0  os_task.o ABSOLUTE
    ucos\soc\os_time.c                       0x00000000   Number         0  os_time.o ABSOLUTE
    ucos\soc\os_tmr.c                        0x00000000   Number         0  os_tmr.o ABSOLUTE
    RESET                                    0x08000000   Section      304  startup_stm32f10x_hd.o(RESET)
    !!!main                                  0x08000130   Section        8  __main.o(!!!main)
    !!!scatter                               0x08000138   Section       52  __scatter.o(!!!scatter)
    !!handler_copy                           0x0800016c   Section       26  __scatter_copy.o(!!handler_copy)
    !!handler_zi                             0x08000188   Section       28  __scatter_zi.o(!!handler_zi)
    .ARM.Collect$$libinit$$00000000          0x080001a4   Section        2  libinit.o(.ARM.Collect$$libinit$$00000000)
    .ARM.Collect$$libinit$$00000002          0x080001a6   Section        0  libinit2.o(.ARM.Collect$$libinit$$00000002)
    .ARM.Collect$$libinit$$00000008          0x080001a6   Section        0  libinit2.o(.ARM.Collect$$libinit$$00000008)
    .ARM.Collect$$libinit$$0000000A          0x080001a6   Section        0  libinit2.o(.ARM.Collect$$libinit$$0000000A)
    .ARM.Collect$$libinit$$0000000C          0x080001a6   Section        0  libinit2.o(.ARM.Collect$$libinit$$0000000C)
    .ARM.Collect$$libinit$$0000000F          0x080001a6   Section        0  libinit2.o(.ARM.Collect$$libinit$$0000000F)
    .ARM.Collect$$libinit$$00000011          0x080001a6   Section        0  libinit2.o(.ARM.Collect$$libinit$$00000011)
    .ARM.Collect$$libinit$$00000013          0x080001a6   Section        0  libinit2.o(.ARM.Collect$$libinit$$00000013)
    .ARM.Collect$$libinit$$00000015          0x080001a6   Section        0  libinit2.o(.ARM.Collect$$libinit$$00000015)
    .ARM.Collect$$libinit$$00000017          0x080001a6   Section        0  libinit2.o(.ARM.Collect$$libinit$$00000017)
    .ARM.Collect$$libinit$$00000019          0x080001a6   Section        0  libinit2.o(.ARM.Collect$$libinit$$00000019)
    .ARM.Collect$$libinit$$0000001B          0x080001a6   Section        0  libinit2.o(.ARM.Collect$$libinit$$0000001B)
    .ARM.Collect$$libinit$$0000001D          0x080001a6   Section        0  libinit2.o(.ARM.Collect$$libinit$$0000001D)
    .ARM.Collect$$libinit$$0000001F          0x080001a6   Section        0  libinit2.o(.ARM.Collect$$libinit$$0000001F)
    .ARM.Collect$$libinit$$00000021          0x080001a6   Section        0  libinit2.o(.ARM.Collect$$libinit$$00000021)
    .ARM.Collect$$libinit$$00000023          0x080001a6   Section        0  libinit2.o(.ARM.Collect$$libinit$$00000023)
    .ARM.Collect$$libinit$$0000002A          0x080001a6   Section        0  libinit2.o(.ARM.Collect$$libinit$$0000002A)
    .ARM.Collect$$libinit$$0000002C          0x080001a6   Section        0  libinit2.o(.ARM.Collect$$libinit$$0000002C)
    .ARM.Collect$$libinit$$0000002E          0x080001a6   Section        0  libinit2.o(.ARM.Collect$$libinit$$0000002E)
    .ARM.Collect$$libinit$$00000030          0x080001a6   Section        0  libinit2.o(.ARM.Collect$$libinit$$00000030)
    .ARM.Collect$$libinit$$00000031          0x080001a6   Section        2  libinit2.o(.ARM.Collect$$libinit$$00000031)
    .ARM.Collect$$libshutdown$$00000000      0x080001a8   Section        2  libshutdown.o(.ARM.Collect$$libshutdown$$00000000)
    .ARM.Collect$$libshutdown$$00000003      0x080001aa   Section        0  libshutdown2.o(.ARM.Collect$$libshutdown$$00000003)
    .ARM.Collect$$libshutdown$$00000006      0x080001aa   Section        0  libshutdown2.o(.ARM.Collect$$libshutdown$$00000006)
    .ARM.Collect$$libshutdown$$00000009      0x080001aa   Section        0  libshutdown2.o(.ARM.Collect$$libshutdown$$00000009)
    .ARM.Collect$$libshutdown$$0000000B      0x080001aa   Section        0  libshutdown2.o(.ARM.Collect$$libshutdown$$0000000B)
    .ARM.Collect$$libshutdown$$0000000E      0x080001aa   Section        0  libshutdown2.o(.ARM.Collect$$libshutdown$$0000000E)
    .ARM.Collect$$libshutdown$$0000000F      0x080001aa   Section        2  libshutdown2.o(.ARM.Collect$$libshutdown$$0000000F)
    .ARM.Collect$$rtentry$$00000000          0x080001ac   Section        0  rtentry.o(.ARM.Collect$$rtentry$$00000000)
    .ARM.Collect$$rtentry$$00000002          0x080001ac   Section        0  rtentry2.o(.ARM.Collect$$rtentry$$00000002)
    .ARM.Collect$$rtentry$$00000004          0x080001ac   Section        6  rtentry4.o(.ARM.Collect$$rtentry$$00000004)
    .ARM.Collect$$rtentry$$00000009          0x080001b2   Section        0  rtentry2.o(.ARM.Collect$$rtentry$$00000009)
    .ARM.Collect$$rtentry$$0000000A          0x080001b2   Section        4  rtentry2.o(.ARM.Collect$$rtentry$$0000000A)
    .ARM.Collect$$rtentry$$0000000C          0x080001b6   Section        0  rtentry2.o(.ARM.Collect$$rtentry$$0000000C)
    .ARM.Collect$$rtentry$$0000000D          0x080001b6   Section        8  rtentry2.o(.ARM.Collect$$rtentry$$0000000D)
    .ARM.Collect$$rtexit$$00000000           0x080001be   Section        2  rtexit.o(.ARM.Collect$$rtexit$$00000000)
    .ARM.Collect$$rtexit$$00000002           0x080001c0   Section        0  rtexit2.o(.ARM.Collect$$rtexit$$00000002)
    .ARM.Collect$$rtexit$$00000003           0x080001c0   Section        4  rtexit2.o(.ARM.Collect$$rtexit$$00000003)
    .ARM.Collect$$rtexit$$00000004           0x080001c4   Section        6  rtexit2.o(.ARM.Collect$$rtexit$$00000004)
    .text                                    0x080001cc   Section       64  startup_stm32f10x_hd.o(.text)
    .text                                    0x0800020c   Section        0  system_stm32f10x.o(.text)
    SetSysClockTo72                          0x0800020d   Thumb Code   212  system_stm32f10x.o(.text)
    SetSysClock                              0x080002e1   Thumb Code     8  system_stm32f10x.o(.text)
    .text                                    0x080003e8   Section        0  misc.o(.text)
    .text                                    0x080004c4   Section        0  stm32f10x_flash.o(.text)
    .text                                    0x08000a80   Section        0  stm32f10x_gpio.o(.text)
    .text                                    0x08000dd8   Section        0  stm32f10x_rcc.o(.text)
    .text                                    0x0800117c   Section        0  stm32f10x_tim.o(.text)
    TI4_Config                               0x08001623   Thumb Code   130  stm32f10x_tim.o(.text)
    TI3_Config                               0x080016b7   Thumb Code   122  stm32f10x_tim.o(.text)
    TI2_Config                               0x0800174b   Thumb Code   130  stm32f10x_tim.o(.text)
    TI1_Config                               0x080017df   Thumb Code   108  stm32f10x_tim.o(.text)
    .text                                    0x08001f98   Section        0  stm32f10x_usart.o(.text)
    .text                                    0x080023a0   Section        0  os_dbg.o(.text)
    .text                                    0x080024b4   Section        0  os_cpu_c.o(.text)
    .text                                    0x080025f8   Section      164  os_cpu_a.o(.text)
    .text                                    0x0800269c   Section        0  app_cfg.o(.text)
    .text                                    0x080026ac   Section        0  os_core.o(.text)
    OS_SchedNew                              0x080027f5   Thumb Code    26  os_core.o(.text)
    OS_InitTaskStat                          0x08002bdb   Thumb Code    52  os_core.o(.text)
    OS_InitTaskIdle                          0x08002c2f   Thumb Code    52  os_core.o(.text)
    OS_InitEventList                         0x08002c75   Thumb Code    70  os_core.o(.text)
    OS_InitTCBList                           0x08002cbb   Thumb Code    88  os_core.o(.text)
    OS_InitRdyList                           0x08002d13   Thumb Code    46  os_core.o(.text)
    OS_InitMisc                              0x08002d41   Thumb Code    44  os_core.o(.text)
    .text                                    0x08003320   Section        0  os_task.o(.text)
    .text                                    0x08003af4   Section        0  os_time.o(.text)
    .text                                    0x08003cb8   Section        0  stm32f10x_it.o(.text)
    .text                                    0x08003de4   Section        0  bsp_config.o(.text)
    .text                                    0x0800405c   Section        0  main.o(.text)
    .text                                    0x0800409c   Section        0  driverconfig.o(.text)
    .text                                    0x080040a4   Section        0  rs232.o(.text)
    .text                                    0x080044ac   Section        0  userappconfig.o(.text)
    .text                                    0x08004504   Section        0  debugtask.o(.text)
    .text                                    0x08004514   Section        0  heapauxi.o(.text)
    .text                                    0x0800451a   Section       74  sys_stackheap_outer.o(.text)
    .text                                    0x08004564   Section        0  exit.o(.text)
    .text                                    0x08004570   Section        8  libspace.o(.text)
    .text                                    0x08004578   Section        0  sys_exit.o(.text)
    .text                                    0x08004584   Section        2  use_no_semi.o(.text)
    .text                                    0x08004586   Section        0  indicate_semi.o(.text)
    .constdata                               0x08004588   Section       94  os_dbg.o(.constdata)
    .constdata                               0x080045e6   Section      256  os_core.o(.constdata)
    .constdata                               0x080046e8   Section      497  userappconfig.o(.constdata)
    .data                                    0x20000000   Section       20  system_stm32f10x.o(.data)
    .data                                    0x20000014   Section       20  stm32f10x_rcc.o(.data)
    APBAHBPrescTable                         0x20000014   Data          16  stm32f10x_rcc.o(.data)
    ADCPrescTable                            0x20000024   Data           4  stm32f10x_rcc.o(.data)
    .data                                    0x20000028   Section       64  os_core.o(.data)
    .data                                    0x20000068   Section        2  stm32f10x_it.o(.data)
    .data                                    0x2000006c   Section        8  main.o(.data)
    .data                                    0x20000074   Section       10  rs232.o(.data)
    .bss                                     0x20000080   Section     3576  os_core.o(.bss)
    .bss                                     0x20000e78   Section     1024  main.o(.bss)
    STK_MAIN_Manage                          0x20000e78   Data        1024  main.o(.bss)
    .bss                                     0x20001278   Section     1400  rs232.o(.bss)
    .bss                                     0x200017f0   Section     2048  userappconfig.o(.bss)
    STK_DebugTask                            0x200017f0   Data        1024  userappconfig.o(.bss)
    STK_LCD5110Task                          0x20001bf0   Data        1024  userappconfig.o(.bss)
    .bss                                     0x20001ff0   Section       96  libspace.o(.bss)
    HEAP                                     0x20002050   Section      512  startup_stm32f10x_hd.o(HEAP)
    Heap_Mem                                 0x20002050   Data         512  startup_stm32f10x_hd.o(HEAP)
    STACK                                    0x20002250   Section     1024  startup_stm32f10x_hd.o(STACK)
    Stack_Mem                                0x20002250   Data        1024  startup_stm32f10x_hd.o(STACK)
    __initial_sp                             0x20002650   Data           0  startup_stm32f10x_hd.o(STACK)

    Global Symbols

    Symbol Name                              Value     Ov Type        Size  Object(Section)

    BuildAttributes$$THM_ISAv4$P$D$K$B$S$PE$A:L22UL41UL21$X:L11$S22US41US21$IEEE1$IW$USESV6$~STKCKD$USESV7$~SHL$OSPACE$ROPI$EBA8$UX$STANDARDLIB$REQ8$PRES8$EABIv2 0x00000000   Number         0  anon$$obj.o ABSOLUTE
    __ARM_use_no_argv                        0x00000000   Number         0  main.o ABSOLUTE
    __ARM_exceptions_init                     - Undefined Weak Reference
    __alloca_initialize                       - Undefined Weak Reference
    __cpp_initialize__aeabi_                  - Undefined Weak Reference
    __cxa_finalize                            - Undefined Weak Reference
    __rt_locale                               - Undefined Weak Reference
    __sigvec_lookup                           - Undefined Weak Reference
    _atexit_init                              - Undefined Weak Reference
    _call_atexit_fns                          - Undefined Weak Reference
    _clock_init                               - Undefined Weak Reference
    _fp_trap_init                             - Undefined Weak Reference
    _fp_trap_shutdown                         - Undefined Weak Reference
    _get_lc_collate                           - Undefined Weak Reference
    _get_lc_ctype                             - Undefined Weak Reference
    _get_lc_monetary                          - Undefined Weak Reference
    _get_lc_numeric                           - Undefined Weak Reference
    _get_lc_time                              - Undefined Weak Reference
    _getenv_init                              - Undefined Weak Reference
    _handle_redirection                       - Undefined Weak Reference
    _init_alloc                               - Undefined Weak Reference
    _init_user_alloc                          - Undefined Weak Reference
    _initio                                   - Undefined Weak Reference
    _rand_init                                - Undefined Weak Reference
    _signal_finish                            - Undefined Weak Reference
    _signal_init                              - Undefined Weak Reference
    _terminate_alloc                          - Undefined Weak Reference
    _terminate_user_alloc                     - Undefined Weak Reference
    _terminateio                              - Undefined Weak Reference
    __Vectors_Size                           0x00000130   Number         0  startup_stm32f10x_hd.o ABSOLUTE
    __Vectors                                0x08000000   Data           4  startup_stm32f10x_hd.o(RESET)
    __Vectors_End                            0x08000130   Data           0  startup_stm32f10x_hd.o(RESET)
    __main                                   0x08000131   Thumb Code     8  __main.o(!!!main)
    __scatterload                            0x08000139   Thumb Code     0  __scatter.o(!!!scatter)
    __scatterload_rt2                        0x08000139   Thumb Code    44  __scatter.o(!!!scatter)
    __scatterload_rt2_thumb_only             0x08000139   Thumb Code     0  __scatter.o(!!!scatter)
    __scatterload_null                       0x08000147   Thumb Code     0  __scatter.o(!!!scatter)
    __scatterload_copy                       0x0800016d   Thumb Code    26  __scatter_copy.o(!!handler_copy)
    __scatterload_zeroinit                   0x08000189   Thumb Code    28  __scatter_zi.o(!!handler_zi)
    __rt_lib_init                            0x080001a5   Thumb Code     0  libinit.o(.ARM.Collect$$libinit$$00000000)
    __rt_lib_init_alloca_1                   0x080001a7   Thumb Code     0  libinit2.o(.ARM.Collect$$libinit$$0000002C)
    __rt_lib_init_argv_1                     0x080001a7   Thumb Code     0  libinit2.o(.ARM.Collect$$libinit$$0000002A)
    __rt_lib_init_atexit_1                   0x080001a7   Thumb Code     0  libinit2.o(.ARM.Collect$$libinit$$00000019)
    __rt_lib_init_clock_1                    0x080001a7   Thumb Code     0  libinit2.o(.ARM.Collect$$libinit$$0000001F)
    __rt_lib_init_cpp_1                      0x080001a7   Thumb Code     0  libinit2.o(.ARM.Collect$$libinit$$00000030)
    __rt_lib_init_exceptions_1               0x080001a7   Thumb Code     0  libinit2.o(.ARM.Collect$$libinit$$0000002E)
    __rt_lib_init_fp_1                       0x080001a7   Thumb Code     0  libinit2.o(.ARM.Collect$$libinit$$00000002)
    __rt_lib_init_fp_trap_1                  0x080001a7   Thumb Code     0  libinit2.o(.ARM.Collect$$libinit$$0000001D)
    __rt_lib_init_getenv_1                   0x080001a7   Thumb Code     0  libinit2.o(.ARM.Collect$$libinit$$00000021)
    __rt_lib_init_heap_1                     0x080001a7   Thumb Code     0  libinit2.o(.ARM.Collect$$libinit$$00000008)
    __rt_lib_init_lc_collate_1               0x080001a7   Thumb Code     0  libinit2.o(.ARM.Collect$$libinit$$0000000F)
    __rt_lib_init_lc_ctype_1                 0x080001a7   Thumb Code     0  libinit2.o(.ARM.Collect$$libinit$$00000011)
    __rt_lib_init_lc_monetary_1              0x080001a7   Thumb Code     0  libinit2.o(.ARM.Collect$$libinit$$00000013)
    __rt_lib_init_lc_numeric_1               0x080001a7   Thumb Code     0  libinit2.o(.ARM.Collect$$libinit$$00000015)
    __rt_lib_init_lc_time_1                  0x080001a7   Thumb Code     0  libinit2.o(.ARM.Collect$$libinit$$00000017)
    __rt_lib_init_rand_1                     0x080001a7   Thumb Code     0  libinit2.o(.ARM.Collect$$libinit$$0000000C)
    __rt_lib_init_return                     0x080001a7   Thumb Code     0  libinit2.o(.ARM.Collect$$libinit$$00000031)
    __rt_lib_init_signal_1                   0x080001a7   Thumb Code     0  libinit2.o(.ARM.Collect$$libinit$$0000001B)
    __rt_lib_init_stdio_1                    0x080001a7   Thumb Code     0  libinit2.o(.ARM.Collect$$libinit$$00000023)
    __rt_lib_init_user_alloc_1               0x080001a7   Thumb Code     0  libinit2.o(.ARM.Collect$$libinit$$0000000A)
    __rt_lib_shutdown                        0x080001a9   Thumb Code     0  libshutdown.o(.ARM.Collect$$libshutdown$$00000000)
    __rt_lib_shutdown_fp_trap_1              0x080001ab   Thumb Code     0  libshutdown2.o(.ARM.Collect$$libshutdown$$00000006)
    __rt_lib_shutdown_heap_1                 0x080001ab   Thumb Code     0  libshutdown2.o(.ARM.Collect$$libshutdown$$0000000E)
    __rt_lib_shutdown_return                 0x080001ab   Thumb Code     0  libshutdown2.o(.ARM.Collect$$libshutdown$$0000000F)
    __rt_lib_shutdown_signal_1               0x080001ab   Thumb Code     0  libshutdown2.o(.ARM.Collect$$libshutdown$$00000009)
    __rt_lib_shutdown_stdio_1                0x080001ab   Thumb Code     0  libshutdown2.o(.ARM.Collect$$libshutdown$$00000003)
    __rt_lib_shutdown_user_alloc_1           0x080001ab   Thumb Code     0  libshutdown2.o(.ARM.Collect$$libshutdown$$0000000B)
    __rt_entry                               0x080001ad   Thumb Code     0  rtentry.o(.ARM.Collect$$rtentry$$00000000)
    __rt_entry_presh_1                       0x080001ad   Thumb Code     0  rtentry2.o(.ARM.Collect$$rtentry$$00000002)
    __rt_entry_sh                            0x080001ad   Thumb Code     0  rtentry4.o(.ARM.Collect$$rtentry$$00000004)
    __rt_entry_li                            0x080001b3   Thumb Code     0  rtentry2.o(.ARM.Collect$$rtentry$$0000000A)
    __rt_entry_postsh_1                      0x080001b3   Thumb Code     0  rtentry2.o(.ARM.Collect$$rtentry$$00000009)
    __rt_entry_main                          0x080001b7   Thumb Code     0  rtentry2.o(.ARM.Collect$$rtentry$$0000000D)
    __rt_entry_postli_1                      0x080001b7   Thumb Code     0  rtentry2.o(.ARM.Collect$$rtentry$$0000000C)
    __rt_exit                                0x080001bf   Thumb Code     0  rtexit.o(.ARM.Collect$$rtexit$$00000000)
    __rt_exit_ls                             0x080001c1   Thumb Code     0  rtexit2.o(.ARM.Collect$$rtexit$$00000003)
    __rt_exit_prels_1                        0x080001c1   Thumb Code     0  rtexit2.o(.ARM.Collect$$rtexit$$00000002)
    __rt_exit_exit                           0x080001c5   Thumb Code     0  rtexit2.o(.ARM.Collect$$rtexit$$00000004)
    Reset_Handler                            0x080001cd   Thumb Code     8  startup_stm32f10x_hd.o(.text)
    ADC1_2_IRQHandler                        0x080001e7   Thumb Code     0  startup_stm32f10x_hd.o(.text)
    ADC3_IRQHandler                          0x080001e7   Thumb Code     0  startup_stm32f10x_hd.o(.text)
    CAN1_RX1_IRQHandler                      0x080001e7   Thumb Code     0  startup_stm32f10x_hd.o(.text)
    CAN1_SCE_IRQHandler                      0x080001e7   Thumb Code     0  startup_stm32f10x_hd.o(.text)
    DMA1_Channel1_IRQHandler                 0x080001e7   Thumb Code     0  startup_stm32f10x_hd.o(.text)
    DMA1_Channel2_IRQHandler                 0x080001e7   Thumb Code     0  startup_stm32f10x_hd.o(.text)
    DMA1_Channel3_IRQHandler                 0x080001e7   Thumb Code     0  startup_stm32f10x_hd.o(.text)
    DMA1_Channel4_IRQHandler                 0x080001e7   Thumb Code     0  startup_stm32f10x_hd.o(.text)
    DMA1_Channel5_IRQHandler                 0x080001e7   Thumb Code     0  startup_stm32f10x_hd.o(.text)
    DMA1_Channel6_IRQHandler                 0x080001e7   Thumb Code     0  startup_stm32f10x_hd.o(.text)
    DMA1_Channel7_IRQHandler                 0x080001e7   Thumb Code     0  startup_stm32f10x_hd.o(.text)
    DMA2_Channel1_IRQHandler                 0x080001e7   Thumb Code     0  startup_stm32f10x_hd.o(.text)
    DMA2_Channel2_IRQHandler                 0x080001e7   Thumb Code     0  startup_stm32f10x_hd.o(.text)
    DMA2_Channel3_IRQHandler                 0x080001e7   Thumb Code     0  startup_stm32f10x_hd.o(.text)
    DMA2_Channel4_5_IRQHandler               0x080001e7   Thumb Code     0  startup_stm32f10x_hd.o(.text)
    EXTI0_IRQHandler                         0x080001e7   Thumb Code     0  startup_stm32f10x_hd.o(.text)
    EXTI15_10_IRQHandler                     0x080001e7   Thumb Code     0  startup_stm32f10x_hd.o(.text)
    EXTI1_IRQHandler                         0x080001e7   Thumb Code     0  startup_stm32f10x_hd.o(.text)
    EXTI2_IRQHandler                         0x080001e7   Thumb Code     0  startup_stm32f10x_hd.o(.text)
    EXTI3_IRQHandler                         0x080001e7   Thumb Code     0  startup_stm32f10x_hd.o(.text)
    EXTI4_IRQHandler                         0x080001e7   Thumb Code     0  startup_stm32f10x_hd.o(.text)
    EXTI9_5_IRQHandler                       0x080001e7   Thumb Code     0  startup_stm32f10x_hd.o(.text)
    FLASH_IRQHandler                         0x080001e7   Thumb Code     0  startup_stm32f10x_hd.o(.text)
    FSMC_IRQHandler                          0x080001e7   Thumb Code     0  startup_stm32f10x_hd.o(.text)
    I2C1_ER_IRQHandler                       0x080001e7   Thumb Code     0  startup_stm32f10x_hd.o(.text)
    I2C1_EV_IRQHandler                       0x080001e7   Thumb Code     0  startup_stm32f10x_hd.o(.text)
    I2C2_ER_IRQHandler                       0x080001e7   Thumb Code     0  startup_stm32f10x_hd.o(.text)
    I2C2_EV_IRQHandler                       0x080001e7   Thumb Code     0  startup_stm32f10x_hd.o(.text)
    PVD_IRQHandler                           0x080001e7   Thumb Code     0  startup_stm32f10x_hd.o(.text)
    RCC_IRQHandler                           0x080001e7   Thumb Code     0  startup_stm32f10x_hd.o(.text)
    RTCAlarm_IRQHandler                      0x080001e7   Thumb Code     0  startup_stm32f10x_hd.o(.text)
    RTC_IRQHandler                           0x080001e7   Thumb Code     0  startup_stm32f10x_hd.o(.text)
    SDIO_IRQHandler                          0x080001e7   Thumb Code     0  startup_stm32f10x_hd.o(.text)
    SPI1_IRQHandler                          0x080001e7   Thumb Code     0  startup_stm32f10x_hd.o(.text)
    SPI2_IRQHandler                          0x080001e7   Thumb Code     0  startup_stm32f10x_hd.o(.text)
    SPI3_IRQHandler                          0x080001e7   Thumb Code     0  startup_stm32f10x_hd.o(.text)
    TAMPER_IRQHandler                        0x080001e7   Thumb Code     0  startup_stm32f10x_hd.o(.text)
    TIM1_BRK_IRQHandler                      0x080001e7   Thumb Code     0  startup_stm32f10x_hd.o(.text)
    TIM1_CC_IRQHandler                       0x080001e7   Thumb Code     0  startup_stm32f10x_hd.o(.text)
    TIM1_TRG_COM_IRQHandler                  0x080001e7   Thumb Code     0  startup_stm32f10x_hd.o(.text)
    TIM1_UP_IRQHandler                       0x080001e7   Thumb Code     0  startup_stm32f10x_hd.o(.text)
    TIM3_IRQHandler                          0x080001e7   Thumb Code     0  startup_stm32f10x_hd.o(.text)
    TIM4_IRQHandler                          0x080001e7   Thumb Code     0  startup_stm32f10x_hd.o(.text)
    TIM5_IRQHandler                          0x080001e7   Thumb Code     0  startup_stm32f10x_hd.o(.text)
    TIM6_IRQHandler                          0x080001e7   Thumb Code     0  startup_stm32f10x_hd.o(.text)
    TIM7_IRQHandler                          0x080001e7   Thumb Code     0  startup_stm32f10x_hd.o(.text)
    TIM8_BRK_IRQHandler                      0x080001e7   Thumb Code     0  startup_stm32f10x_hd.o(.text)
    TIM8_CC_IRQHandler                       0x080001e7   Thumb Code     0  startup_stm32f10x_hd.o(.text)
    TIM8_TRG_COM_IRQHandler                  0x080001e7   Thumb Code     0  startup_stm32f10x_hd.o(.text)
    TIM8_UP_IRQHandler                       0x080001e7   Thumb Code     0  startup_stm32f10x_hd.o(.text)
    UART4_IRQHandler                         0x080001e7   Thumb Code     0  startup_stm32f10x_hd.o(.text)
    UART5_IRQHandler                         0x080001e7   Thumb Code     0  startup_stm32f10x_hd.o(.text)
    USART2_IRQHandler                        0x080001e7   Thumb Code     0  startup_stm32f10x_hd.o(.text)
    USART3_IRQHandler                        0x080001e7   Thumb Code     0  startup_stm32f10x_hd.o(.text)
    USBWakeUp_IRQHandler                     0x080001e7   Thumb Code     0  startup_stm32f10x_hd.o(.text)
    USB_HP_CAN1_TX_IRQHandler                0x080001e7   Thumb Code     0  startup_stm32f10x_hd.o(.text)
    USB_LP_CAN1_RX0_IRQHandler               0x080001e7   Thumb Code     0  startup_stm32f10x_hd.o(.text)
    WWDG_IRQHandler                          0x080001e7   Thumb Code     0  startup_stm32f10x_hd.o(.text)
    __user_initial_stackheap                 0x080001e9   Thumb Code     0  startup_stm32f10x_hd.o(.text)
    SystemInit                               0x080002e9   Thumb Code    78  system_stm32f10x.o(.text)
    SystemCoreClockUpdate                    0x08000337   Thumb Code   142  system_stm32f10x.o(.text)
    NVIC_PriorityGroupConfig                 0x080003e9   Thumb Code    10  misc.o(.text)
    NVIC_Init                                0x080003f3   Thumb Code   102  misc.o(.text)
    NVIC_SetVectorTable                      0x08000459   Thumb Code    14  misc.o(.text)
    NVIC_SystemLPConfig                      0x08000467   Thumb Code    34  misc.o(.text)
    SysTick_CLKSourceConfig                  0x08000489   Thumb Code    40  misc.o(.text)
    FLASH_SetLatency                         0x080004c5   Thumb Code    18  stm32f10x_flash.o(.text)
    FLASH_HalfCycleAccessCmd                 0x080004d7   Thumb Code    22  stm32f10x_flash.o(.text)
    FLASH_PrefetchBufferCmd                  0x080004ed   Thumb Code    22  stm32f10x_flash.o(.text)
    FLASH_Unlock                             0x08000503   Thumb Code    12  stm32f10x_flash.o(.text)
    FLASH_UnlockBank1                        0x0800050f   Thumb Code    12  stm32f10x_flash.o(.text)
    FLASH_Lock                               0x0800051b   Thumb Code    14  stm32f10x_flash.o(.text)
    FLASH_LockBank1                          0x08000529   Thumb Code    14  stm32f10x_flash.o(.text)
    FLASH_GetBank1Status                     0x08000537   Thumb Code    48  stm32f10x_flash.o(.text)
    FLASH_WaitForLastOperation               0x08000567   Thumb Code    38  stm32f10x_flash.o(.text)
    FLASH_ErasePage                          0x0800058d   Thumb Code    72  stm32f10x_flash.o(.text)
    FLASH_EraseAllPages                      0x080005d5   Thumb Code    68  stm32f10x_flash.o(.text)
    FLASH_WaitForLastBank1Operation          0x08000619   Thumb Code    38  stm32f10x_flash.o(.text)
    FLASH_EraseAllBank1Pages                 0x0800063f   Thumb Code    68  stm32f10x_flash.o(.text)
    FLASH_GetReadOutProtectionStatus         0x08000683   Thumb Code    20  stm32f10x_flash.o(.text)
    FLASH_EraseOptionBytes                   0x08000697   Thumb Code   150  stm32f10x_flash.o(.text)
    FLASH_ProgramWord                        0x0800072d   Thumb Code   102  stm32f10x_flash.o(.text)
    FLASH_ProgramHalfWord                    0x08000793   Thumb Code    60  stm32f10x_flash.o(.text)
    FLASH_ProgramOptionByteData              0x080007cf   Thumb Code    72  stm32f10x_flash.o(.text)
    FLASH_EnableWriteProtection              0x08000817   Thumb Code   200  stm32f10x_flash.o(.text)
    FLASH_ReadOutProtection                  0x080008df   Thumb Code   156  stm32f10x_flash.o(.text)
    FLASH_UserOptionByteConfig               0x0800097b   Thumb Code    88  stm32f10x_flash.o(.text)
    FLASH_GetUserOptionByte                  0x080009d3   Thumb Code     8  stm32f10x_flash.o(.text)
    FLASH_GetWriteProtectionOptionByte       0x080009db   Thumb Code     6  stm32f10x_flash.o(.text)
    FLASH_GetPrefetchBufferStatus            0x080009e1   Thumb Code    20  stm32f10x_flash.o(.text)
    FLASH_ITConfig                           0x080009f5   Thumb Code    26  stm32f10x_flash.o(.text)
    FLASH_GetFlagStatus                      0x08000a0f   Thumb Code    42  stm32f10x_flash.o(.text)
    FLASH_ClearFlag                          0x08000a39   Thumb Code     6  stm32f10x_flash.o(.text)
    FLASH_GetStatus                          0x08000a3f   Thumb Code    48  stm32f10x_flash.o(.text)
    GPIO_DeInit                              0x08000a81   Thumb Code   172  stm32f10x_gpio.o(.text)
    GPIO_AFIODeInit                          0x08000b2d   Thumb Code    20  stm32f10x_gpio.o(.text)
    GPIO_Init                                0x08000b41   Thumb Code   274  stm32f10x_gpio.o(.text)
    GPIO_StructInit                          0x08000c53   Thumb Code    16  stm32f10x_gpio.o(.text)
    GPIO_ReadInputDataBit                    0x08000c63   Thumb Code    18  stm32f10x_gpio.o(.text)
    GPIO_ReadInputData                       0x08000c75   Thumb Code     8  stm32f10x_gpio.o(.text)
    GPIO_ReadOutputDataBit                   0x08000c7d   Thumb Code    18  stm32f10x_gpio.o(.text)
    GPIO_ReadOutputData                      0x08000c8f   Thumb Code     8  stm32f10x_gpio.o(.text)
    GPIO_SetBits                             0x08000c97   Thumb Code     4  stm32f10x_gpio.o(.text)
    GPIO_ResetBits                           0x08000c9b   Thumb Code     4  stm32f10x_gpio.o(.text)
    GPIO_WriteBit                            0x08000c9f   Thumb Code    10  stm32f10x_gpio.o(.text)
    GPIO_Write                               0x08000ca9   Thumb Code     4  stm32f10x_gpio.o(.text)
    GPIO_PinLockConfig                       0x08000cad   Thumb Code    18  stm32f10x_gpio.o(.text)
    GPIO_EventOutputConfig                   0x08000cbf   Thumb Code    26  stm32f10x_gpio.o(.text)
    GPIO_EventOutputCmd                      0x08000cd9   Thumb Code     6  stm32f10x_gpio.o(.text)
    GPIO_PinRemapConfig                      0x08000cdf   Thumb Code   138  stm32f10x_gpio.o(.text)
    GPIO_EXTILineConfig                      0x08000d69   Thumb Code    66  stm32f10x_gpio.o(.text)
    GPIO_ETH_MediaInterfaceConfig            0x08000dab   Thumb Code     6  stm32f10x_gpio.o(.text)
    RCC_DeInit                               0x08000dd9   Thumb Code    64  stm32f10x_rcc.o(.text)
    RCC_HSEConfig                            0x08000e19   Thumb Code    70  stm32f10x_rcc.o(.text)
    RCC_GetFlagStatus                        0x08000e5f   Thumb Code    56  stm32f10x_rcc.o(.text)
    RCC_WaitForHSEStartUp                    0x08000e97   Thumb Code    56  stm32f10x_rcc.o(.text)
    RCC_AdjustHSICalibrationValue            0x08000ecf   Thumb Code    20  stm32f10x_rcc.o(.text)
    RCC_HSICmd                               0x08000ee3   Thumb Code     6  stm32f10x_rcc.o(.text)
    RCC_PLLConfig                            0x08000ee9   Thumb Code    24  stm32f10x_rcc.o(.text)
    RCC_PLLCmd                               0x08000f01   Thumb Code     6  stm32f10x_rcc.o(.text)
    RCC_SYSCLKConfig                         0x08000f07   Thumb Code    18  stm32f10x_rcc.o(.text)
    RCC_GetSYSCLKSource                      0x08000f19   Thumb Code    10  stm32f10x_rcc.o(.text)
    RCC_HCLKConfig                           0x08000f23   Thumb Code    18  stm32f10x_rcc.o(.text)
    RCC_PCLK1Config                          0x08000f35   Thumb Code    18  stm32f10x_rcc.o(.text)
    RCC_PCLK2Config                          0x08000f47   Thumb Code    20  stm32f10x_rcc.o(.text)
    RCC_ITConfig                             0x08000f5b   Thumb Code    26  stm32f10x_rcc.o(.text)
    RCC_USBCLKConfig                         0x08000f75   Thumb Code     6  stm32f10x_rcc.o(.text)
    RCC_ADCCLKConfig                         0x08000f7b   Thumb Code    18  stm32f10x_rcc.o(.text)
    RCC_LSEConfig                            0x08000f8d   Thumb Code    44  stm32f10x_rcc.o(.text)
    RCC_LSICmd                               0x08000fb9   Thumb Code     6  stm32f10x_rcc.o(.text)
    RCC_RTCCLKConfig                         0x08000fbf   Thumb Code    12  stm32f10x_rcc.o(.text)
    RCC_RTCCLKCmd                            0x08000fcb   Thumb Code     8  stm32f10x_rcc.o(.text)
    RCC_GetClocksFreq                        0x08000fd3   Thumb Code   192  stm32f10x_rcc.o(.text)
    RCC_AHBPeriphClockCmd                    0x08001093   Thumb Code    26  stm32f10x_rcc.o(.text)
    RCC_APB2PeriphClockCmd                   0x080010ad   Thumb Code    26  stm32f10x_rcc.o(.text)
    RCC_APB1PeriphClockCmd                   0x080010c7   Thumb Code    26  stm32f10x_rcc.o(.text)
    RCC_APB2PeriphResetCmd                   0x080010e1   Thumb Code    26  stm32f10x_rcc.o(.text)
    RCC_APB1PeriphResetCmd                   0x080010fb   Thumb Code    26  stm32f10x_rcc.o(.text)
    RCC_BackupResetCmd                       0x08001115   Thumb Code     8  stm32f10x_rcc.o(.text)
    RCC_ClockSecuritySystemCmd               0x0800111d   Thumb Code     6  stm32f10x_rcc.o(.text)
    RCC_MCOConfig                            0x08001123   Thumb Code     6  stm32f10x_rcc.o(.text)
    RCC_ClearFlag                            0x08001129   Thumb Code    14  stm32f10x_rcc.o(.text)
    RCC_GetITStatus                          0x08001137   Thumb Code    20  stm32f10x_rcc.o(.text)
    RCC_ClearITPendingBit                    0x0800114b   Thumb Code     6  stm32f10x_rcc.o(.text)
    TIM_DeInit                               0x0800117d   Thumb Code   424  stm32f10x_tim.o(.text)
    TIM_TimeBaseInit                         0x08001325   Thumb Code   122  stm32f10x_tim.o(.text)
    TIM_OC1Init                              0x0800139f   Thumb Code   132  stm32f10x_tim.o(.text)
    TIM_OC2Init                              0x08001423   Thumb Code   154  stm32f10x_tim.o(.text)
    TIM_OC3Init                              0x080014bd   Thumb Code   150  stm32f10x_tim.o(.text)
    TIM_OC4Init                              0x08001553   Thumb Code   182  stm32f10x_tim.o(.text)
    TIM_SetIC4Prescaler                      0x08001609   Thumb Code    26  stm32f10x_tim.o(.text)
    TIM_SetIC3Prescaler                      0x080016a5   Thumb Code    18  stm32f10x_tim.o(.text)
    TIM_SetIC2Prescaler                      0x08001731   Thumb Code    26  stm32f10x_tim.o(.text)
    TIM_SetIC1Prescaler                      0x080017cd   Thumb Code    18  stm32f10x_tim.o(.text)
    TIM_ICInit                               0x0800184b   Thumb Code   150  stm32f10x_tim.o(.text)
    TIM_PWMIConfig                           0x080018e1   Thumb Code   124  stm32f10x_tim.o(.text)
    TIM_BDTRConfig                           0x0800195d   Thumb Code    32  stm32f10x_tim.o(.text)
    TIM_TimeBaseStructInit                   0x0800197d   Thumb Code    18  stm32f10x_tim.o(.text)
    TIM_OCStructInit                         0x0800198f   Thumb Code    20  stm32f10x_tim.o(.text)
    TIM_ICStructInit                         0x080019a3   Thumb Code    18  stm32f10x_tim.o(.text)
    TIM_BDTRStructInit                       0x080019b5   Thumb Code    40  stm32f10x_tim.o(.text)
    TIM_Cmd                                  0x080019dd   Thumb Code    24  stm32f10x_tim.o(.text)
    TIM_CtrlPWMOutputs                       0x080019f5   Thumb Code    30  stm32f10x_tim.o(.text)
    TIM_ITConfig                             0x08001a13   Thumb Code    18  stm32f10x_tim.o(.text)
    TIM_GenerateEvent                        0x08001a25   Thumb Code     4  stm32f10x_tim.o(.text)
    TIM_DMAConfig                            0x08001a29   Thumb Code    10  stm32f10x_tim.o(.text)
    TIM_DMACmd                               0x08001a33   Thumb Code    18  stm32f10x_tim.o(.text)
    TIM_InternalClockConfig                  0x08001a45   Thumb Code    12  stm32f10x_tim.o(.text)
    TIM_SelectInputTrigger                   0x08001a51   Thumb Code    18  stm32f10x_tim.o(.text)
    TIM_ITRxExternalClockConfig              0x08001a63   Thumb Code    24  stm32f10x_tim.o(.text)
    TIM_TIxExternalClockConfig               0x08001a7b   Thumb Code    62  stm32f10x_tim.o(.text)
    TIM_ETRConfig                            0x08001ab9   Thumb Code    28  stm32f10x_tim.o(.text)
    TIM_ETRClockMode1Config                  0x08001ad5   Thumb Code    54  stm32f10x_tim.o(.text)
    TIM_ETRClockMode2Config                  0x08001b0b   Thumb Code    32  stm32f10x_tim.o(.text)
    TIM_PrescalerConfig                      0x08001b2b   Thumb Code     6  stm32f10x_tim.o(.text)
    TIM_CounterModeConfig                    0x08001b31   Thumb Code    18  stm32f10x_tim.o(.text)
    TIM_EncoderInterfaceConfig               0x08001b43   Thumb Code    66  stm32f10x_tim.o(.text)
    TIM_ForcedOC1Config                      0x08001b85   Thumb Code    18  stm32f10x_tim.o(.text)
    TIM_ForcedOC2Config                      0x08001b97   Thumb Code    26  stm32f10x_tim.o(.text)
    TIM_ForcedOC3Config                      0x08001bb1   Thumb Code    18  stm32f10x_tim.o(.text)
    TIM_ForcedOC4Config                      0x08001bc3   Thumb Code    26  stm32f10x_tim.o(.text)
    TIM_ARRPreloadConfig                     0x08001bdd   Thumb Code    24  stm32f10x_tim.o(.text)
    TIM_SelectCOM                            0x08001bf5   Thumb Code    24  stm32f10x_tim.o(.text)
    TIM_SelectCCDMA                          0x08001c0d   Thumb Code    24  stm32f10x_tim.o(.text)
    TIM_CCPreloadControl                     0x08001c25   Thumb Code    24  stm32f10x_tim.o(.text)
    TIM_OC1PreloadConfig                     0x08001c3d   Thumb Code    18  stm32f10x_tim.o(.text)
    TIM_OC2PreloadConfig                     0x08001c4f   Thumb Code    26  stm32f10x_tim.o(.text)
    TIM_OC3PreloadConfig                     0x08001c69   Thumb Code    18  stm32f10x_tim.o(.text)
    TIM_OC4PreloadConfig                     0x08001c7b   Thumb Code    26  stm32f10x_tim.o(.text)
    TIM_OC1FastConfig                        0x08001c95   Thumb Code    18  stm32f10x_tim.o(.text)
    TIM_OC2FastConfig                        0x08001ca7   Thumb Code    26  stm32f10x_tim.o(.text)
    TIM_OC3FastConfig                        0x08001cc1   Thumb Code    18  stm32f10x_tim.o(.text)
    TIM_OC4FastConfig                        0x08001cd3   Thumb Code    26  stm32f10x_tim.o(.text)
    TIM_ClearOC1Ref                          0x08001ced   Thumb Code    18  stm32f10x_tim.o(.text)
    TIM_ClearOC2Ref                          0x08001cff   Thumb Code    24  stm32f10x_tim.o(.text)
    TIM_ClearOC3Ref                          0x08001d17   Thumb Code    18  stm32f10x_tim.o(.text)
    TIM_ClearOC4Ref                          0x08001d29   Thumb Code    24  stm32f10x_tim.o(.text)
    TIM_OC1PolarityConfig                    0x08001d41   Thumb Code    18  stm32f10x_tim.o(.text)
    TIM_OC1NPolarityConfig                   0x08001d53   Thumb Code    18  stm32f10x_tim.o(.text)
    TIM_OC2PolarityConfig                    0x08001d65   Thumb Code    26  stm32f10x_tim.o(.text)
    TIM_OC2NPolarityConfig                   0x08001d7f   Thumb Code    26  stm32f10x_tim.o(.text)
    TIM_OC3PolarityConfig                    0x08001d99   Thumb Code    26  stm32f10x_tim.o(.text)
    TIM_OC3NPolarityConfig                   0x08001db3   Thumb Code    26  stm32f10x_tim.o(.text)
    TIM_OC4PolarityConfig                    0x08001dcd   Thumb Code    26  stm32f10x_tim.o(.text)
    TIM_CCxCmd                               0x08001de7   Thumb Code    30  stm32f10x_tim.o(.text)
    TIM_CCxNCmd                              0x08001e05   Thumb Code    30  stm32f10x_tim.o(.text)
    TIM_SelectOCxM                           0x08001e23   Thumb Code    82  stm32f10x_tim.o(.text)
    TIM_UpdateDisableConfig                  0x08001e75   Thumb Code    24  stm32f10x_tim.o(.text)
    TIM_UpdateRequestConfig                  0x08001e8d   Thumb Code    24  stm32f10x_tim.o(.text)
    TIM_SelectHallSensor                     0x08001ea5   Thumb Code    24  stm32f10x_tim.o(.text)
    TIM_SelectOnePulseMode                   0x08001ebd   Thumb Code    18  stm32f10x_tim.o(.text)
    TIM_SelectOutputTrigger                  0x08001ecf   Thumb Code    18  stm32f10x_tim.o(.text)
    TIM_SelectSlaveMode                      0x08001ee1   Thumb Code    18  stm32f10x_tim.o(.text)
    TIM_SelectMasterSlaveMode                0x08001ef3   Thumb Code    18  stm32f10x_tim.o(.text)
    TIM_SetCounter                           0x08001f05   Thumb Code     4  stm32f10x_tim.o(.text)
    TIM_SetAutoreload                        0x08001f09   Thumb Code     4  stm32f10x_tim.o(.text)
    TIM_SetCompare1                          0x08001f0d   Thumb Code     4  stm32f10x_tim.o(.text)
    TIM_SetCompare2                          0x08001f11   Thumb Code     4  stm32f10x_tim.o(.text)
    TIM_SetCompare3                          0x08001f15   Thumb Code     4  stm32f10x_tim.o(.text)
    TIM_SetCompare4                          0x08001f19   Thumb Code     6  stm32f10x_tim.o(.text)
    TIM_SetClockDivision                     0x08001f1f   Thumb Code    18  stm32f10x_tim.o(.text)
    TIM_GetCapture1                          0x08001f31   Thumb Code     6  stm32f10x_tim.o(.text)
    TIM_GetCapture2                          0x08001f37   Thumb Code     6  stm32f10x_tim.o(.text)
    TIM_GetCapture3                          0x08001f3d   Thumb Code     6  stm32f10x_tim.o(.text)
    TIM_GetCapture4                          0x08001f43   Thumb Code     8  stm32f10x_tim.o(.text)
    TIM_GetCounter                           0x08001f4b   Thumb Code     6  stm32f10x_tim.o(.text)
    TIM_GetPrescaler                         0x08001f51   Thumb Code     6  stm32f10x_tim.o(.text)
    TIM_GetFlagStatus                        0x08001f57   Thumb Code    18  stm32f10x_tim.o(.text)
    TIM_ClearFlag                            0x08001f69   Thumb Code     6  stm32f10x_tim.o(.text)
    TIM_GetITStatus                          0x08001f6f   Thumb Code    34  stm32f10x_tim.o(.text)
    TIM_ClearITPendingBit                    0x08001f91   Thumb Code     6  stm32f10x_tim.o(.text)
    USART_DeInit                             0x08001f99   Thumb Code   134  stm32f10x_usart.o(.text)
    USART_Init                               0x0800201f   Thumb Code   210  stm32f10x_usart.o(.text)
    USART_StructInit                         0x080020f1   Thumb Code    24  stm32f10x_usart.o(.text)
    USART_ClockInit                          0x08002109   Thumb Code    34  stm32f10x_usart.o(.text)
    USART_ClockStructInit                    0x0800212b   Thumb Code    12  stm32f10x_usart.o(.text)
    USART_Cmd                                0x08002137   Thumb Code    24  stm32f10x_usart.o(.text)
    USART_ITConfig                           0x0800214f   Thumb Code    74  stm32f10x_usart.o(.text)
    USART_DMACmd                             0x08002199   Thumb Code    18  stm32f10x_usart.o(.text)
    USART_SetAddress                         0x080021ab   Thumb Code    18  stm32f10x_usart.o(.text)
    USART_WakeUpConfig                       0x080021bd   Thumb Code    18  stm32f10x_usart.o(.text)
    USART_ReceiverWakeUpCmd                  0x080021cf   Thumb Code    24  stm32f10x_usart.o(.text)
    USART_LINBreakDetectLengthConfig         0x080021e7   Thumb Code    18  stm32f10x_usart.o(.text)
    USART_LINCmd                             0x080021f9   Thumb Code    24  stm32f10x_usart.o(.text)
    USART_SendData                           0x08002211   Thumb Code     8  stm32f10x_usart.o(.text)
    USART_ReceiveData                        0x08002219   Thumb Code    10  stm32f10x_usart.o(.text)
    USART_SendBreak                          0x08002223   Thumb Code    10  stm32f10x_usart.o(.text)
    USART_SetGuardTime                       0x0800222d   Thumb Code    16  stm32f10x_usart.o(.text)
    USART_SetPrescaler                       0x0800223d   Thumb Code    16  stm32f10x_usart.o(.text)
    USART_SmartCardCmd                       0x0800224d   Thumb Code    24  stm32f10x_usart.o(.text)
    USART_SmartCardNACKCmd                   0x08002265   Thumb Code    24  stm32f10x_usart.o(.text)
    USART_HalfDuplexCmd                      0x0800227d   Thumb Code    24  stm32f10x_usart.o(.text)
    USART_OverSampling8Cmd                   0x08002295   Thumb Code    22  stm32f10x_usart.o(.text)
    USART_OneBitMethodCmd                    0x080022ab   Thumb Code    24  stm32f10x_usart.o(.text)
    USART_IrDAConfig                         0x080022c3   Thumb Code    18  stm32f10x_usart.o(.text)
    USART_IrDACmd                            0x080022d5   Thumb Code    24  stm32f10x_usart.o(.text)
    USART_GetFlagStatus                      0x080022ed   Thumb Code    26  stm32f10x_usart.o(.text)
    USART_ClearFlag                          0x08002307   Thumb Code    18  stm32f10x_usart.o(.text)
    USART_GetITStatus                        0x08002319   Thumb Code    84  stm32f10x_usart.o(.text)
    USART_ClearITPendingBit                  0x0800236d   Thumb Code    52  stm32f10x_usart.o(.text)
    OSDebugInit                              0x080023a1   Thumb Code    94  os_dbg.o(.text)
    OSInitHookBegin                          0x080024b5   Thumb Code     2  os_cpu_c.o(.text)
    OSInitHookEnd                            0x080024b7   Thumb Code     2  os_cpu_c.o(.text)
    OSTaskCreateHook                         0x080024b9   Thumb Code    12  os_cpu_c.o(.text)
    OSTaskDelHook                            0x080024c5   Thumb Code    12  os_cpu_c.o(.text)
    OSTaskIdleHook                           0x080024d1   Thumb Code     8  os_cpu_c.o(.text)
    OSTaskStatHook                           0x080024d9   Thumb Code     8  os_cpu_c.o(.text)
    OSTaskStkInit                            0x080024e1   Thumb Code   154  os_cpu_c.o(.text)
    OSTaskSwHook                             0x0800257b   Thumb Code     8  os_cpu_c.o(.text)
    OSTCBInitHook                            0x08002583   Thumb Code    12  os_cpu_c.o(.text)
    OSTimeTickHook                           0x0800258f   Thumb Code     8  os_cpu_c.o(.text)
    OS_CPU_SysTickHandler                    0x08002597   Thumb Code    34  os_cpu_c.o(.text)
    OS_CPU_SysTickInit                       0x080025b9   Thumb Code    56  os_cpu_c.o(.text)
    OS_CPU_SR_Save                           0x080025f9   Thumb Code     0  os_cpu_a.o(.text)
    OS_CPU_SR_Restore                        0x08002601   Thumb Code     0  os_cpu_a.o(.text)
    OSStartHighRdy                           0x08002607   Thumb Code     0  os_cpu_a.o(.text)
    OSCtxSw                                  0x08002627   Thumb Code     0  os_cpu_a.o(.text)
    OSIntCtxSw                               0x08002631   Thumb Code     0  os_cpu_a.o(.text)
    OS_CPU_PendSVHandler                     0x0800263b   Thumb Code     0  os_cpu_a.o(.text)
    OS_CPU_SysTickClkFreq                    0x0800269d   Thumb Code    16  app_cfg.o(.text)
    OS_StrCopy                               0x080026ad   Thumb Code    28  os_core.o(.text)
    OSEventNameGet                           0x080026c9   Thumb Code   100  os_core.o(.text)
    OS_StrLen                                0x0800272d   Thumb Code    20  os_core.o(.text)
    OSEventNameSet                           0x08002741   Thumb Code   120  os_core.o(.text)
    OS_EventTaskRemoveMulti                  0x080027b9   Thumb Code    60  os_core.o(.text)
    OS_Sched                                 0x0800280f   Thumb Code    86  os_core.o(.text)
    OS_EventTaskWaitMulti                    0x08002865   Thumb Code   136  os_core.o(.text)
    OSEventPendMulti                         0x080028ed   Thumb Code   582  os_core.o(.text)
    OS_TaskStatStkChk                        0x08002b33   Thumb Code    54  os_core.o(.text)
    OS_TaskStat                              0x08002b69   Thumb Code   114  os_core.o(.text)
    OS_TaskIdle                              0x08002c0f   Thumb Code    32  os_core.o(.text)
    OS_MemClr                                0x08002c63   Thumb Code    18  os_core.o(.text)
    OSInit                                   0x08002d6d   Thumb Code    40  os_core.o(.text)
    OSIntEnter                               0x08002d95   Thumb Code    28  os_core.o(.text)
    OSIntExit                                0x08002db1   Thumb Code   112  os_core.o(.text)
    OSSchedLock                              0x08002e21   Thumb Code    50  os_core.o(.text)
    OSSchedUnlock                            0x08002e53   Thumb Code    84  os_core.o(.text)
    OSStart                                  0x08002ea7   Thumb Code    48  os_core.o(.text)
    OSStatInit                               0x08002ed7   Thumb Code   204  os_core.o(.text)
    OSTimeTick                               0x08002fa3   Thumb Code   220  os_core.o(.text)
    OSVersion                                0x0800307f   Thumb Code     6  os_core.o(.text)
    OS_Dummy                                 0x08003085   Thumb Code     2  os_core.o(.text)
    OS_EventTaskRemove                       0x08003087   Thumb Code    42  os_core.o(.text)
    OS_EventTaskRdy                          0x080030b1   Thumb Code   132  os_core.o(.text)
    OS_EventTaskWait                         0x08003135   Thumb Code   112  os_core.o(.text)
    OS_EventWaitListInit                     0x080031a5   Thumb Code    28  os_core.o(.text)
    OS_MemCopy                               0x080031c1   Thumb Code    20  os_core.o(.text)
    OS_TCBInit                               0x080031d5   Thumb Code   276  os_core.o(.text)
    OSTaskChangePrio                         0x08003321   Thumb Code   396  os_task.o(.text)
    OSTaskCreate                             0x080034ad   Thumb Code   150  os_task.o(.text)
    OS_TaskStkClr                            0x08003543   Thumb Code    26  os_task.o(.text)
    OSTaskCreateExt                          0x0800355d   Thumb Code   172  os_task.o(.text)
    OSTaskDel                                0x08003609   Thumb Code   346  os_task.o(.text)
    OSTaskDelReq                             0x08003763   Thumb Code   100  os_task.o(.text)
    OSTaskNameGet                            0x080037c7   Thumb Code   116  os_task.o(.text)
    OSTaskNameSet                            0x0800383b   Thumb Code   132  os_task.o(.text)
    OSTaskResume                             0x080038bf   Thumb Code   160  os_task.o(.text)
    OSTaskStkChk                             0x0800395f   Thumb Code   132  os_task.o(.text)
    OSTaskSuspend                            0x080039e3   Thumb Code   152  os_task.o(.text)
    OSTaskQuery                              0x08003a7b   Thumb Code    82  os_task.o(.text)
    App_TaskCreateHook                       0x08003acd   Thumb Code     2  os_task.o(.text)
    App_TaskDelHook                          0x08003acf   Thumb Code     2  os_task.o(.text)
    App_TaskIdleHook                         0x08003ad1   Thumb Code     2  os_task.o(.text)
    App_TaskStatHook                         0x08003ad3   Thumb Code     2  os_task.o(.text)
    App_TaskSwHook                           0x08003ad5   Thumb Code     2  os_task.o(.text)
    App_TCBInitHook                          0x08003ad7   Thumb Code     2  os_task.o(.text)
    App_TimeTickHook                         0x08003ad9   Thumb Code     2  os_task.o(.text)
    OSTimeDly                                0x08003af5   Thumb Code    96  os_time.o(.text)
    OSTimeDlyHMSM                            0x08003b55   Thumb Code   108  os_time.o(.text)
    OSTimeDlyResume                          0x08003bc1   Thumb Code   176  os_time.o(.text)
    OSTimeGet                                0x08003c71   Thumb Code    24  os_time.o(.text)
    OSTimeSet                                0x08003c89   Thumb Code    24  os_time.o(.text)
    NMI_Handler                              0x08003cb9   Thumb Code     2  stm32f10x_it.o(.text)
    HardFault_Handler                        0x08003cbb   Thumb Code     4  stm32f10x_it.o(.text)
    MemManage_Handler                        0x08003cbf   Thumb Code     4  stm32f10x_it.o(.text)
    BusFault_Handler                         0x08003cc3   Thumb Code     4  stm32f10x_it.o(.text)
    UsageFault_Handler                       0x08003cc7   Thumb Code     4  stm32f10x_it.o(.text)
    SVC_Handler                              0x08003ccb   Thumb Code     2  stm32f10x_it.o(.text)
    DebugMon_Handler                         0x08003ccd   Thumb Code     2  stm32f10x_it.o(.text)
    PendSV_Handler                           0x08003ccf   Thumb Code     2  stm32f10x_it.o(.text)
    SysTick_Handler                          0x08003cd1   Thumb Code     8  stm32f10x_it.o(.text)
    TIM2_IRQHandler                          0x08003cd9   Thumb Code   244  stm32f10x_it.o(.text)
    SysTick_Configuration                    0x08003de5   Thumb Code    92  bsp_config.o(.text)
    Timer_Configuration                      0x08003e41   Thumb Code    70  bsp_config.o(.text)
    GPIO_Configuration                       0x08003e87   Thumb Code   134  bsp_config.o(.text)
    NVIC_Configuration                       0x08003f0d   Thumb Code    42  bsp_config.o(.text)
    RCC_Configuration                        0x08003f37   Thumb Code   214  bsp_config.o(.text)
    Bsp_Configuration                        0x0800400d   Thumb Code    28  bsp_config.o(.text)
    ADC_Configuration                        0x08004029   Thumb Code     2  bsp_config.o(.text)
    DMA_Configuration                        0x0800402b   Thumb Code     2  bsp_config.o(.text)
    EXTI_Configuration                       0x0800402d   Thumb Code     2  bsp_config.o(.text)
    WWdg_Configuration                       0x0800402f   Thumb Code     2  bsp_config.o(.text)
    Fetch_Reset_Cause                        0x08004031   Thumb Code     2  bsp_config.o(.text)
    Bsp_RS232_Initialise                     0x08004033   Thumb Code    14  bsp_config.o(.text)
    MainTask                                 0x0800405d   Thumb Code    22  main.o(.text)
    main                                     0x08004073   Thumb Code    28  main.o(.text)
    Delay                                    0x0800408f   Thumb Code    10  main.o(.text)
    DriverInt                                0x0800409d   Thumb Code     8  driverconfig.o(.text)
    RS232_Initialise                         0x080040a5   Thumb Code   204  rs232.o(.text)
    RS232_TX_Count                           0x08004171   Thumb Code    40  rs232.o(.text)
    RS232_RX_Count                           0x08004199   Thumb Code    40  rs232.o(.text)
    RS232_TX_Char                            0x080041c1   Thumb Code    88  rs232.o(.text)
    RS232_RX_Char                            0x08004219   Thumb Code    72  rs232.o(.text)
    RS232_PutChar                            0x08004261   Thumb Code    44  rs232.o(.text)
    RS232_PutHex                             0x0800428d   Thumb Code    92  rs232.o(.text)
    RS232_PutWord                            0x080042e9   Thumb Code    94  rs232.o(.text)
    RS232_PutString                          0x08004347   Thumb Code    34  rs232.o(.text)
    Process_RS232_Receive                    0x08004369   Thumb Code    86  rs232.o(.text)
    USART1_IRQHandler                        0x080043bf   Thumb Code   192  rs232.o(.text)
    AppCreate                                0x080044ad   Thumb Code    72  userappconfig.o(.text)
    DebugTask                                0x08004505   Thumb Code    16  debugtask.o(.text)
    __use_two_region_memory                  0x08004515   Thumb Code     2  heapauxi.o(.text)
    __rt_heap_escrow$2region                 0x08004517   Thumb Code     2  heapauxi.o(.text)
    __rt_heap_expand$2region                 0x08004519   Thumb Code     2  heapauxi.o(.text)
    __user_setup_stackheap                   0x0800451b   Thumb Code    74  sys_stackheap_outer.o(.text)
    exit                                     0x08004565   Thumb Code    12  exit.o(.text)
    __user_libspace                          0x08004571   Thumb Code     8  libspace.o(.text)
    __user_perproc_libspace                  0x08004571   Thumb Code     0  libspace.o(.text)
    __user_perthread_libspace                0x08004571   Thumb Code     0  libspace.o(.text)
    _sys_exit                                0x08004579   Thumb Code     8  sys_exit.o(.text)
    __I$use$semihosting                      0x08004585   Thumb Code     0  use_no_semi.o(.text)
    __use_no_semihosting_swi                 0x08004585   Thumb Code     2  use_no_semi.o(.text)
    __semihosting_library_function           0x08004587   Thumb Code     0  indicate_semi.o(.text)
    OSDebugEn                                0x08004588   Data           2  os_dbg.o(.constdata)
    OSEndiannessTest                         0x0800458c   Data           4  os_dbg.o(.constdata)
    OSEventMax                               0x08004590   Data           2  os_dbg.o(.constdata)
    OSEventNameSize                          0x08004592   Data           2  os_dbg.o(.constdata)
    OSEventEn                                0x08004594   Data           2  os_dbg.o(.constdata)
    OSEventSize                              0x08004596   Data           2  os_dbg.o(.constdata)
    OSEventTblSize                           0x08004598   Data           2  os_dbg.o(.constdata)
    OSFlagEn                                 0x0800459a   Data           2  os_dbg.o(.constdata)
    OSFlagGrpSize                            0x0800459c   Data           2  os_dbg.o(.constdata)
    OSFlagNodeSize                           0x0800459e   Data           2  os_dbg.o(.constdata)
    OSFlagWidth                              0x080045a0   Data           2  os_dbg.o(.constdata)
    OSFlagMax                                0x080045a2   Data           2  os_dbg.o(.constdata)
    OSFlagNameSize                           0x080045a4   Data           2  os_dbg.o(.constdata)
    OSLowestPrio                             0x080045a6   Data           2  os_dbg.o(.constdata)
    OSMboxEn                                 0x080045a8   Data           2  os_dbg.o(.constdata)
    OSMemEn                                  0x080045aa   Data           2  os_dbg.o(.constdata)
    OSMemMax                                 0x080045ac   Data           2  os_dbg.o(.constdata)
    OSMemNameSize                            0x080045ae   Data           2  os_dbg.o(.constdata)
    OSMemSize                                0x080045b0   Data           2  os_dbg.o(.constdata)
    OSMemTblSize                             0x080045b2   Data           2  os_dbg.o(.constdata)
    OSMutexEn                                0x080045b4   Data           2  os_dbg.o(.constdata)
    OSPtrSize                                0x080045b6   Data           2  os_dbg.o(.constdata)
    OSQEn                                    0x080045b8   Data           2  os_dbg.o(.constdata)
    OSQMax                                   0x080045ba   Data           2  os_dbg.o(.constdata)
    OSQSize                                  0x080045bc   Data           2  os_dbg.o(.constdata)
    OSRdyTblSize                             0x080045be   Data           2  os_dbg.o(.constdata)
    OSSemEn                                  0x080045c0   Data           2  os_dbg.o(.constdata)
    OSStkWidth                               0x080045c2   Data           2  os_dbg.o(.constdata)
    OSTaskCreateEn                           0x080045c4   Data           2  os_dbg.o(.constdata)
    OSTaskCreateExtEn                        0x080045c6   Data           2  os_dbg.o(.constdata)
    OSTaskDelEn                              0x080045c8   Data           2  os_dbg.o(.constdata)
    OSTaskIdleStkSize                        0x080045ca   Data           2  os_dbg.o(.constdata)
    OSTaskProfileEn                          0x080045cc   Data           2  os_dbg.o(.constdata)
    OSTaskMax                                0x080045ce   Data           2  os_dbg.o(.constdata)
    OSTaskNameSize                           0x080045d0   Data           2  os_dbg.o(.constdata)
    OSTaskStatEn                             0x080045d2   Data           2  os_dbg.o(.constdata)
    OSTaskStatStkSize                        0x080045d4   Data           2  os_dbg.o(.constdata)
    OSTaskStatStkChkEn                       0x080045d6   Data           2  os_dbg.o(.constdata)
    OSTaskSwHookEn                           0x080045d8   Data           2  os_dbg.o(.constdata)
    OSTCBPrioTblMax                          0x080045da   Data           2  os_dbg.o(.constdata)
    OSTCBSize                                0x080045dc   Data           2  os_dbg.o(.constdata)
    OSTicksPerSec                            0x080045de   Data           2  os_dbg.o(.constdata)
    OSTimeTickHookEn                         0x080045e0   Data           2  os_dbg.o(.constdata)
    OSVersionNbr                             0x080045e2   Data           2  os_dbg.o(.constdata)
    OSDataSize                               0x080045e4   Data           2  os_dbg.o(.constdata)
    OSUnMapTbl                               0x080045e6   Data         256  os_core.o(.constdata)
    Region$$Table$$Base                      0x080048dc   Number         0  anon$$obj.o(Region$$Table)
    Region$$Table$$Limit                     0x080048fc   Number         0  anon$$obj.o(Region$$Table)
    SystemCoreClock                          0x20000000   Data           4  system_stm32f10x.o(.data)
    AHBPrescTable                            0x20000004   Data          16  system_stm32f10x.o(.data)
    OSCtxSwCtr                               0x20000028   Data           4  os_core.o(.data)
    OSEventFreeList                          0x2000002c   Data           4  os_core.o(.data)
    OSCPUUsage                               0x20000030   Data           1  os_core.o(.data)
    OSIdleCtrMax                             0x20000034   Data           4  os_core.o(.data)
    OSIdleCtrRun                             0x20000038   Data           4  os_core.o(.data)
    OSStatRdy                                0x2000003c   Data           1  os_core.o(.data)
    OSIntNesting                             0x2000003d   Data           1  os_core.o(.data)
    OSLockNesting                            0x2000003e   Data           1  os_core.o(.data)
    OSPrioCur                                0x2000003f   Data           1  os_core.o(.data)
    OSPrioHighRdy                            0x20000040   Data           1  os_core.o(.data)
    OSRdyGrp                                 0x20000041   Data           1  os_core.o(.data)
    OSRdyTbl                                 0x20000042   Data           8  os_core.o(.data)
    OSRunning                                0x2000004a   Data           1  os_core.o(.data)
    OSTaskCtr                                0x2000004b   Data           1  os_core.o(.data)
    OSIdleCtr                                0x2000004c   Data           4  os_core.o(.data)
    OSTCBCur                                 0x20000050   Data           4  os_core.o(.data)
    OSTCBFreeList                            0x20000054   Data           4  os_core.o(.data)
    OSTCBHighRdy                             0x20000058   Data           4  os_core.o(.data)
    OSTCBList                                0x2000005c   Data           4  os_core.o(.data)
    OSTickStepState                          0x20000060   Data           1  os_core.o(.data)
    OSTime                                   0x20000064   Data           4  os_core.o(.data)
    flag                                     0x20000068   Data           1  stm32f10x_it.o(.data)
    chose                                    0x20000069   Data           1  stm32f10x_it.o(.data)
    SystemTime_10_ms                         0x2000006c   Data           4  main.o(.data)
    SystemTime_1000_ms                       0x20000070   Data           4  main.o(.data)
    RS232_TX_TailIndex                       0x20000074   Data           2  rs232.o(.data)
    RS232_TX_HeadIndex                       0x20000076   Data           2  rs232.o(.data)
    RS232_RX_TailIndex                       0x20000078   Data           2  rs232.o(.data)
    RS232_RX_HeadIndex                       0x2000007a   Data           2  rs232.o(.data)
    RS232_Receive_Index                      0x2000007c   Data           2  rs232.o(.data)
    OSEventTbl                               0x20000080   Data         360  os_core.o(.bss)
    OSTaskStatStk                            0x200001e8   Data         512  os_core.o(.bss)
    OSTaskIdleStk                            0x200003e8   Data         512  os_core.o(.bss)
    OSTCBPrioTbl                             0x200005e8   Data         256  os_core.o(.bss)
    OSTCBTbl                                 0x200006e8   Data        1936  os_core.o(.bss)
    RS232_TXBuf                              0x20001278   Data        1000  rs232.o(.bss)
    RS232_RXBuf                              0x20001660   Data         100  rs232.o(.bss)
    RS232_RecBuf                             0x200016c4   Data         300  rs232.o(.bss)
    __libspace_start                         0x20001ff0   Data          96  libspace.o(.bss)
    __temporary_stack_top$libspace           0x20002050   Data           0  libspace.o(.bss)



==============================================================================

Memory Map of the image

  Image Entry point : 0x08000131

  Load Region LR_IROM1 (Base: 0x08000000, Size: 0x0000497c, Max: 0x00010000, ABSOLUTE)

    Execution Region ER_IROM1 (Base: 0x08000000, Size: 0x000048fc, Max: 0x00010000, ABSOLUTE)

    Base Addr    Size         Type   Attr      Idx    E Section Name        Object

    0x08000000   0x00000130   Data   RO            3    RESET               startup_stm32f10x_hd.o
    0x08000130   0x00000008   Code   RO         1194  * !!!main             c_w.l(__main.o)
    0x08000138   0x00000034   Code   RO         1348    !!!scatter          c_w.l(__scatter.o)
    0x0800016c   0x0000001a   Code   RO         1350    !!handler_copy      c_w.l(__scatter_copy.o)
    0x08000186   0x00000002   PAD
    0x08000188   0x0000001c   Code   RO         1352    !!handler_zi        c_w.l(__scatter_zi.o)
    0x080001a4   0x00000002   Code   RO         1221    .ARM.Collect$$libinit$$00000000  c_w.l(libinit.o)
    0x080001a6   0x00000000   Code   RO         1228    .ARM.Collect$$libinit$$00000002  c_w.l(libinit2.o)
    0x080001a6   0x00000000   Code   RO         1231    .ARM.Collect$$libinit$$00000008  c_w.l(libinit2.o)
    0x080001a6   0x00000000   Code   RO         1233    .ARM.Collect$$libinit$$0000000A  c_w.l(libinit2.o)
    0x080001a6   0x00000000   Code   RO         1235    .ARM.Collect$$libinit$$0000000C  c_w.l(libinit2.o)
    0x080001a6   0x00000000   Code   RO         1238    .ARM.Collect$$libinit$$0000000F  c_w.l(libinit2.o)
    0x080001a6   0x00000000   Code   RO         1240    .ARM.Collect$$libinit$$00000011  c_w.l(libinit2.o)
    0x080001a6   0x00000000   Code   RO         1242    .ARM.Collect$$libinit$$00000013  c_w.l(libinit2.o)
    0x080001a6   0x00000000   Code   RO         1244    .ARM.Collect$$libinit$$00000015  c_w.l(libinit2.o)
    0x080001a6   0x00000000   Code   RO         1246    .ARM.Collect$$libinit$$00000017  c_w.l(libinit2.o)
    0x080001a6   0x00000000   Code   RO         1248    .ARM.Collect$$libinit$$00000019  c_w.l(libinit2.o)
    0x080001a6   0x00000000   Code   RO         1250    .ARM.Collect$$libinit$$0000001B  c_w.l(libinit2.o)
    0x080001a6   0x00000000   Code   RO         1252    .ARM.Collect$$libinit$$0000001D  c_w.l(libinit2.o)
    0x080001a6   0x00000000   Code   RO         1254    .ARM.Collect$$libinit$$0000001F  c_w.l(libinit2.o)
    0x080001a6   0x00000000   Code   RO         1256    .ARM.Collect$$libinit$$00000021  c_w.l(libinit2.o)
    0x080001a6   0x00000000   Code   RO         1258    .ARM.Collect$$libinit$$00000023  c_w.l(libinit2.o)
    0x080001a6   0x00000000   Code   RO         1262    .ARM.Collect$$libinit$$0000002A  c_w.l(libinit2.o)
    0x080001a6   0x00000000   Code   RO         1264    .ARM.Collect$$libinit$$0000002C  c_w.l(libinit2.o)
    0x080001a6   0x00000000   Code   RO         1266    .ARM.Collect$$libinit$$0000002E  c_w.l(libinit2.o)
    0x080001a6   0x00000000   Code   RO         1268    .ARM.Collect$$libinit$$00000030  c_w.l(libinit2.o)
    0x080001a6   0x00000002   Code   RO         1269    .ARM.Collect$$libinit$$00000031  c_w.l(libinit2.o)
    0x080001a8   0x00000002   Code   RO         1289    .ARM.Collect$$libshutdown$$00000000  c_w.l(libshutdown.o)
    0x080001aa   0x00000000   Code   RO         1303    .ARM.Collect$$libshutdown$$00000003  c_w.l(libshutdown2.o)
    0x080001aa   0x00000000   Code   RO         1306    .ARM.Collect$$libshutdown$$00000006  c_w.l(libshutdown2.o)
    0x080001aa   0x00000000   Code   RO         1309    .ARM.Collect$$libshutdown$$00000009  c_w.l(libshutdown2.o)
    0x080001aa   0x00000000   Code   RO         1311    .ARM.Collect$$libshutdown$$0000000B  c_w.l(libshutdown2.o)
    0x080001aa   0x00000000   Code   RO         1314    .ARM.Collect$$libshutdown$$0000000E  c_w.l(libshutdown2.o)
    0x080001aa   0x00000002   Code   RO         1315    .ARM.Collect$$libshutdown$$0000000F  c_w.l(libshutdown2.o)
    0x080001ac   0x00000000   Code   RO         1196    .ARM.Collect$$rtentry$$00000000  c_w.l(rtentry.o)
    0x080001ac   0x00000000   Code   RO         1198    .ARM.Collect$$rtentry$$00000002  c_w.l(rtentry2.o)
    0x080001ac   0x00000006   Code   RO         1210    .ARM.Collect$$rtentry$$00000004  c_w.l(rtentry4.o)
    0x080001b2   0x00000000   Code   RO         1200    .ARM.Collect$$rtentry$$00000009  c_w.l(rtentry2.o)
    0x080001b2   0x00000004   Code   RO         1201    .ARM.Collect$$rtentry$$0000000A  c_w.l(rtentry2.o)
    0x080001b6   0x00000000   Code   RO         1203    .ARM.Collect$$rtentry$$0000000C  c_w.l(rtentry2.o)
    0x080001b6   0x00000008   Code   RO         1204    .ARM.Collect$$rtentry$$0000000D  c_w.l(rtentry2.o)
    0x080001be   0x00000002   Code   RO         1225    .ARM.Collect$$rtexit$$00000000  c_w.l(rtexit.o)
    0x080001c0   0x00000000   Code   RO         1271    .ARM.Collect$$rtexit$$00000002  c_w.l(rtexit2.o)
    0x080001c0   0x00000004   Code   RO         1272    .ARM.Collect$$rtexit$$00000003  c_w.l(rtexit2.o)
    0x080001c4   0x00000006   Code   RO         1273    .ARM.Collect$$rtexit$$00000004  c_w.l(rtexit2.o)
    0x080001ca   0x00000002   PAD
    0x080001cc   0x00000040   Code   RO            4    .text               startup_stm32f10x_hd.o
    0x0800020c   0x000001dc   Code   RO           26    .text               system_stm32f10x.o
    0x080003e8   0x000000dc   Code   RO          137    .text               misc.o
    0x080004c4   0x000005bc   Code   RO          381    .text               stm32f10x_flash.o
    0x08000a80   0x00000358   Code   RO          421    .text               stm32f10x_gpio.o
    0x08000dd8   0x000003a4   Code   RO          501    .text               stm32f10x_rcc.o
    0x0800117c   0x00000e1a   Code   RO          563    .text               stm32f10x_tim.o
    0x08001f96   0x00000002   PAD
    0x08001f98   0x00000408   Code   RO          583    .text               stm32f10x_usart.o
    0x080023a0   0x00000114   Code   RO          601    .text               os_dbg.o
    0x080024b4   0x00000144   Code   RO          629    .text               os_cpu_c.o
    0x080025f8   0x000000a4   Code   RO          648    .text               os_cpu_a.o
    0x0800269c   0x00000010   Code   RO          653    .text               app_cfg.o
    0x080026ac   0x00000c74   Code   RO          701    .text               os_core.o
    0x08003320   0x000007d4   Code   RO          763    .text               os_task.o
    0x08003af4   0x000001c4   Code   RO          775    .text               os_time.o
    0x08003cb8   0x0000012c   Code   RO          789    .text               stm32f10x_it.o
    0x08003de4   0x00000278   Code   RO          819    .text               bsp_config.o
    0x0800405c   0x00000040   Code   RO          843    .text               main.o
    0x0800409c   0x00000008   Code   RO          883    .text               driverconfig.o
    0x080040a4   0x00000408   Code   RO          910    .text               rs232.o
    0x080044ac   0x00000058   Code   RO         1019    .text               userappconfig.o
    0x08004504   0x00000010   Code   RO         1054    .text               debugtask.o
    0x08004514   0x00000006   Code   RO         1192    .text               c_w.l(heapauxi.o)
    0x0800451a   0x0000004a   Code   RO         1212    .text               c_w.l(sys_stackheap_outer.o)
    0x08004564   0x0000000c   Code   RO         1214    .text               c_w.l(exit.o)
    0x08004570   0x00000008   Code   RO         1222    .text               c_w.l(libspace.o)
    0x08004578   0x0000000c   Code   RO         1281    .text               c_w.l(sys_exit.o)
    0x08004584   0x00000002   Code   RO         1292    .text               c_w.l(use_no_semi.o)
    0x08004586   0x00000000   Code   RO         1294    .text               c_w.l(indicate_semi.o)
    0x08004586   0x00000002   PAD
    0x08004588   0x0000005e   Data   RO          602    .constdata          os_dbg.o
    0x080045e6   0x00000100   Data   RO          703    .constdata          os_core.o
    0x080046e6   0x00000002   PAD
    0x080046e8   0x000001f1   Data   RO         1021    .constdata          userappconfig.o
    0x080048d9   0x00000003   PAD
    0x080048dc   0x00000020   Data   RO         1346    Region$$Table       anon$$obj.o


    Execution Region RW_IRAM1 (Base: 0x20000000, Size: 0x00002650, Max: 0x00005000, ABSOLUTE)

    Base Addr    Size         Type   Attr      Idx    E Section Name        Object

    0x20000000   0x00000014   Data   RW           27    .data               system_stm32f10x.o
    0x20000014   0x00000014   Data   RW          502    .data               stm32f10x_rcc.o
    0x20000028   0x00000040   Data   RW          704    .data               os_core.o
    0x20000068   0x00000002   Data   RW          790    .data               stm32f10x_it.o
    0x2000006a   0x00000002   PAD
    0x2000006c   0x00000008   Data   RW          845    .data               main.o
    0x20000074   0x0000000a   Data   RW          912    .data               rs232.o
    0x2000007e   0x00000002   PAD
    0x20000080   0x00000df8   Zero   RW          702    .bss                os_core.o
    0x20000e78   0x00000400   Zero   RW          844    .bss                main.o
    0x20001278   0x00000578   Zero   RW          911    .bss                rs232.o
    0x200017f0   0x00000800   Zero   RW         1020    .bss                userappconfig.o
    0x20001ff0   0x00000060   Zero   RW         1223    .bss                c_w.l(libspace.o)
    0x20002050   0x00000200   Zero   RW            2    HEAP                startup_stm32f10x_hd.o
    0x20002250   0x00000400   Zero   RW            1    STACK               startup_stm32f10x_hd.o


==============================================================================

Image component sizes


      Code (inc. data)   RO Data    RW Data    ZI Data      Debug   Object Name

        16          0          0          0          0        468   app_cfg.o
       632         28          0          0          0      24422   bsp_config.o
         0          0          0          0          0       4212   core_cm3.o
        16          0          0          0          0        376   debugtask.o
         8          0          0          0          0        372   driverconfig.o
        64          4          0          8       1024       1264   main.o
       220         20          0          0          0       1729   misc.o
      3188        240        256         64       3576      17791   os_core.o
       164         32          0          0          0        248   os_cpu_a.o
       324          8          0          0          0      11514   os_cpu_c.o
       276        182         94          0          0      11253   os_dbg.o
      2004         66          0          0          0       7498   os_task.o
       452         24          0          0          0       1738   os_time.o
      1032         46          0         10       1400       4077   rs232.o
        64         26        304          0       1536        856   startup_stm32f10x_hd.o
      1468         34          0          0          0       7954   stm32f10x_flash.o
       856         40          0          0          0       5569   stm32f10x_gpio.o
       300         24          0          2          0       1699   stm32f10x_it.o
       932         44          0         20          0       8680   stm32f10x_rcc.o
      3610         88          0          0          0      22056   stm32f10x_tim.o
      1032         22          0          0          0       8296   stm32f10x_usart.o
       476         36          0         20          0     254955   system_stm32f10x.o
        88         16        497          0       2048        992   userappconfig.o

    ----------------------------------------------------------------------
     17224        980       1188        128       9584     398019   Object Totals
         0          0         32          0          0          0   (incl. Generated)
         2          0          5          4          0          0   (incl. Padding)

    ----------------------------------------------------------------------

      Code (inc. data)   RO Data    RW Data    ZI Data      Debug   Library Member Name

         8          0          0          0          0         68   __main.o
        52          8          0          0          0          0   __scatter.o
        26          0          0          0          0          0   __scatter_copy.o
        28          0          0          0          0          0   __scatter_zi.o
        12          0          0          0          0         72   exit.o
         6          0          0          0          0        152   heapauxi.o
         0          0          0          0          0          0   indicate_semi.o
         2          0          0          0          0          0   libinit.o
         2          0          0          0          0          0   libinit2.o
         2          0          0          0          0          0   libshutdown.o
         2          0          0          0          0          0   libshutdown2.o
         8          4          0          0         96         68   libspace.o
         0          0          0          0          0          0   rtentry.o
        12          0          0          0          0          0   rtentry2.o
         6          0          0          0          0          0   rtentry4.o
         2          0          0          0          0          0   rtexit.o
        10          0          0          0          0          0   rtexit2.o
        12          4          0          0          0         68   sys_exit.o
        74          0          0          0          0         80   sys_stackheap_outer.o
         2          0          0          0          0         68   use_no_semi.o

    ----------------------------------------------------------------------
       272         16          0          0         96        576   Library Totals
         6          0          0          0          0          0   (incl. Padding)

    ----------------------------------------------------------------------

      Code (inc. data)   RO Data    RW Data    ZI Data      Debug   Library Name

       266         16          0          0         96        576   c_w.l

    ----------------------------------------------------------------------
       272         16          0          0         96        576   Library Totals

    ----------------------------------------------------------------------

==============================================================================


      Code (inc. data)   RO Data    RW Data    ZI Data      Debug   

     17496        996       1188        128       9680     396255   Grand Totals
     17496        996       1188        128       9680     396255   ELF Image Totals
     17496        996       1188        128          0          0   ROM Totals

==============================================================================

    Total RO  Size (Code + RO Data)                18684 (  18.25kB)
    Total RW  Size (RW Data + ZI Data)              9808 (   9.58kB)
    Total ROM Size (Code + RO Data + RW Data)      18812 (  18.37kB)

==============================================================================

