ARM Linker, 5.03 [Build 76] [MDK-ARM Professional]

==============================================================================

Section Cross References

    startup_stm32f10x_hd.o(STACK) refers (Special) to heapauxi.o(.text) for __use_two_region_memory
    startup_stm32f10x_hd.o(HEAP) refers (Special) to heapauxi.o(.text) for __use_two_region_memory
    startup_stm32f10x_hd.o(RESET) refers (Special) to heapauxi.o(.text) for __use_two_region_memory
    startup_stm32f10x_hd.o(RESET) refers to startup_stm32f10x_hd.o(STACK) for __initial_sp
    startup_stm32f10x_hd.o(RESET) refers to startup_stm32f10x_hd.o(.text) for Reset_Handler
    startup_stm32f10x_hd.o(RESET) refers to stm32f10x_it.o(.text) for NMI_Handler
    startup_stm32f10x_hd.o(RESET) refers to os_cpu_a.o(.text) for OS_CPU_PendSVHandler
    startup_stm32f10x_hd.o(RESET) refers to rs232.o(.text) for USART1_IRQHandler
    startup_stm32f10x_hd.o(.text) refers (Special) to heapauxi.o(.text) for __use_two_region_memory
    startup_stm32f10x_hd.o(.text) refers to system_stm32f10x.o(.text) for SystemInit
    startup_stm32f10x_hd.o(.text) refers to __main.o(!!!main) for __main
    startup_stm32f10x_hd.o(.text) refers to startup_stm32f10x_hd.o(HEAP) for Heap_Mem
    startup_stm32f10x_hd.o(.text) refers to startup_stm32f10x_hd.o(STACK) for Stack_Mem
    system_stm32f10x.o(.text) refers to system_stm32f10x.o(.data) for SystemCoreClock
    bsp_config.o(.text) refers to stm32f10x_rcc.o(.text) for RCC_GetClocksFreq
    bsp_config.o(.text) refers to stm32f10x_tim.o(.text) for TIM_TimeBaseStructInit
    bsp_config.o(.text) refers to stm32f10x_gpio.o(.text) for GPIO_Init
    bsp_config.o(.text) refers to misc.o(.text) for NVIC_SetVectorTable
    bsp_config.o(.text) refers to stm32f10x_flash.o(.text) for FLASH_SetLatency
    bsp_config.o(.text) refers to driverconfig.o(.text) for DriverInt
    bsp_config.o(.text) refers to rs232.o(.text) for RS232_Initialise
    main.o(.text) refers to bsp_config.o(.text) for Bsp_Configuration
    main.o(.text) refers to userappconfig.o(.text) for AppCreate
    main.o(.text) refers to os_time.o(.text) for OSTimeDly
    main.o(.text) refers to os_core.o(.text) for OSInit
    main.o(.text) refers to os_task.o(.text) for OSTaskCreate
    main.o(.text) refers to main.o(.bss) for STK_MAIN_Manage
    stm32f10x_it.o(.text) refers to os_cpu_c.o(.text) for OS_CPU_SysTickHandler
    stm32f10x_it.o(.text) refers to stm32f10x_tim.o(.text) for TIM_GetITStatus
    stm32f10x_it.o(.text) refers to os_cpu_a.o(.text) for OS_CPU_SR_Save
    stm32f10x_it.o(.text) refers to leddriver.o(.text) for leds_10ms_deal
    stm32f10x_it.o(.text) refers to os_core.o(.text) for OSIntExit
    stm32f10x_adc.o(.text) refers to stm32f10x_rcc.o(.text) for RCC_APB2PeriphResetCmd
    stm32f10x_bkp.o(.text) refers to stm32f10x_rcc.o(.text) for RCC_BackupResetCmd
    stm32f10x_can.o(.text) refers to stm32f10x_rcc.o(.text) for RCC_APB1PeriphResetCmd
    stm32f10x_cec.o(.text) refers to stm32f10x_rcc.o(.text) for RCC_APB1PeriphResetCmd
    stm32f10x_dac.o(.text) refers to stm32f10x_rcc.o(.text) for RCC_APB1PeriphResetCmd
    stm32f10x_gpio.o(.text) refers to stm32f10x_rcc.o(.text) for RCC_APB2PeriphResetCmd
    stm32f10x_i2c.o(.text) refers to stm32f10x_rcc.o(.text) for RCC_APB1PeriphResetCmd
    stm32f10x_pwr.o(.text) refers to stm32f10x_rcc.o(.text) for RCC_APB1PeriphResetCmd
    stm32f10x_rcc.o(.text) refers to stm32f10x_rcc.o(.data) for APBAHBPrescTable
    stm32f10x_spi.o(.text) refers to stm32f10x_rcc.o(.text) for RCC_APB2PeriphResetCmd
    stm32f10x_tim.o(.text) refers to stm32f10x_rcc.o(.text) for RCC_APB2PeriphResetCmd
    stm32f10x_usart.o(.text) refers to stm32f10x_rcc.o(.text) for RCC_APB2PeriphResetCmd
    stm32f10x_wwdg.o(.text) refers to stm32f10x_rcc.o(.text) for RCC_APB1PeriphResetCmd
    os_dbg.o(.text) refers to os_dbg.o(.constdata) for OSDebugEn
    os_cpu_c.o(.text) refers to os_task.o(.text) for App_TaskCreateHook
    os_cpu_c.o(.text) refers to os_cpu_a.o(.text) for OS_CPU_SR_Save
    os_cpu_c.o(.text) refers to os_core.o(.text) for OSTimeTick
    os_cpu_c.o(.text) refers to app_cfg.o(.text) for OS_CPU_SysTickClkFreq
    os_cpu_c.o(.text) refers to os_core.o(.data) for OSIntNesting
    app_cfg.o(.text) refers to stm32f10x_rcc.o(.text) for RCC_GetClocksFreq
    os_cpu_a.o(.text) refers to os_core.o(.data) for OSRunning
    os_cpu_a.o(.text) refers to os_cpu_c.o(.text) for OSTaskSwHook
    os_core.o(.text) refers to os_cpu_a.o(.text) for OS_CPU_SR_Save
    os_core.o(.text) refers to os_core.o(.data) for OSIntNesting
    os_core.o(.text) refers to os_core.o(.constdata) for OSUnMapTbl
    os_core.o(.text) refers to os_core.o(.bss) for OSTCBPrioTbl
    os_core.o(.text) refers to os_task.o(.text) for OSTaskStkChk
    os_core.o(.text) refers to os_time.o(.text) for OSTimeDly
    os_core.o(.text) refers to os_cpu_c.o(.text) for OSTaskStatHook
    os_core.o(.text) refers to os_dbg.o(.text) for OSDebugInit
[...]
    ..\\lib\\STM32F10x_StdPeriph_Driver\\src\\stm32f10x_dma.c 0x00000000   Number         0  stm32f10x_dma.o ABSOLUTE
    ..\\lib\\STM32F10x_StdPeriph_Driver\\src\\stm32f10x_exti.c 0x00000000   Number         0  stm32f10x_exti.o ABSOLUTE
    ..\\lib\\STM32F10x_StdPeriph_Driver\\src\\stm32f10x_flash.c 0x00000000   Number         0  stm32f10x_flash.o ABSOLUTE
    ..\\lib\\STM32F10x_StdPeriph_Driver\\src\\stm32f10x_fsmc.c 0x00000000   Number         0  stm32f10x_fsmc.o ABSOLUTE
    ..\\lib\\STM32F10x_StdPeriph_Driver\\src\\stm32f10x_gpio.c 0x00000000   Number         0  stm32f10x_gpio.o ABSOLUTE
    ..\\lib\\STM32F10x_StdPeriph_Driver\\src\\stm32f10x_i2c.c 0x00000000   Number         0  stm32f10x_i2c.o ABSOLUTE
    ..\\lib\\STM32F10x_StdPeriph_Driver\\src\\stm32f10x_iwdg.c 0x00000000   Number         0  stm32f10x_iwdg.o ABSOLUTE
    ..\\lib\\STM32F10x_StdPeriph_Driver\\src\\stm32f10x_pwr.c 0x00000000   Number         0  stm32f10x_pwr.o ABSOLUTE
    ..\\lib\\STM32F10x_StdPeriph_Driver\\src\\stm32f10x_rcc.c 0x00000000   Number         0  stm32f10x_rcc.o ABSOLUTE
    ..\\lib\\STM32F10x_StdPeriph_Driver\\src\\stm32f10x_rtc.c 0x00000000   Number         0  stm32f10x_rtc.o ABSOLUTE
    ..\\lib\\STM32F10x_StdPeriph_Driver\\src\\stm32f10x_sdio.c 0x00000000   Number         0  stm32f10x_sdio.o ABSOLUTE
    ..\\lib\\STM32F10x_StdPeriph_Driver\\src\\stm32f10x_spi.c 0x00000000   Number         0  stm32f10x_spi.o ABSOLUTE
    ..\\lib\\STM32F10x_StdPeriph_Driver\\src\\stm32f10x_tim.c 0x00000000   Number         0  stm32f10x_tim.o ABSOLUTE
    ..\\lib\\STM32F10x_StdPeriph_Driver\\src\\stm32f10x_usart.c 0x00000000   Number         0  stm32f10x_usart.o ABSOLUTE
    ..\\lib\\STM32F10x_StdPeriph_Driver\\src\\stm32f10x_wwdg.c 0x00000000   Number         0  stm32f10x_wwdg.o ABSOLUTE
    ..\\system\\BSP_config.c                 0x00000000   Number         0  bsp_config.o ABSOLUTE
    ..\\system\\main.c                       0x00000000   Number         0  main.o ABSOLUTE
    ..\\system\\stm32f10x_it.c               0x00000000   Number         0  stm32f10x_it.o ABSOLUTE
    ..\\system\\system_stm32f10x.c           0x00000000   Number         0  system_stm32f10x.o ABSOLUTE
    ..\\ucos\\config\\app_cfg.c              0x00000000   Number         0  app_cfg.o ABSOLUTE
    ..\\userapp\\DebugTask.c                 0x00000000   Number         0  debugtask.o ABSOLUTE
    ..\\userapp\\UserappConfig.c             0x00000000   Number         0  userappconfig.o ABSOLUTE
    ..\\userdrivers\\5110\\5110Task.c        0x00000000   Number         0  5110task.o ABSOLUTE
    ..\\userdrivers\\5110\\nokia_5110.c      0x00000000   Number         0  nokia_5110.o ABSOLUTE
    ..\\userdrivers\\5883l\\HMC5883l.c       0x00000000   Number         0  hmc5883l.o ABSOLUTE
    ..\\userdrivers\\DriverConfig.c          0x00000000   Number         0  driverconfig.o ABSOLUTE
    ..\\userdrivers\\MPU6050\\MPU6050.c      0x00000000   Number         0  mpu6050.o ABSOLUTE
    ..\\userdrivers\\MPU6050\\MPU6050Task.c  0x00000000   Number         0  mpu6050task.o ABSOLUTE
    ..\\userdrivers\\MPU6050\\STM32_I2C.c    0x00000000   Number         0  stm32_i2c.o ABSOLUTE
    ..\\userdrivers\\NRF24L01\\NRF24l01.c    0x00000000   Number         0  nrf24l01.o ABSOLUTE
    ..\\userdrivers\\RS232.c                 0x00000000   Number         0  rs232.o ABSOLUTE
    ..\\userdrivers\\Spi\\SPI1.c             0x00000000   Number         0  spi1.o ABSOLUTE
    ..\leds\leddriver.c                      0x00000000   Number         0  leddriver.o ABSOLUTE
    ..\leds\ledstask.c                       0x00000000   Number         0  ledstask.o ABSOLUTE
    ..\lib\CMSIS\CM3\CoreSupport\core_cm3.c  0x00000000   Number         0  core_cm3.o ABSOLUTE
    ..\lib\CMSIS\CM3\DeviceSupport\ST\STM32F10x\startup\arm\startup_stm32f10x_hd.s 0x00000000   Number         0  startup_stm32f10x_hd.o ABSOLUTE
    ..\lib\STM32F10x_StdPeriph_Driver\src\misc.c 0x00000000   Number         0  misc.o ABSOLUTE
    ..\lib\STM32F10x_StdPeriph_Driver\src\stm32f10x_adc.c 0x00000000   Number         0  stm32f10x_adc.o ABSOLUTE
    ..\lib\STM32F10x_StdPeriph_Driver\src\stm32f10x_bkp.c 0x00000000   Number         0  stm32f10x_bkp.o ABSOLUTE
    ..\lib\STM32F10x_StdPeriph_Driver\src\stm32f10x_can.c 0x00000000   Number         0  stm32f10x_can.o ABSOLUTE
    ..\lib\STM32F10x_StdPeriph_Driver\src\stm32f10x_cec.c 0x00000000   Number         0  stm32f10x_cec.o ABSOLUTE
    ..\lib\STM32F10x_StdPeriph_Driver\src\stm32f10x_crc.c 0x00000000   Number         0  stm32f10x_crc.o ABSOLUTE
    ..\lib\STM32F10x_StdPeriph_Driver\src\stm32f10x_dac.c 0x00000000   Number         0  stm32f10x_dac.o ABSOLUTE
    ..\lib\STM32F10x_StdPeriph_Driver\src\stm32f10x_dbgmcu.c 0x00000000   Number         0  stm32f10x_dbgmcu.o ABSOLUTE
    ..\lib\STM32F10x_StdPeriph_Driver\src\stm32f10x_dma.c 0x00000000   Number         0  stm32f10x_dma.o ABSOLUTE
    ..\lib\STM32F10x_StdPeriph_Driver\src\stm32f10x_exti.c 0x00000000   Number         0  stm32f10x_exti.o ABSOLUTE
    ..\lib\STM32F10x_StdPeriph_Driver\src\stm32f10x_flash.c 0x00000000   Number         0  stm32f10x_flash.o ABSOLUTE
    ..\lib\STM32F10x_StdPeriph_Driver\src\stm32f10x_fsmc.c 0x00000000   Number         0  stm32f10x_fsmc.o ABSOLUTE
    ..\lib\STM32F10x_StdPeriph_Driver\src\stm32f10x_gpio.c 0x00000000   Number         0  stm32f10x_gpio.o ABSOLUTE
    ..\lib\STM32F10x_StdPeriph_Driver\src\stm32f10x_i2c.c 0x00000000   Number         0  stm32f10x_i2c.o ABSOLUTE
    ..\lib\STM32F10x_StdPeriph_Driver\src\stm32f10x_iwdg.c 0x00000000   Number         0  stm32f10x_iwdg.o ABSOLUTE
    ..\lib\STM32F10x_StdPeriph_Driver\src\stm32f10x_pwr.c 0x00000000   Number         0  stm32f10x_pwr.o ABSOLUTE
    ..\lib\STM32F10x_StdPeriph_Driver\src\stm32f10x_rcc.c 0x00000000   Number         0  stm32f10x_rcc.o ABSOLUTE
    ..\lib\STM32F10x_StdPeriph_Driver\src\stm32f10x_rtc.c 0x00000000   Number         0  stm32f10x_rtc.o ABSOLUTE
    ..\lib\STM32F10x_StdPeriph_Driver\src\stm32f10x_sdio.c 0x00000000   Number         0  stm32f10x_sdio.o ABSOLUTE
    ..\lib\STM32F10x_StdPeriph_Driver\src\stm32f10x_spi.c 0x00000000   Number         0  stm32f10x_spi.o ABSOLUTE
    ..\lib\STM32F10x_StdPeriph_Driver\src\stm32f10x_tim.c 0x00000000   Number         0  stm32f10x_tim.o ABSOLUTE
    ..\lib\STM32F10x_StdPeriph_Driver\src\stm32f10x_usart.c 0x00000000   Number         0  stm32f10x_usart.o ABSOLUTE
    ..\lib\STM32F10x_StdPeriph_Driver\src\stm32f10x_wwdg.c 0x00000000   Number         0  stm32f10x_wwdg.o ABSOLUTE
    ..\system\BSP_config.c                   0x00000000   Number         0  bsp_config.o ABSOLUTE
    ..\system\main.c                         0x00000000   Number         0  main.o ABSOLUTE
    ..\system\stm32f10x_it.c                 0x00000000   Number         0  stm32f10x_it.o ABSOLUTE
    ..\system\system_stm32f10x.c             0x00000000   Number         0  system_stm32f10x.o ABSOLUTE
    ..\ucos\config\app_cfg.c                 0x00000000   Number         0  app_cfg.o ABSOLUTE
    ..\ucos\config\os_cpu_a.asm              0x00000000   Number         0  os_cpu_a.o ABSOLUTE
    ..\ucos\config\os_cpu_c.c                0x00000000   Number         0  os_cpu_c.o ABSOLUTE
    ..\ucos\config\os_dbg.c                  0x00000000   Number         0  os_dbg.o ABSOLUTE
    ..\ucos\soc\os_core.c                    0x00000000   Number         0  os_core.o ABSOLUTE
    ..\ucos\soc\os_flag.c                    0x00000000   Number         0  os_flag.o ABSOLUTE
    ..\ucos\soc\os_mbox.c                    0x00000000   Number         0  os_mbox.o ABSOLUTE
    ..\ucos\soc\os_mem.c                     0x00000000   Number         0  os_mem.o ABSOLUTE
    ..\ucos\soc\os_mutex.c                   0x00000000   Number         0  os_mutex.o ABSOLUTE
    ..\ucos\soc\os_q.c                       0x00000000   Number         0  os_q.o ABSOLUTE
    ..\ucos\soc\os_sem.c                     0x00000000   Number         0  os_sem.o ABSOLUTE
    ..\ucos\soc\os_task.c                    0x00000000   Number         0  os_task.o ABSOLUTE
    ..\ucos\soc\os_time.c                    0x00000000   Number         0  os_time.o ABSOLUTE
    ..\ucos\soc\os_tmr.c                     0x00000000   Number         0  os_tmr.o ABSOLUTE
    ..\userapp\DebugTask.c                   0x00000000   Number         0  debugtask.o ABSOLUTE
    ..\userapp\UserappConfig.c               0x00000000   Number         0  userappconfig.o ABSOLUTE
    ..\userdrivers\5110\5110Task.c           0x00000000   Number         0  5110task.o ABSOLUTE
    ..\userdrivers\5110\nokia_5110.c         0x00000000   Number         0  nokia_5110.o ABSOLUTE
    ..\userdrivers\5883l\HMC5883l.c          0x00000000   Number         0  hmc5883l.o ABSOLUTE
    ..\userdrivers\DriverConfig.c            0x00000000   Number         0  driverconfig.o ABSOLUTE
    ..\userdrivers\MPU6050\MPU6050.c         0x00000000   Number         0  mpu6050.o ABSOLUTE
    ..\userdrivers\MPU6050\MPU6050Task.c     0x00000000   Number         0  mpu6050task.o ABSOLUTE
    ..\userdrivers\MPU6050\STM32_I2C.c       0x00000000   Number         0  stm32_i2c.o ABSOLUTE
    ..\userdrivers\NRF24L01\NRF24l01.c       0x00000000   Number         0  nrf24l01.o ABSOLUTE
    ..\userdrivers\Printf.c                  0x00000000   Number         0  printf.o ABSOLUTE
    ..\userdrivers\RS232.c                   0x00000000   Number         0  rs232.o ABSOLUTE
    ..\userdrivers\Spi\SPI1.c                0x00000000   Number         0  spi1.o ABSOLUTE
    ..\userdrivers\random\random.c           0x00000000   Number         0  random.o ABSOLUTE
    dc.s                                     0x00000000   Number         0  dc.o ABSOLUTE
    RESET                                    0x08000000   Section      304  startup_stm32f10x_hd.o(RESET)
    !!!main                                  0x08000130   Section        8  __main.o(!!!main)
    !!!scatter                               0x08000138   Section       52  __scatter.o(!!!scatter)
    !!handler_copy                           0x0800016c   Section       26  __scatter_copy.o(!!handler_copy)
    !!handler_zi                             0x08000188   Section       28  __scatter_zi.o(!!handler_zi)
    .ARM.Collect$$libinit$$00000000          0x080001a4   Section        2  libinit.o(.ARM.Collect$$libinit$$00000000)
    .ARM.Collect$$libinit$$00000002          0x080001a6   Section        0  libinit2.o(.ARM.Collect$$libinit$$00000002)
    .ARM.Collect$$libinit$$00000008          0x080001a6   Section        0  libinit2.o(.ARM.Collect$$libinit$$00000008)
    .ARM.Collect$$libinit$$0000000A          0x080001a6   Section        0  libinit2.o(.ARM.Collect$$libinit$$0000000A)
    .ARM.Collect$$libinit$$0000000C          0x080001a6   Section        0  libinit2.o(.ARM.Collect$$libinit$$0000000C)
    .ARM.Collect$$libinit$$0000000F          0x080001a6   Section        0  libinit2.o(.ARM.Collect$$libinit$$0000000F)
    .ARM.Collect$$libinit$$00000011          0x080001a6   Section        0  libinit2.o(.ARM.Collect$$libinit$$00000011)
    .ARM.Collect$$libinit$$00000013          0x080001a6   Section        0  libinit2.o(.ARM.Collect$$libinit$$00000013)
    .ARM.Collect$$libinit$$00000015          0x080001a6   Section        0  libinit2.o(.ARM.Collect$$libinit$$00000015)
    .ARM.Collect$$libinit$$00000017          0x080001a6   Section        0  libinit2.o(.ARM.Collect$$libinit$$00000017)
    .ARM.Collect$$libinit$$00000019          0x080001a6   Section        0  libinit2.o(.ARM.Collect$$libinit$$00000019)
    .ARM.Collect$$libinit$$0000001B          0x080001a6   Section        0  libinit2.o(.ARM.Collect$$libinit$$0000001B)
    .ARM.Collect$$libinit$$0000001D          0x080001a6   Section        0  libinit2.o(.ARM.Collect$$libinit$$0000001D)
    .ARM.Collect$$libinit$$0000001F          0x080001a6   Section        0  libinit2.o(.ARM.Collect$$libinit$$0000001F)
    .ARM.Collect$$libinit$$00000021          0x080001a6   Section        0  libinit2.o(.ARM.Collect$$libinit$$00000021)
    .ARM.Collect$$libinit$$00000023          0x080001a6   Section        0  libinit2.o(.ARM.Collect$$libinit$$00000023)
    .ARM.Collect$$libinit$$0000002A          0x080001a6   Section        0  libinit2.o(.ARM.Collect$$libinit$$0000002A)
    .ARM.Collect$$libinit$$0000002C          0x080001a6   Section        0  libinit2.o(.ARM.Collect$$libinit$$0000002C)
    .ARM.Collect$$libinit$$0000002E          0x080001a6   Section        0  libinit2.o(.ARM.Collect$$libinit$$0000002E)
    .ARM.Collect$$libinit$$00000030          0x080001a6   Section        0  libinit2.o(.ARM.Collect$$libinit$$00000030)
    .ARM.Collect$$libinit$$00000031          0x080001a6   Section        2  libinit2.o(.ARM.Collect$$libinit$$00000031)
    .ARM.Collect$$libshutdown$$00000000      0x080001a8   Section        2  libshutdown.o(.ARM.Collect$$libshutdown$$00000000)
    .ARM.Collect$$libshutdown$$00000003      0x080001aa   Section        0  libshutdown2.o(.ARM.Collect$$libshutdown$$00000003)
    .ARM.Collect$$libshutdown$$00000006      0x080001aa   Section        0  libshutdown2.o(.ARM.Collect$$libshutdown$$00000006)
    .ARM.Collect$$libshutdown$$00000009      0x080001aa   Section        0  libshutdown2.o(.ARM.Collect$$libshutdown$$00000009)
    .ARM.Collect$$libshutdown$$0000000B      0x080001aa   Section        0  libshutdown2.o(.ARM.Collect$$libshutdown$$0000000B)
    .ARM.Collect$$libshutdown$$0000000E      0x080001aa   Section        0  libshutdown2.o(.ARM.Collect$$libshutdown$$0000000E)
    .ARM.Collect$$libshutdown$$0000000F      0x080001aa   Section        2  libshutdown2.o(.ARM.Collect$$libshutdown$$0000000F)
    .ARM.Collect$$rtentry$$00000000          0x080001ac   Section        0  rtentry.o(.ARM.Collect$$rtentry$$00000000)
    .ARM.Collect$$rtentry$$00000002          0x080001ac   Section        0  rtentry2.o(.ARM.Collect$$rtentry$$00000002)
    .ARM.Collect$$rtentry$$00000004          0x080001ac   Section        6  rtentry4.o(.ARM.Collect$$rtentry$$00000004)
    .ARM.Collect$$rtentry$$00000009          0x080001b2   Section        0  rtentry2.o(.ARM.Collect$$rtentry$$00000009)
    .ARM.Collect$$rtentry$$0000000A          0x080001b2   Section        4  rtentry2.o(.ARM.Collect$$rtentry$$0000000A)
    .ARM.Collect$$rtentry$$0000000C          0x080001b6   Section        0  rtentry2.o(.ARM.Collect$$rtentry$$0000000C)
    .ARM.Collect$$rtentry$$0000000D          0x080001b6   Section        8  rtentry2.o(.ARM.Collect$$rtentry$$0000000D)
    .ARM.Collect$$rtexit$$00000000           0x080001be   Section        2  rtexit.o(.ARM.Collect$$rtexit$$00000000)
    .ARM.Collect$$rtexit$$00000002           0x080001c0   Section        0  rtexit2.o(.ARM.Collect$$rtexit$$00000002)
    .ARM.Collect$$rtexit$$00000003           0x080001c0   Section        4  rtexit2.o(.ARM.Collect$$rtexit$$00000003)
    .ARM.Collect$$rtexit$$00000004           0x080001c4   Section        6  rtexit2.o(.ARM.Collect$$rtexit$$00000004)
    .text                                    0x080001cc   Section       64  startup_stm32f10x_hd.o(.text)
    .text                                    0x0800020c   Section        0  system_stm32f10x.o(.text)
    SetSysClockTo72                          0x0800020d   Thumb Code   212  system_stm32f10x.o(.text)
    SetSysClock                              0x080002e1   Thumb Code     8  system_stm32f10x.o(.text)
    .text                                    0x080003e8   Section        0  bsp_config.o(.text)
    .text                                    0x0800062c   Section        0  main.o(.text)
    .text                                    0x0800066c   Section        0  stm32f10x_it.o(.text)
    .text                                    0x080006b8   Section        0  misc.o(.text)
    .text                                    0x08000794   Section        0  stm32f10x_flash.o(.text)
    .text                                    0x08000d50   Section        0  stm32f10x_gpio.o(.text)
    .text                                    0x080010a8   Section        0  stm32f10x_rcc.o(.text)
    .text                                    0x0800144c   Section        0  stm32f10x_tim.o(.text)
    TI4_Config                               0x080018f3   Thumb Code   130  stm32f10x_tim.o(.text)
    TI3_Config                               0x08001987   Thumb Code   122  stm32f10x_tim.o(.text)
    TI2_Config                               0x08001a1b   Thumb Code   130  stm32f10x_tim.o(.text)
    TI1_Config                               0x08001aaf   Thumb Code   108  stm32f10x_tim.o(.text)
    .text                                    0x08002268   Section        0  stm32f10x_usart.o(.text)
    .text                                    0x08002670   Section        0  os_dbg.o(.text)
    .text                                    0x08002784   Section        0  os_cpu_c.o(.text)
    .text                                    0x080028c8   Section        0  app_cfg.o(.text)
    .text                                    0x080028d8   Section      164  os_cpu_a.o(.text)
    .text                                    0x0800297c   Section        0  os_core.o(.text)
    OS_SchedNew                              0x08002ac5   Thumb Code    26  os_core.o(.text)
    OS_InitTaskStat                          0x08002eab   Thumb Code    52  os_core.o(.text)
    OS_InitTaskIdle                          0x08002eff   Thumb Code    52  os_core.o(.text)
    OS_InitEventList                         0x08002f45   Thumb Code    70  os_core.o(.text)
    OS_InitTCBList                           0x08002f8b   Thumb Code    88  os_core.o(.text)
    OS_InitRdyList                           0x08002fe3   Thumb Code    46  os_core.o(.text)
    OS_InitMisc                              0x08003011   Thumb Code    44  os_core.o(.text)
    .text                                    0x080035f0   Section        0  os_task.o(.text)
    .text                                    0x08003dc8   Section        0  os_time.o(.text)
    .text                                    0x08003f8c   Section        0  driverconfig.o(.text)
    .text                                    0x08003f94   Section        0  rs232.o(.text)
    .text                                    0x0800439c   Section        0  random.o(.text)
    .text                                    0x080043c0   Section        0  debugtask.o(.text)
    .text                                    0x080043d0   Section        0  userappconfig.o(.text)
    .text                                    0x0800443c   Section        0  leddriver.o(.text)
    .text                                    0x0800490c   Section        0  ledstask.o(.text)
    .text                                    0x08004984   Section        0  heapauxi.o(.text)
    .text                                    0x0800498a   Section       74  sys_stackheap_outer.o(.text)
    .text                                    0x080049d4   Section        0  exit.o(.text)
    .text                                    0x080049e0   Section        8  libspace.o(.text)
    .text                                    0x080049e8   Section        0  sys_exit.o(.text)
    .text                                    0x080049f4   Section        2  use_no_semi.o(.text)
    .text                                    0x080049f6   Section        0  indicate_semi.o(.text)
    .constdata                               0x080049f8   Section       94  os_dbg.o(.constdata)
    .constdata                               0x08004a56   Section      256  os_core.o(.constdata)
    .constdata                               0x08004b58   Section      497  userappconfig.o(.constdata)
    .constdata                               0x08004d49   Section     2300  ledstask.o(.constdata)
    .data                                    0x20000000   Section       20  system_stm32f10x.o(.data)
    .data                                    0x20000014   Section       20  stm32f10x_rcc.o(.data)
    APBAHBPrescTable                         0x20000014   Data          16  stm32f10x_rcc.o(.data)
    ADCPrescTable                            0x20000024   Data           4  stm32f10x_rcc.o(.data)
    .data                                    0x20000028   Section       64  os_core.o(.data)
    .data                                    0x20000068   Section       10  rs232.o(.data)
    .data                                    0x20000072   Section        1  random.o(.data)
    .data                                    0x20000073   Section        1  leddriver.o(.data)
    .data                                    0x20000074   Section      156  ledstask.o(.data)
    .bss                                     0x20000110   Section     1024  main.o(.bss)
    STK_MAIN_Manage                          0x20000110   Data        1024  main.o(.bss)
    .bss                                     0x20000510   Section     3576  os_core.o(.bss)
    .bss                                     0x20001308   Section     1400  rs232.o(.bss)
    .bss                                     0x20001880   Section     2048  userappconfig.o(.bss)
    STK_DebugTask                            0x20001880   Data        1024  userappconfig.o(.bss)
    STK_LedsTask                             0x20001c80   Data        1024  userappconfig.o(.bss)
    .bss                                     0x20002080   Section       10  leddriver.o(.bss)
    .bss                                     0x2000208c   Section       96  libspace.o(.bss)
    HEAP                                     0x200020f0   Section      512  startup_stm32f10x_hd.o(HEAP)
    Heap_Mem                                 0x200020f0   Data         512  startup_stm32f10x_hd.o(HEAP)
    STACK                                    0x200022f0   Section     1024  startup_stm32f10x_hd.o(STACK)
    Stack_Mem                                0x200022f0   Data        1024  startup_stm32f10x_hd.o(STACK)
    __initial_sp                             0x200026f0   Data           0  startup_stm32f10x_hd.o(STACK)

    Global Symbols

    Symbol Name                              Value     Ov Type        Size  Object(Section)

    BuildAttributes$$THM_ISAv4$P$D$K$B$S$PE$A:L22UL41UL21$X:L11$S22US41US21$IEEE1$IW$USESV6$~STKCKD$USESV7$~SHL$OSPACE$ROPI$EBA8$UX$STANDARDLIB$REQ8$PRES8$EABIv2 0x00000000   Number         0  anon$$obj.o ABSOLUTE
    __ARM_use_no_argv                        0x00000000   Number         0  main.o ABSOLUTE
    __ARM_exceptions_init                     - Undefined Weak Reference
    __alloca_initialize                       - Undefined Weak Reference
    __cpp_initialize__aeabi_                  - Undefined Weak Reference
    __cxa_finalize                            - Undefined Weak Reference
    __rt_locale                               - Undefined Weak Reference
    __sigvec_lookup                           - Undefined Weak Reference
    _atexit_init                              - Undefined Weak Reference
    _call_atexit_fns                          - Undefined Weak Reference
    _clock_init                               - Undefined Weak Reference
    _fp_trap_init                             - Undefined Weak Reference
    _fp_trap_shutdown                         - Undefined Weak Reference
    _get_lc_collate                           - Undefined Weak Reference
    _get_lc_ctype                             - Undefined Weak Reference
    _get_lc_monetary                          - Undefined Weak Reference
    _get_lc_numeric                           - Undefined Weak Reference
    _get_lc_time                              - Undefined Weak Reference
    _getenv_init                              - Undefined Weak Reference
    _handle_redirection                       - Undefined Weak Reference
    _init_alloc                               - Undefined Weak Reference
    _init_user_alloc                          - Undefined Weak Reference
    _initio                                   - Undefined Weak Reference
    _rand_init                                - Undefined Weak Reference
    _signal_finish                            - Undefined Weak Reference
    _signal_init                              - Undefined Weak Reference
    _terminate_alloc                          - Undefined Weak Reference
    _terminate_user_alloc                     - Undefined Weak Reference
    _terminateio                              - Undefined Weak Reference
    __Vectors_Size                           0x00000130   Number         0  startup_stm32f10x_hd.o ABSOLUTE
    __Vectors                                0x08000000   Data           4  startup_stm32f10x_hd.o(RESET)
    __Vectors_End                            0x08000130   Data           0  startup_stm32f10x_hd.o(RESET)
    __main                                   0x08000131   Thumb Code     8  __main.o(!!!main)
    __scatterload                            0x08000139   Thumb Code     0  __scatter.o(!!!scatter)
    __scatterload_rt2                        0x08000139   Thumb Code    44  __scatter.o(!!!scatter)
    __scatterload_rt2_thumb_only             0x08000139   Thumb Code     0  __scatter.o(!!!scatter)
    __scatterload_null                       0x08000147   Thumb Code     0  __scatter.o(!!!scatter)
    __scatterload_copy                       0x0800016d   Thumb Code    26  __scatter_copy.o(!!handler_copy)
    __scatterload_zeroinit                   0x08000189   Thumb Code    28  __scatter_zi.o(!!handler_zi)
    __rt_lib_init                            0x080001a5   Thumb Code     0  libinit.o(.ARM.Collect$$libinit$$00000000)
    __rt_lib_init_alloca_1                   0x080001a7   Thumb Code     0  libinit2.o(.ARM.Collect$$libinit$$0000002C)
    __rt_lib_init_argv_1                     0x080001a7   Thumb Code     0  libinit2.o(.ARM.Collect$$libinit$$0000002A)
    __rt_lib_init_atexit_1                   0x080001a7   Thumb Code     0  libinit2.o(.ARM.Collect$$libinit$$00000019)
    __rt_lib_init_clock_1                    0x080001a7   Thumb Code     0  libinit2.o(.ARM.Collect$$libinit$$0000001F)
    __rt_lib_init_cpp_1                      0x080001a7   Thumb Code     0  libinit2.o(.ARM.Collect$$libinit$$00000030)
    __rt_lib_init_exceptions_1               0x080001a7   Thumb Code     0  libinit2.o(.ARM.Collect$$libinit$$0000002E)
    __rt_lib_init_fp_1                       0x080001a7   Thumb Code     0  libinit2.o(.ARM.Collect$$libinit$$00000002)
    __rt_lib_init_fp_trap_1                  0x080001a7   Thumb Code     0  libinit2.o(.ARM.Collect$$libinit$$0000001D)
    __rt_lib_init_getenv_1                   0x080001a7   Thumb Code     0  libinit2.o(.ARM.Collect$$libinit$$00000021)
    __rt_lib_init_heap_1                     0x080001a7   Thumb Code     0  libinit2.o(.ARM.Collect$$libinit$$00000008)
    __rt_lib_init_lc_collate_1               0x080001a7   Thumb Code     0  libinit2.o(.ARM.Collect$$libinit$$0000000F)
    __rt_lib_init_lc_ctype_1                 0x080001a7   Thumb Code     0  libinit2.o(.ARM.Collect$$libinit$$00000011)
    __rt_lib_init_lc_monetary_1              0x080001a7   Thumb Code     0  libinit2.o(.ARM.Collect$$libinit$$00000013)
    __rt_lib_init_lc_numeric_1               0x080001a7   Thumb Code     0  libinit2.o(.ARM.Collect$$libinit$$00000015)
    __rt_lib_init_lc_time_1                  0x080001a7   Thumb Code     0  libinit2.o(.ARM.Collect$$libinit$$00000017)
    __rt_lib_init_rand_1                     0x080001a7   Thumb Code     0  libinit2.o(.ARM.Collect$$libinit$$0000000C)
    __rt_lib_init_return                     0x080001a7   Thumb Code     0  libinit2.o(.ARM.Collect$$libinit$$00000031)
    __rt_lib_init_signal_1                   0x080001a7   Thumb Code     0  libinit2.o(.ARM.Collect$$libinit$$0000001B)
    __rt_lib_init_stdio_1                    0x080001a7   Thumb Code     0  libinit2.o(.ARM.Collect$$libinit$$00000023)
    __rt_lib_init_user_alloc_1               0x080001a7   Thumb Code     0  libinit2.o(.ARM.Collect$$libinit$$0000000A)
    __rt_lib_shutdown                        0x080001a9   Thumb Code     0  libshutdown.o(.ARM.Collect$$libshutdown$$00000000)
    __rt_lib_shutdown_fp_trap_1              0x080001ab   Thumb Code     0  libshutdown2.o(.ARM.Collect$$libshutdown$$00000006)
    __rt_lib_shutdown_heap_1                 0x080001ab   Thumb Code     0  libshutdown2.o(.ARM.Collect$$libshutdown$$0000000E)
    __rt_lib_shutdown_return                 0x080001ab   Thumb Code     0  libshutdown2.o(.ARM.Collect$$libshutdown$$0000000F)
    __rt_lib_shutdown_signal_1               0x080001ab   Thumb Code     0  libshutdown2.o(.ARM.Collect$$libshutdown$$00000009)
    __rt_lib_shutdown_stdio_1                0x080001ab   Thumb Code     0  libshutdown2.o(.ARM.Collect$$libshutdown$$00000003)
    __rt_lib_shutdown_user_alloc_1           0x080001ab   Thumb Code     0  libshutdown2.o(.ARM.Collect$$libshutdown$$0000000B)
    __rt_entry                               0x080001ad   Thumb Code     0  rtentry.o(.ARM.Collect$$rtentry$$00000000)
    __rt_entry_presh_1                       0x080001ad   Thumb Code     0  rtentry2.o(.ARM.Collect$$rtentry$$00000002)
    __rt_entry_sh                            0x080001ad   Thumb Code     0  rtentry4.o(.ARM.Collect$$rtentry$$00000004)
    __rt_entry_li                            0x080001b3   Thumb Code     0  rtentry2.o(.ARM.Collect$$rtentry$$0000000A)
    __rt_entry_postsh_1                      0x080001b3   Thumb Code     0  rtentry2.o(.ARM.Collect$$rtentry$$00000009)
    __rt_entry_main                          0x080001b7   Thumb Code     0  rtentry2.o(.ARM.Collect$$rtentry$$0000000D)
    __rt_entry_postli_1                      0x080001b7   Thumb Code     0  rtentry2.o(.ARM.Collect$$rtentry$$0000000C)
    __rt_exit                                0x080001bf   Thumb Code     0  rtexit.o(.ARM.Collect$$rtexit$$00000000)
    __rt_exit_ls                             0x080001c1   Thumb Code     0  rtexit2.o(.ARM.Collect$$rtexit$$00000003)
    __rt_exit_prels_1                        0x080001c1   Thumb Code     0  rtexit2.o(.ARM.Collect$$rtexit$$00000002)
    __rt_exit_exit                           0x080001c5   Thumb Code     0  rtexit2.o(.ARM.Collect$$rtexit$$00000004)
    Reset_Handler                            0x080001cd   Thumb Code     8  startup_stm32f10x_hd.o(.text)
    ADC1_2_IRQHandler                        0x080001e7   Thumb Code     0  startup_stm32f10x_hd.o(.text)
    ADC3_IRQHandler                          0x080001e7   Thumb Code     0  startup_stm32f10x_hd.o(.text)
    CAN1_RX1_IRQHandler                      0x080001e7   Thumb Code     0  startup_stm32f10x_hd.o(.text)
    CAN1_SCE_IRQHandler                      0x080001e7   Thumb Code     0  startup_stm32f10x_hd.o(.text)
    DMA1_Channel1_IRQHandler                 0x080001e7   Thumb Code     0  startup_stm32f10x_hd.o(.text)
    DMA1_Channel2_IRQHandler                 0x080001e7   Thumb Code     0  startup_stm32f10x_hd.o(.text)
    DMA1_Channel3_IRQHandler                 0x080001e7   Thumb Code     0  startup_stm32f10x_hd.o(.text)
    DMA1_Channel4_IRQHandler                 0x080001e7   Thumb Code     0  startup_stm32f10x_hd.o(.text)
    DMA1_Channel5_IRQHandler                 0x080001e7   Thumb Code     0  startup_stm32f10x_hd.o(.text)
    DMA1_Channel6_IRQHandler                 0x080001e7   Thumb Code     0  startup_stm32f10x_hd.o(.text)
    DMA1_Channel7_IRQHandler                 0x080001e7   Thumb Code     0  startup_stm32f10x_hd.o(.text)
    DMA2_Channel1_IRQHandler                 0x080001e7   Thumb Code     0  startup_stm32f10x_hd.o(.text)
    DMA2_Channel2_IRQHandler                 0x080001e7   Thumb Code     0  startup_stm32f10x_hd.o(.text)
    DMA2_Channel3_IRQHandler                 0x080001e7   Thumb Code     0  startup_stm32f10x_hd.o(.text)
    DMA2_Channel4_5_IRQHandler               0x080001e7   Thumb Code     0  startup_stm32f10x_hd.o(.text)
    EXTI0_IRQHandler                         0x080001e7   Thumb Code     0  startup_stm32f10x_hd.o(.text)
    EXTI15_10_IRQHandler                     0x080001e7   Thumb Code     0  startup_stm32f10x_hd.o(.text)
    EXTI1_IRQHandler                         0x080001e7   Thumb Code     0  startup_stm32f10x_hd.o(.text)
    EXTI2_IRQHandler                         0x080001e7   Thumb Code     0  startup_stm32f10x_hd.o(.text)
    EXTI3_IRQHandler                         0x080001e7   Thumb Code     0  startup_stm32f10x_hd.o(.text)
    EXTI4_IRQHandler                         0x080001e7   Thumb Code     0  startup_stm32f10x_hd.o(.text)
    EXTI9_5_IRQHandler                       0x080001e7   Thumb Code     0  startup_stm32f10x_hd.o(.text)
    FLASH_IRQHandler                         0x080001e7   Thumb Code     0  startup_stm32f10x_hd.o(.text)
    FSMC_IRQHandler                          0x080001e7   Thumb Code     0  startup_stm32f10x_hd.o(.text)
    I2C1_ER_IRQHandler                       0x080001e7   Thumb Code     0  startup_stm32f10x_hd.o(.text)
    I2C1_EV_IRQHandler                       0x080001e7   Thumb Code     0  startup_stm32f10x_hd.o(.text)
    I2C2_ER_IRQHandler                       0x080001e7   Thumb Code     0  startup_stm32f10x_hd.o(.text)
    I2C2_EV_IRQHandler                       0x080001e7   Thumb Code     0  startup_stm32f10x_hd.o(.text)
    PVD_IRQHandler                           0x080001e7   Thumb Code     0  startup_stm32f10x_hd.o(.text)
    RCC_IRQHandler                           0x080001e7   Thumb Code     0  startup_stm32f10x_hd.o(.text)
    RTCAlarm_IRQHandler                      0x080001e7   Thumb Code     0  startup_stm32f10x_hd.o(.text)
    RTC_IRQHandler                           0x080001e7   Thumb Code     0  startup_stm32f10x_hd.o(.text)
    SDIO_IRQHandler                          0x080001e7   Thumb Code     0  startup_stm32f10x_hd.o(.text)
    SPI1_IRQHandler                          0x080001e7   Thumb Code     0  startup_stm32f10x_hd.o(.text)
    SPI2_IRQHandler                          0x080001e7   Thumb Code     0  startup_stm32f10x_hd.o(.text)
    SPI3_IRQHandler                          0x080001e7   Thumb Code     0  startup_stm32f10x_hd.o(.text)
    TAMPER_IRQHandler                        0x080001e7   Thumb Code     0  startup_stm32f10x_hd.o(.text)
    TIM1_BRK_IRQHandler                      0x080001e7   Thumb Code     0  startup_stm32f10x_hd.o(.text)
    TIM1_CC_IRQHandler                       0x080001e7   Thumb Code     0  startup_stm32f10x_hd.o(.text)
    TIM1_TRG_COM_IRQHandler                  0x080001e7   Thumb Code     0  startup_stm32f10x_hd.o(.text)
    TIM1_UP_IRQHandler                       0x080001e7   Thumb Code     0  startup_stm32f10x_hd.o(.text)
    TIM3_IRQHandler                          0x080001e7   Thumb Code     0  startup_stm32f10x_hd.o(.text)
    TIM4_IRQHandler                          0x080001e7   Thumb Code     0  startup_stm32f10x_hd.o(.text)
    TIM5_IRQHandler                          0x080001e7   Thumb Code     0  startup_stm32f10x_hd.o(.text)
    TIM6_IRQHandler                          0x080001e7   Thumb Code     0  startup_stm32f10x_hd.o(.text)
    TIM7_IRQHandler                          0x080001e7   Thumb Code     0  startup_stm32f10x_hd.o(.text)
    TIM8_BRK_IRQHandler                      0x080001e7   Thumb Code     0  startup_stm32f10x_hd.o(.text)
    TIM8_CC_IRQHandler                       0x080001e7   Thumb Code     0  startup_stm32f10x_hd.o(.text)
    TIM8_TRG_COM_IRQHandler                  0x080001e7   Thumb Code     0  startup_stm32f10x_hd.o(.text)
    TIM8_UP_IRQHandler                       0x080001e7   Thumb Code     0  startup_stm32f10x_hd.o(.text)
    UART4_IRQHandler                         0x080001e7   Thumb Code     0  startup_stm32f10x_hd.o(.text)
    UART5_IRQHandler                         0x080001e7   Thumb Code     0  startup_stm32f10x_hd.o(.text)
    USART2_IRQHandler                        0x080001e7   Thumb Code     0  startup_stm32f10x_hd.o(.text)
    USART3_IRQHandler                        0x080001e7   Thumb Code     0  startup_stm32f10x_hd.o(.text)
    USBWakeUp_IRQHandler                     0x080001e7   Thumb Code     0  startup_stm32f10x_hd.o(.text)
    USB_HP_CAN1_TX_IRQHandler                0x080001e7   Thumb Code     0  startup_stm32f10x_hd.o(.text)
    USB_LP_CAN1_RX0_IRQHandler               0x080001e7   Thumb Code     0  startup_stm32f10x_hd.o(.text)
    WWDG_IRQHandler                          0x080001e7   Thumb Code     0  startup_stm32f10x_hd.o(.text)
    __user_initial_stackheap                 0x080001e9   Thumb Code     0  startup_stm32f10x_hd.o(.text)
    SystemInit                               0x080002e9   Thumb Code    78  system_stm32f10x.o(.text)
    SystemCoreClockUpdate                    0x08000337   Thumb Code   142  system_stm32f10x.o(.text)
    SysTick_Configuration                    0x080003e9   Thumb Code    92  bsp_config.o(.text)
    Timer_Configuration                      0x08000445   Thumb Code    70  bsp_config.o(.text)
    GPIO_Configuration                       0x0800048b   Thumb Code    62  bsp_config.o(.text)
    NVIC_Configuration                       0x080004c9   Thumb Code    42  bsp_config.o(.text)
    RCC_Configuration                        0x080004f3   Thumb Code   214  bsp_config.o(.text)
    Bsp_Configuration                        0x080005c9   Thumb Code    44  bsp_config.o(.text)
    ADC_Configuration                        0x080005f5   Thumb Code     2  bsp_config.o(.text)
    DMA_Configuration                        0x080005f7   Thumb Code     2  bsp_config.o(.text)
    EXTI_Configuration                       0x080005f9   Thumb Code     2  bsp_config.o(.text)
    WWdg_Configuration                       0x080005fb   Thumb Code     2  bsp_config.o(.text)
    Fetch_Reset_Cause                        0x080005fd   Thumb Code     2  bsp_config.o(.text)
    Bsp_RS232_Initialise                     0x080005ff   Thumb Code    14  bsp_config.o(.text)
    MainTask                                 0x0800062d   Thumb Code    22  main.o(.text)
    main                                     0x08000643   Thumb Code    28  main.o(.text)
    Delay                                    0x0800065f   Thumb Code    10  main.o(.text)
    NMI_Handler                              0x0800066d   Thumb Code     2  stm32f10x_it.o(.text)
    HardFault_Handler                        0x0800066f   Thumb Code     4  stm32f10x_it.o(.text)
    MemManage_Handler                        0x08000673   Thumb Code     4  stm32f10x_it.o(.text)
    BusFault_Handler                         0x08000677   Thumb Code     4  stm32f10x_it.o(.text)
    UsageFault_Handler                       0x0800067b   Thumb Code     4  stm32f10x_it.o(.text)
    SVC_Handler                              0x0800067f   Thumb Code     2  stm32f10x_it.o(.text)
    DebugMon_Handler                         0x08000681   Thumb Code     2  stm32f10x_it.o(.text)
    PendSV_Handler                           0x08000683   Thumb Code     2  stm32f10x_it.o(.text)
    SysTick_Handler                          0x08000685   Thumb Code     8  stm32f10x_it.o(.text)
    TIM2_IRQHandler                          0x0800068d   Thumb Code    42  stm32f10x_it.o(.text)
    NVIC_PriorityGroupConfig                 0x080006b9   Thumb Code    10  misc.o(.text)
    NVIC_Init                                0x080006c3   Thumb Code   102  misc.o(.text)
    NVIC_SetVectorTable                      0x08000729   Thumb Code    14  misc.o(.text)
    NVIC_SystemLPConfig                      0x08000737   Thumb Code    34  misc.o(.text)
    SysTick_CLKSourceConfig                  0x08000759   Thumb Code    40  misc.o(.text)
    FLASH_SetLatency                         0x08000795   Thumb Code    18  stm32f10x_flash.o(.text)
    FLASH_HalfCycleAccessCmd                 0x080007a7   Thumb Code    22  stm32f10x_flash.o(.text)
    FLASH_PrefetchBufferCmd                  0x080007bd   Thumb Code    22  stm32f10x_flash.o(.text)
    FLASH_Unlock                             0x080007d3   Thumb Code    12  stm32f10x_flash.o(.text)
    FLASH_UnlockBank1                        0x080007df   Thumb Code    12  stm32f10x_flash.o(.text)
    FLASH_Lock                               0x080007eb   Thumb Code    14  stm32f10x_flash.o(.text)
    FLASH_LockBank1                          0x080007f9   Thumb Code    14  stm32f10x_flash.o(.text)
    FLASH_GetBank1Status                     0x08000807   Thumb Code    48  stm32f10x_flash.o(.text)
    FLASH_WaitForLastOperation               0x08000837   Thumb Code    38  stm32f10x_flash.o(.text)
    FLASH_ErasePage                          0x0800085d   Thumb Code    72  stm32f10x_flash.o(.text)
    FLASH_EraseAllPages                      0x080008a5   Thumb Code    68  stm32f10x_flash.o(.text)
    FLASH_WaitForLastBank1Operation          0x080008e9   Thumb Code    38  stm32f10x_flash.o(.text)
    FLASH_EraseAllBank1Pages                 0x0800090f   Thumb Code    68  stm32f10x_flash.o(.text)
    FLASH_GetReadOutProtectionStatus         0x08000953   Thumb Code    20  stm32f10x_flash.o(.text)
    FLASH_EraseOptionBytes                   0x08000967   Thumb Code   150  stm32f10x_flash.o(.text)
    FLASH_ProgramWord                        0x080009fd   Thumb Code   102  stm32f10x_flash.o(.text)
    FLASH_ProgramHalfWord                    0x08000a63   Thumb Code    60  stm32f10x_flash.o(.text)
    FLASH_ProgramOptionByteData              0x08000a9f   Thumb Code    72  stm32f10x_flash.o(.text)
    FLASH_EnableWriteProtection              0x08000ae7   Thumb Code   200  stm32f10x_flash.o(.text)
    FLASH_ReadOutProtection                  0x08000baf   Thumb Code   156  stm32f10x_flash.o(.text)
    FLASH_UserOptionByteConfig               0x08000c4b   Thumb Code    88  stm32f10x_flash.o(.text)
    FLASH_GetUserOptionByte                  0x08000ca3   Thumb Code     8  stm32f10x_flash.o(.text)
    FLASH_GetWriteProtectionOptionByte       0x08000cab   Thumb Code     6  stm32f10x_flash.o(.text)
    FLASH_GetPrefetchBufferStatus            0x08000cb1   Thumb Code    20  stm32f10x_flash.o(.text)
    FLASH_ITConfig                           0x08000cc5   Thumb Code    26  stm32f10x_flash.o(.text)
    FLASH_GetFlagStatus                      0x08000cdf   Thumb Code    42  stm32f10x_flash.o(.text)
    FLASH_ClearFlag                          0x08000d09   Thumb Code     6  stm32f10x_flash.o(.text)
    FLASH_GetStatus                          0x08000d0f   Thumb Code    48  stm32f10x_flash.o(.text)
    GPIO_DeInit                              0x08000d51   Thumb Code   172  stm32f10x_gpio.o(.text)
    GPIO_AFIODeInit                          0x08000dfd   Thumb Code    20  stm32f10x_gpio.o(.text)
    GPIO_Init                                0x08000e11   Thumb Code   274  stm32f10x_gpio.o(.text)
    GPIO_StructInit                          0x08000f23   Thumb Code    16  stm32f10x_gpio.o(.text)
    GPIO_ReadInputDataBit                    0x08000f33   Thumb Code    18  stm32f10x_gpio.o(.text)
    GPIO_ReadInputData                       0x08000f45   Thumb Code     8  stm32f10x_gpio.o(.text)
    GPIO_ReadOutputDataBit                   0x08000f4d   Thumb Code    18  stm32f10x_gpio.o(.text)
    GPIO_ReadOutputData                      0x08000f5f   Thumb Code     8  stm32f10x_gpio.o(.text)
    GPIO_SetBits                             0x08000f67   Thumb Code     4  stm32f10x_gpio.o(.text)
    GPIO_ResetBits                           0x08000f6b   Thumb Code     4  stm32f10x_gpio.o(.text)
    GPIO_WriteBit                            0x08000f6f   Thumb Code    10  stm32f10x_gpio.o(.text)
    GPIO_Write                               0x08000f79   Thumb Code     4  stm32f10x_gpio.o(.text)
    GPIO_PinLockConfig                       0x08000f7d   Thumb Code    18  stm32f10x_gpio.o(.text)
    GPIO_EventOutputConfig                   0x08000f8f   Thumb Code    26  stm32f10x_gpio.o(.text)
    GPIO_EventOutputCmd                      0x08000fa9   Thumb Code     6  stm32f10x_gpio.o(.text)
    GPIO_PinRemapConfig                      0x08000faf   Thumb Code   138  stm32f10x_gpio.o(.text)
    GPIO_EXTILineConfig                      0x08001039   Thumb Code    66  stm32f10x_gpio.o(.text)
    GPIO_ETH_MediaInterfaceConfig            0x0800107b   Thumb Code     6  stm32f10x_gpio.o(.text)
    RCC_DeInit                               0x080010a9   Thumb Code    64  stm32f10x_rcc.o(.text)
    RCC_HSEConfig                            0x080010e9   Thumb Code    70  stm32f10x_rcc.o(.text)
    RCC_GetFlagStatus                        0x0800112f   Thumb Code    56  stm32f10x_rcc.o(.text)
    RCC_WaitForHSEStartUp                    0x08001167   Thumb Code    56  stm32f10x_rcc.o(.text)
    RCC_AdjustHSICalibrationValue            0x0800119f   Thumb Code    20  stm32f10x_rcc.o(.text)
    RCC_HSICmd                               0x080011b3   Thumb Code     6  stm32f10x_rcc.o(.text)
    RCC_PLLConfig                            0x080011b9   Thumb Code    24  stm32f10x_rcc.o(.text)
    RCC_PLLCmd                               0x080011d1   Thumb Code     6  stm32f10x_rcc.o(.text)
    RCC_SYSCLKConfig                         0x080011d7   Thumb Code    18  stm32f10x_rcc.o(.text)
    RCC_GetSYSCLKSource                      0x080011e9   Thumb Code    10  stm32f10x_rcc.o(.text)
    RCC_HCLKConfig                           0x080011f3   Thumb Code    18  stm32f10x_rcc.o(.text)
    RCC_PCLK1Config                          0x08001205   Thumb Code    18  stm32f10x_rcc.o(.text)
    RCC_PCLK2Config                          0x08001217   Thumb Code    20  stm32f10x_rcc.o(.text)
    RCC_ITConfig                             0x0800122b   Thumb Code    26  stm32f10x_rcc.o(.text)
    RCC_USBCLKConfig                         0x08001245   Thumb Code     6  stm32f10x_rcc.o(.text)
    RCC_ADCCLKConfig                         0x0800124b   Thumb Code    18  stm32f10x_rcc.o(.text)
    RCC_LSEConfig                            0x0800125d   Thumb Code    44  stm32f10x_rcc.o(.text)
    RCC_LSICmd                               0x08001289   Thumb Code     6  stm32f10x_rcc.o(.text)
    RCC_RTCCLKConfig                         0x0800128f   Thumb Code    12  stm32f10x_rcc.o(.text)
    RCC_RTCCLKCmd                            0x0800129b   Thumb Code     8  stm32f10x_rcc.o(.text)
    RCC_GetClocksFreq                        0x080012a3   Thumb Code   192  stm32f10x_rcc.o(.text)
    RCC_AHBPeriphClockCmd                    0x08001363   Thumb Code    26  stm32f10x_rcc.o(.text)
    RCC_APB2PeriphClockCmd                   0x0800137d   Thumb Code    26  stm32f10x_rcc.o(.text)
    RCC_APB1PeriphClockCmd                   0x08001397   Thumb Code    26  stm32f10x_rcc.o(.text)
    RCC_APB2PeriphResetCmd                   0x080013b1   Thumb Code    26  stm32f10x_rcc.o(.text)
    RCC_APB1PeriphResetCmd                   0x080013cb   Thumb Code    26  stm32f10x_rcc.o(.text)
    RCC_BackupResetCmd                       0x080013e5   Thumb Code     8  stm32f10x_rcc.o(.text)
    RCC_ClockSecuritySystemCmd               0x080013ed   Thumb Code     6  stm32f10x_rcc.o(.text)
    RCC_MCOConfig                            0x080013f3   Thumb Code     6  stm32f10x_rcc.o(.text)
    RCC_ClearFlag                            0x080013f9   Thumb Code    14  stm32f10x_rcc.o(.text)
    RCC_GetITStatus                          0x08001407   Thumb Code    20  stm32f10x_rcc.o(.text)
    RCC_ClearITPendingBit                    0x0800141b   Thumb Code     6  stm32f10x_rcc.o(.text)
    TIM_DeInit                               0x0800144d   Thumb Code   424  stm32f10x_tim.o(.text)
    TIM_TimeBaseInit                         0x080015f5   Thumb Code   122  stm32f10x_tim.o(.text)
    TIM_OC1Init                              0x0800166f   Thumb Code   132  stm32f10x_tim.o(.text)
    TIM_OC2Init                              0x080016f3   Thumb Code   154  stm32f10x_tim.o(.text)
    TIM_OC3Init                              0x0800178d   Thumb Code   150  stm32f10x_tim.o(.text)
    TIM_OC4Init                              0x08001823   Thumb Code   182  stm32f10x_tim.o(.text)
    TIM_SetIC4Prescaler                      0x080018d9   Thumb Code    26  stm32f10x_tim.o(.text)
    TIM_SetIC3Prescaler                      0x08001975   Thumb Code    18  stm32f10x_tim.o(.text)
    TIM_SetIC2Prescaler                      0x08001a01   Thumb Code    26  stm32f10x_tim.o(.text)
    TIM_SetIC1Prescaler                      0x08001a9d   Thumb Code    18  stm32f10x_tim.o(.text)
    TIM_ICInit                               0x08001b1b   Thumb Code   150  stm32f10x_tim.o(.text)
    TIM_PWMIConfig                           0x08001bb1   Thumb Code   124  stm32f10x_tim.o(.text)
    TIM_BDTRConfig                           0x08001c2d   Thumb Code    32  stm32f10x_tim.o(.text)
    TIM_TimeBaseStructInit                   0x08001c4d   Thumb Code    18  stm32f10x_tim.o(.text)
    TIM_OCStructInit                         0x08001c5f   Thumb Code    20  stm32f10x_tim.o(.text)
    TIM_ICStructInit                         0x08001c73   Thumb Code    18  stm32f10x_tim.o(.text)
    TIM_BDTRStructInit                       0x08001c85   Thumb Code    40  stm32f10x_tim.o(.text)
    TIM_Cmd                                  0x08001cad   Thumb Code    24  stm32f10x_tim.o(.text)
    TIM_CtrlPWMOutputs                       0x08001cc5   Thumb Code    30  stm32f10x_tim.o(.text)
    TIM_ITConfig                             0x08001ce3   Thumb Code    18  stm32f10x_tim.o(.text)
    TIM_GenerateEvent                        0x08001cf5   Thumb Code     4  stm32f10x_tim.o(.text)
    TIM_DMAConfig                            0x08001cf9   Thumb Code    10  stm32f10x_tim.o(.text)
    TIM_DMACmd                               0x08001d03   Thumb Code    18  stm32f10x_tim.o(.text)
    TIM_InternalClockConfig                  0x08001d15   Thumb Code    12  stm32f10x_tim.o(.text)
    TIM_SelectInputTrigger                   0x08001d21   Thumb Code    18  stm32f10x_tim.o(.text)
    TIM_ITRxExternalClockConfig              0x08001d33   Thumb Code    24  stm32f10x_tim.o(.text)
    TIM_TIxExternalClockConfig               0x08001d4b   Thumb Code    62  stm32f10x_tim.o(.text)
    TIM_ETRConfig                            0x08001d89   Thumb Code    28  stm32f10x_tim.o(.text)
    TIM_ETRClockMode1Config                  0x08001da5   Thumb Code    54  stm32f10x_tim.o(.text)
    TIM_ETRClockMode2Config                  0x08001ddb   Thumb Code    32  stm32f10x_tim.o(.text)
    TIM_PrescalerConfig                      0x08001dfb   Thumb Code     6  stm32f10x_tim.o(.text)
    TIM_CounterModeConfig                    0x08001e01   Thumb Code    18  stm32f10x_tim.o(.text)
    TIM_EncoderInterfaceConfig               0x08001e13   Thumb Code    66  stm32f10x_tim.o(.text)
    TIM_ForcedOC1Config                      0x08001e55   Thumb Code    18  stm32f10x_tim.o(.text)
    TIM_ForcedOC2Config                      0x08001e67   Thumb Code    26  stm32f10x_tim.o(.text)
    TIM_ForcedOC3Config                      0x08001e81   Thumb Code    18  stm32f10x_tim.o(.text)
    TIM_ForcedOC4Config                      0x08001e93   Thumb Code    26  stm32f10x_tim.o(.text)
    TIM_ARRPreloadConfig                     0x08001ead   Thumb Code    24  stm32f10x_tim.o(.text)
    TIM_SelectCOM                            0x08001ec5   Thumb Code    24  stm32f10x_tim.o(.text)
    TIM_SelectCCDMA                          0x08001edd   Thumb Code    24  stm32f10x_tim.o(.text)
    TIM_CCPreloadControl                     0x08001ef5   Thumb Code    24  stm32f10x_tim.o(.text)
    TIM_OC1PreloadConfig                     0x08001f0d   Thumb Code    18  stm32f10x_tim.o(.text)
    TIM_OC2PreloadConfig                     0x08001f1f   Thumb Code    26  stm32f10x_tim.o(.text)
    TIM_OC3PreloadConfig                     0x08001f39   Thumb Code    18  stm32f10x_tim.o(.text)
    TIM_OC4PreloadConfig                     0x08001f4b   Thumb Code    26  stm32f10x_tim.o(.text)
    TIM_OC1FastConfig                        0x08001f65   Thumb Code    18  stm32f10x_tim.o(.text)
    TIM_OC2FastConfig                        0x08001f77   Thumb Code    26  stm32f10x_tim.o(.text)
    TIM_OC3FastConfig                        0x08001f91   Thumb Code    18  stm32f10x_tim.o(.text)
    TIM_OC4FastConfig                        0x08001fa3   Thumb Code    26  stm32f10x_tim.o(.text)
    TIM_ClearOC1Ref                          0x08001fbd   Thumb Code    18  stm32f10x_tim.o(.text)
    TIM_ClearOC2Ref                          0x08001fcf   Thumb Code    24  stm32f10x_tim.o(.text)
    TIM_ClearOC3Ref                          0x08001fe7   Thumb Code    18  stm32f10x_tim.o(.text)
    TIM_ClearOC4Ref                          0x08001ff9   Thumb Code    24  stm32f10x_tim.o(.text)
    TIM_OC1PolarityConfig                    0x08002011   Thumb Code    18  stm32f10x_tim.o(.text)
    TIM_OC1NPolarityConfig                   0x08002023   Thumb Code    18  stm32f10x_tim.o(.text)
    TIM_OC2PolarityConfig                    0x08002035   Thumb Code    26  stm32f10x_tim.o(.text)
    TIM_OC2NPolarityConfig                   0x0800204f   Thumb Code    26  stm32f10x_tim.o(.text)
    TIM_OC3PolarityConfig                    0x08002069   Thumb Code    26  stm32f10x_tim.o(.text)
    TIM_OC3NPolarityConfig                   0x08002083   Thumb Code    26  stm32f10x_tim.o(.text)
    TIM_OC4PolarityConfig                    0x0800209d   Thumb Code    26  stm32f10x_tim.o(.text)
    TIM_CCxCmd                               0x080020b7   Thumb Code    30  stm32f10x_tim.o(.text)
    TIM_CCxNCmd                              0x080020d5   Thumb Code    30  stm32f10x_tim.o(.text)
    TIM_SelectOCxM                           0x080020f3   Thumb Code    82  stm32f10x_tim.o(.text)
    TIM_UpdateDisableConfig                  0x08002145   Thumb Code    24  stm32f10x_tim.o(.text)
    TIM_UpdateRequestConfig                  0x0800215d   Thumb Code    24  stm32f10x_tim.o(.text)
    TIM_SelectHallSensor                     0x08002175   Thumb Code    24  stm32f10x_tim.o(.text)
    TIM_SelectOnePulseMode                   0x0800218d   Thumb Code    18  stm32f10x_tim.o(.text)
    TIM_SelectOutputTrigger                  0x0800219f   Thumb Code    18  stm32f10x_tim.o(.text)
    TIM_SelectSlaveMode                      0x080021b1   Thumb Code    18  stm32f10x_tim.o(.text)
    TIM_SelectMasterSlaveMode                0x080021c3   Thumb Code    18  stm32f10x_tim.o(.text)
    TIM_SetCounter                           0x080021d5   Thumb Code     4  stm32f10x_tim.o(.text)
    TIM_SetAutoreload                        0x080021d9   Thumb Code     4  stm32f10x_tim.o(.text)
    TIM_SetCompare1                          0x080021dd   Thumb Code     4  stm32f10x_tim.o(.text)
    TIM_SetCompare2                          0x080021e1   Thumb Code     4  stm32f10x_tim.o(.text)
    TIM_SetCompare3                          0x080021e5   Thumb Code     4  stm32f10x_tim.o(.text)
    TIM_SetCompare4                          0x080021e9   Thumb Code     6  stm32f10x_tim.o(.text)
    TIM_SetClockDivision                     0x080021ef   Thumb Code    18  stm32f10x_tim.o(.text)
    TIM_GetCapture1                          0x08002201   Thumb Code     6  stm32f10x_tim.o(.text)
    TIM_GetCapture2                          0x08002207   Thumb Code     6  stm32f10x_tim.o(.text)
    TIM_GetCapture3                          0x0800220d   Thumb Code     6  stm32f10x_tim.o(.text)
    TIM_GetCapture4                          0x08002213   Thumb Code     8  stm32f10x_tim.o(.text)
    TIM_GetCounter                           0x0800221b   Thumb Code     6  stm32f10x_tim.o(.text)
    TIM_GetPrescaler                         0x08002221   Thumb Code     6  stm32f10x_tim.o(.text)
    TIM_GetFlagStatus                        0x08002227   Thumb Code    18  stm32f10x_tim.o(.text)
    TIM_ClearFlag                            0x08002239   Thumb Code     6  stm32f10x_tim.o(.text)
    TIM_GetITStatus                          0x0800223f   Thumb Code    34  stm32f10x_tim.o(.text)
    TIM_ClearITPendingBit                    0x08002261   Thumb Code     6  stm32f10x_tim.o(.text)
    USART_DeInit                             0x08002269   Thumb Code   134  stm32f10x_usart.o(.text)
    USART_Init                               0x080022ef   Thumb Code   210  stm32f10x_usart.o(.text)
    USART_StructInit                         0x080023c1   Thumb Code    24  stm32f10x_usart.o(.text)
    USART_ClockInit                          0x080023d9   Thumb Code    34  stm32f10x_usart.o(.text)
    USART_ClockStructInit                    0x080023fb   Thumb Code    12  stm32f10x_usart.o(.text)
    USART_Cmd                                0x08002407   Thumb Code    24  stm32f10x_usart.o(.text)
    USART_ITConfig                           0x0800241f   Thumb Code    74  stm32f10x_usart.o(.text)
    USART_DMACmd                             0x08002469   Thumb Code    18  stm32f10x_usart.o(.text)
    USART_SetAddress                         0x0800247b   Thumb Code    18  stm32f10x_usart.o(.text)
    USART_WakeUpConfig                       0x0800248d   Thumb Code    18  stm32f10x_usart.o(.text)
    USART_ReceiverWakeUpCmd                  0x0800249f   Thumb Code    24  stm32f10x_usart.o(.text)
    USART_LINBreakDetectLengthConfig         0x080024b7   Thumb Code    18  stm32f10x_usart.o(.text)
    USART_LINCmd                             0x080024c9   Thumb Code    24  stm32f10x_usart.o(.text)
    USART_SendData                           0x080024e1   Thumb Code     8  stm32f10x_usart.o(.text)
    USART_ReceiveData                        0x080024e9   Thumb Code    10  stm32f10x_usart.o(.text)
    USART_SendBreak                          0x080024f3   Thumb Code    10  stm32f10x_usart.o(.text)
    USART_SetGuardTime                       0x080024fd   Thumb Code    16  stm32f10x_usart.o(.text)
    USART_SetPrescaler                       0x0800250d   Thumb Code    16  stm32f10x_usart.o(.text)
    USART_SmartCardCmd                       0x0800251d   Thumb Code    24  stm32f10x_usart.o(.text)
    USART_SmartCardNACKCmd                   0x08002535   Thumb Code    24  stm32f10x_usart.o(.text)
    USART_HalfDuplexCmd                      0x0800254d   Thumb Code    24  stm32f10x_usart.o(.text)
    USART_OverSampling8Cmd                   0x08002565   Thumb Code    22  stm32f10x_usart.o(.text)
    USART_OneBitMethodCmd                    0x0800257b   Thumb Code    24  stm32f10x_usart.o(.text)
    USART_IrDAConfig                         0x08002593   Thumb Code    18  stm32f10x_usart.o(.text)
    USART_IrDACmd                            0x080025a5   Thumb Code    24  stm32f10x_usart.o(.text)
    USART_GetFlagStatus                      0x080025bd   Thumb Code    26  stm32f10x_usart.o(.text)
    USART_ClearFlag                          0x080025d7   Thumb Code    18  stm32f10x_usart.o(.text)
    USART_GetITStatus                        0x080025e9   Thumb Code    84  stm32f10x_usart.o(.text)
    USART_ClearITPendingBit                  0x0800263d   Thumb Code    52  stm32f10x_usart.o(.text)
    OSDebugInit                              0x08002671   Thumb Code    94  os_dbg.o(.text)
    OSInitHookBegin                          0x08002785   Thumb Code     2  os_cpu_c.o(.text)
    OSInitHookEnd                            0x08002787   Thumb Code     2  os_cpu_c.o(.text)
    OSTaskCreateHook                         0x08002789   Thumb Code    12  os_cpu_c.o(.text)
    OSTaskDelHook                            0x08002795   Thumb Code    12  os_cpu_c.o(.text)
    OSTaskIdleHook                           0x080027a1   Thumb Code     8  os_cpu_c.o(.text)
    OSTaskStatHook                           0x080027a9   Thumb Code     8  os_cpu_c.o(.text)
    OSTaskStkInit                            0x080027b1   Thumb Code   154  os_cpu_c.o(.text)
    OSTaskSwHook                             0x0800284b   Thumb Code     8  os_cpu_c.o(.text)
    OSTCBInitHook                            0x08002853   Thumb Code    12  os_cpu_c.o(.text)
    OSTimeTickHook                           0x0800285f   Thumb Code     8  os_cpu_c.o(.text)
    OS_CPU_SysTickHandler                    0x08002867   Thumb Code    34  os_cpu_c.o(.text)
    OS_CPU_SysTickInit                       0x08002889   Thumb Code    56  os_cpu_c.o(.text)
    OS_CPU_SysTickClkFreq                    0x080028c9   Thumb Code    16  app_cfg.o(.text)
    OS_CPU_SR_Save                           0x080028d9   Thumb Code     0  os_cpu_a.o(.text)
    OS_CPU_SR_Restore                        0x080028e1   Thumb Code     0  os_cpu_a.o(.text)
    OSStartHighRdy                           0x080028e7   Thumb Code     0  os_cpu_a.o(.text)
    OSCtxSw                                  0x08002907   Thumb Code     0  os_cpu_a.o(.text)
    OSIntCtxSw                               0x08002911   Thumb Code     0  os_cpu_a.o(.text)
    OS_CPU_PendSVHandler                     0x0800291b   Thumb Code     0  os_cpu_a.o(.text)
    OS_StrCopy                               0x0800297d   Thumb Code    28  os_core.o(.text)
    OSEventNameGet                           0x08002999   Thumb Code   100  os_core.o(.text)
    OS_StrLen                                0x080029fd   Thumb Code    20  os_core.o(.text)
    OSEventNameSet                           0x08002a11   Thumb Code   120  os_core.o(.text)
    OS_EventTaskRemoveMulti                  0x08002a89   Thumb Code    60  os_core.o(.text)
    OS_Sched                                 0x08002adf   Thumb Code    86  os_core.o(.text)
    OS_EventTaskWaitMulti                    0x08002b35   Thumb Code   136  os_core.o(.text)
    OSEventPendMulti                         0x08002bbd   Thumb Code   582  os_core.o(.text)
    OS_TaskStatStkChk                        0x08002e03   Thumb Code    54  os_core.o(.text)
    OS_TaskStat                              0x08002e39   Thumb Code   114  os_core.o(.text)
    OS_TaskIdle                              0x08002edf   Thumb Code    32  os_core.o(.text)
    OS_MemClr                                0x08002f33   Thumb Code    18  os_core.o(.text)
    OSInit                                   0x0800303d   Thumb Code    40  os_core.o(.text)
    OSIntEnter                               0x08003065   Thumb Code    28  os_core.o(.text)
    OSIntExit                                0x08003081   Thumb Code   112  os_core.o(.text)
    OSSchedLock                              0x080030f1   Thumb Code    50  os_core.o(.text)
    OSSchedUnlock                            0x08003123   Thumb Code    84  os_core.o(.text)
    OSStart                                  0x08003177   Thumb Code    48  os_core.o(.text)
    OSStatInit                               0x080031a7   Thumb Code   204  os_core.o(.text)
    OSTimeTick                               0x08003273   Thumb Code   220  os_core.o(.text)
    OSVersion                                0x0800334f   Thumb Code     6  os_core.o(.text)
    OS_Dummy                                 0x08003355   Thumb Code     2  os_core.o(.text)
    OS_EventTaskRemove                       0x08003357   Thumb Code    42  os_core.o(.text)
    OS_EventTaskRdy                          0x08003381   Thumb Code   132  os_core.o(.text)
    OS_EventTaskWait                         0x08003405   Thumb Code   112  os_core.o(.text)
    OS_EventWaitListInit                     0x08003475   Thumb Code    28  os_core.o(.text)
    OS_MemCopy                               0x08003491   Thumb Code    20  os_core.o(.text)
    OS_TCBInit                               0x080034a5   Thumb Code   276  os_core.o(.text)
    OSTaskChangePrio                         0x080035f1   Thumb Code   396  os_task.o(.text)
    OSTaskCreate                             0x0800377d   Thumb Code   150  os_task.o(.text)
    OS_TaskStkClr                            0x08003813   Thumb Code    26  os_task.o(.text)
    OSTaskCreateExt                          0x0800382d   Thumb Code   172  os_task.o(.text)
    OSTaskDel                                0x080038d9   Thumb Code   346  os_task.o(.text)
    OSTaskDelReq                             0x08003a33   Thumb Code   100  os_task.o(.text)
    OSTaskNameGet                            0x08003a97   Thumb Code   116  os_task.o(.text)
    OSTaskNameSet                            0x08003b0b   Thumb Code   132  os_task.o(.text)
    OSTaskResume                             0x08003b8f   Thumb Code   160  os_task.o(.text)
    OSTaskStkChk                             0x08003c2f   Thumb Code   132  os_task.o(.text)
    OSTaskSuspend                            0x08003cb3   Thumb Code   152  os_task.o(.text)
    OSTaskQuery                              0x08003d4b   Thumb Code    82  os_task.o(.text)
    App_TaskCreateHook                       0x08003d9d   Thumb Code     2  os_task.o(.text)
    App_TaskDelHook                          0x08003d9f   Thumb Code     2  os_task.o(.text)
    App_TaskIdleHook                         0x08003da1   Thumb Code     8  os_task.o(.text)
    App_TaskStatHook                         0x08003da9   Thumb Code     2  os_task.o(.text)
    App_TaskSwHook                           0x08003dab   Thumb Code     2  os_task.o(.text)
    App_TCBInitHook                          0x08003dad   Thumb Code     2  os_task.o(.text)
    App_TimeTickHook                         0x08003daf   Thumb Code     2  os_task.o(.text)
    OSTimeDly                                0x08003dc9   Thumb Code    96  os_time.o(.text)
    OSTimeDlyHMSM                            0x08003e29   Thumb Code   108  os_time.o(.text)
    OSTimeDlyResume                          0x08003e95   Thumb Code   176  os_time.o(.text)
    OSTimeGet                                0x08003f45   Thumb Code    24  os_time.o(.text)
    OSTimeSet                                0x08003f5d   Thumb Code    24  os_time.o(.text)
    DriverInt                                0x08003f8d   Thumb Code     8  driverconfig.o(.text)
    RS232_Initialise                         0x08003f95   Thumb Code   204  rs232.o(.text)
    RS232_TX_Count                           0x08004061   Thumb Code    40  rs232.o(.text)
    RS232_RX_Count                           0x08004089   Thumb Code    40  rs232.o(.text)
    RS232_TX_Char                            0x080040b1   Thumb Code    88  rs232.o(.text)
    RS232_RX_Char                            0x08004109   Thumb Code    72  rs232.o(.text)
    RS232_PutChar                            0x08004151   Thumb Code    44  rs232.o(.text)
    RS232_PutHex                             0x0800417d   Thumb Code    92  rs232.o(.text)
    RS232_PutWord                            0x080041d9   Thumb Code    94  rs232.o(.text)
    RS232_PutString                          0x08004237   Thumb Code    34  rs232.o(.text)
    Process_RS232_Receive                    0x08004259   Thumb Code    86  rs232.o(.text)
    USART1_IRQHandler                        0x080042af   Thumb Code   192  rs232.o(.text)
    random                                   0x0800439d   Thumb Code    24  random.o(.text)
    get_random                               0x080043b5   Thumb Code     6  random.o(.text)
    DebugTask                                0x080043c1   Thumb Code    16  debugtask.o(.text)
    AppCreate                                0x080043d1   Thumb Code    84  userappconfig.o(.text)
    leds_gpio_contrl                         0x0800443d   Thumb Code   676  leddriver.o(.text)
    led_gpio_state_clean                     0x080046e1   Thumb Code    14  leddriver.o(.text)
    led_gpio_state_set                       0x080046ef   Thumb Code    16  leddriver.o(.text)
    leds_gpio_init                           0x080046ff   Thumb Code   396  leddriver.o(.text)
    leds_init                                0x0800488b   Thumb Code     8  leddriver.o(.text)
    led_set_gpio                             0x08004893   Thumb Code    40  leddriver.o(.text)
    led_set_gpio_off                         0x080048bb   Thumb Code    20  leddriver.o(.text)
    leds_10ms_deal                           0x080048cf   Thumb Code    50  leddriver.o(.text)
    led_set_dev                              0x0800490d   Thumb Code    64  ledstask.o(.text)
    LedsTask                                 0x0800494d   Thumb Code    50  ledstask.o(.text)
    __use_two_region_memory                  0x08004985   Thumb Code     2  heapauxi.o(.text)
    __rt_heap_escrow$2region                 0x08004987   Thumb Code     2  heapauxi.o(.text)
    __rt_heap_expand$2region                 0x08004989   Thumb Code     2  heapauxi.o(.text)
    __user_setup_stackheap                   0x0800498b   Thumb Code    74  sys_stackheap_outer.o(.text)
    exit                                     0x080049d5   Thumb Code    12  exit.o(.text)
    __user_libspace                          0x080049e1   Thumb Code     8  libspace.o(.text)
    __user_perproc_libspace                  0x080049e1   Thumb Code     0  libspace.o(.text)
    __user_perthread_libspace                0x080049e1   Thumb Code     0  libspace.o(.text)
    _sys_exit                                0x080049e9   Thumb Code     8  sys_exit.o(.text)
    __I$use$semihosting                      0x080049f5   Thumb Code     0  use_no_semi.o(.text)
    __use_no_semihosting_swi                 0x080049f5   Thumb Code     2  use_no_semi.o(.text)
    __semihosting_library_function           0x080049f7   Thumb Code     0  indicate_semi.o(.text)
    OSDebugEn                                0x080049f8   Data           2  os_dbg.o(.constdata)
    OSEndiannessTest                         0x080049fc   Data           4  os_dbg.o(.constdata)
    OSEventMax                               0x08004a00   Data           2  os_dbg.o(.constdata)
    OSEventNameSize                          0x08004a02   Data           2  os_dbg.o(.constdata)
    OSEventEn                                0x08004a04   Data           2  os_dbg.o(.constdata)
    OSEventSize                              0x08004a06   Data           2  os_dbg.o(.constdata)
    OSEventTblSize                           0x08004a08   Data           2  os_dbg.o(.constdata)
    OSFlagEn                                 0x08004a0a   Data           2  os_dbg.o(.constdata)
    OSFlagGrpSize                            0x08004a0c   Data           2  os_dbg.o(.constdata)
    OSFlagNodeSize                           0x08004a0e   Data           2  os_dbg.o(.constdata)
    OSFlagWidth                              0x08004a10   Data           2  os_dbg.o(.constdata)
    OSFlagMax                                0x08004a12   Data           2  os_dbg.o(.constdata)
    OSFlagNameSize                           0x08004a14   Data           2  os_dbg.o(.constdata)
    OSLowestPrio                             0x08004a16   Data           2  os_dbg.o(.constdata)
    OSMboxEn                                 0x08004a18   Data           2  os_dbg.o(.constdata)
    OSMemEn                                  0x08004a1a   Data           2  os_dbg.o(.constdata)
    OSMemMax                                 0x08004a1c   Data           2  os_dbg.o(.constdata)
    OSMemNameSize                            0x08004a1e   Data           2  os_dbg.o(.constdata)
    OSMemSize                                0x08004a20   Data           2  os_dbg.o(.constdata)
    OSMemTblSize                             0x08004a22   Data           2  os_dbg.o(.constdata)
    OSMutexEn                                0x08004a24   Data           2  os_dbg.o(.constdata)
    OSPtrSize                                0x08004a26   Data           2  os_dbg.o(.constdata)
    OSQEn                                    0x08004a28   Data           2  os_dbg.o(.constdata)
    OSQMax                                   0x08004a2a   Data           2  os_dbg.o(.constdata)
    OSQSize                                  0x08004a2c   Data           2  os_dbg.o(.constdata)
    OSRdyTblSize                             0x08004a2e   Data           2  os_dbg.o(.constdata)
    OSSemEn                                  0x08004a30   Data           2  os_dbg.o(.constdata)
    OSStkWidth                               0x08004a32   Data           2  os_dbg.o(.constdata)
    OSTaskCreateEn                           0x08004a34   Data           2  os_dbg.o(.constdata)
    OSTaskCreateExtEn                        0x08004a36   Data           2  os_dbg.o(.constdata)
    OSTaskDelEn                              0x08004a38   Data           2  os_dbg.o(.constdata)
    OSTaskIdleStkSize                        0x08004a3a   Data           2  os_dbg.o(.constdata)
    OSTaskProfileEn                          0x08004a3c   Data           2  os_dbg.o(.constdata)
    OSTaskMax                                0x08004a3e   Data           2  os_dbg.o(.constdata)
    OSTaskNameSize                           0x08004a40   Data           2  os_dbg.o(.constdata)
    OSTaskStatEn                             0x08004a42   Data           2  os_dbg.o(.constdata)
    OSTaskStatStkSize                        0x08004a44   Data           2  os_dbg.o(.constdata)
    OSTaskStatStkChkEn                       0x08004a46   Data           2  os_dbg.o(.constdata)
    OSTaskSwHookEn                           0x08004a48   Data           2  os_dbg.o(.constdata)
    OSTCBPrioTblMax                          0x08004a4a   Data           2  os_dbg.o(.constdata)
    OSTCBSize                                0x08004a4c   Data           2  os_dbg.o(.constdata)
    OSTicksPerSec                            0x08004a4e   Data           2  os_dbg.o(.constdata)
    OSTimeTickHookEn                         0x08004a50   Data           2  os_dbg.o(.constdata)
    OSVersionNbr                             0x08004a52   Data           2  os_dbg.o(.constdata)
    OSDataSize                               0x08004a54   Data           2  os_dbg.o(.constdata)
    OSUnMapTbl                               0x08004a56   Data         256  os_core.o(.constdata)
    leds_buf_1                               0x08004d49   Data         100  ledstask.o(.constdata)
    leds_buf_2                               0x08004dad   Data         100  ledstask.o(.constdata)
    leds_buf_3                               0x08004e11   Data         100  ledstask.o(.constdata)
    leds_buf_4                               0x08004e75   Data         100  ledstask.o(.constdata)
    leds_buf_5                               0x08004ed9   Data         120  ledstask.o(.constdata)
    leds_buf_6                               0x08004f51   Data         120  ledstask.o(.constdata)
    leds_buf_7                               0x08004fc9   Data         120  ledstask.o(.constdata)
    leds_buf_8                               0x08005041   Data         120  ledstask.o(.constdata)
    leds_buf_9                               0x080050b9   Data         100  ledstask.o(.constdata)
    leds_buf_10                              0x0800511d   Data         100  ledstask.o(.constdata)
    leds_buf_11                              0x08005181   Data         110  ledstask.o(.constdata)
    leds_buf_12                              0x080051ef   Data         110  ledstask.o(.constdata)
    leds_buf_13                              0x0800525d   Data        1000  ledstask.o(.constdata)
    Region$$Table$$Base                      0x08005648   Number         0  anon$$obj.o(Region$$Table)
    Region$$Table$$Limit                     0x08005668   Number         0  anon$$obj.o(Region$$Table)
    SystemCoreClock                          0x20000000   Data           4  system_stm32f10x.o(.data)
    AHBPrescTable                            0x20000004   Data          16  system_stm32f10x.o(.data)
    OSCtxSwCtr                               0x20000028   Data           4  os_core.o(.data)
    OSEventFreeList                          0x2000002c   Data           4  os_core.o(.data)
    OSCPUUsage                               0x20000030   Data           1  os_core.o(.data)
    OSIdleCtrMax                             0x20000034   Data           4  os_core.o(.data)
    OSIdleCtrRun                             0x20000038   Data           4  os_core.o(.data)
    OSStatRdy                                0x2000003c   Data           1  os_core.o(.data)
    OSIntNesting                             0x2000003d   Data           1  os_core.o(.data)
    OSLockNesting                            0x2000003e   Data           1  os_core.o(.data)
    OSPrioCur                                0x2000003f   Data           1  os_core.o(.data)
    OSPrioHighRdy                            0x20000040   Data           1  os_core.o(.data)
    OSRdyGrp                                 0x20000041   Data           1  os_core.o(.data)
    OSRdyTbl                                 0x20000042   Data           8  os_core.o(.data)
    OSRunning                                0x2000004a   Data           1  os_core.o(.data)
    OSTaskCtr                                0x2000004b   Data           1  os_core.o(.data)
    OSIdleCtr                                0x2000004c   Data           4  os_core.o(.data)
    OSTCBCur                                 0x20000050   Data           4  os_core.o(.data)
    OSTCBFreeList                            0x20000054   Data           4  os_core.o(.data)
    OSTCBHighRdy                             0x20000058   Data           4  os_core.o(.data)
    OSTCBList                                0x2000005c   Data           4  os_core.o(.data)
    OSTickStepState                          0x20000060   Data           1  os_core.o(.data)
    OSTime                                   0x20000064   Data           4  os_core.o(.data)
    RS232_TX_TailIndex                       0x20000068   Data           2  rs232.o(.data)
    RS232_TX_HeadIndex                       0x2000006a   Data           2  rs232.o(.data)
    RS232_RX_TailIndex                       0x2000006c   Data           2  rs232.o(.data)
    RS232_RX_HeadIndex                       0x2000006e   Data           2  rs232.o(.data)
    RS232_Receive_Index                      0x20000070   Data           2  rs232.o(.data)
    random_count                             0x20000072   Data           1  random.o(.data)
    gpio_count                               0x20000073   Data           1  leddriver.o(.data)
    leds                                     0x20000074   Data         156  ledstask.o(.data)
    OSEventTbl                               0x20000510   Data         360  os_core.o(.bss)
    OSTaskStatStk                            0x20000678   Data         512  os_core.o(.bss)
    OSTaskIdleStk                            0x20000878   Data         512  os_core.o(.bss)
    OSTCBPrioTbl                             0x20000a78   Data         256  os_core.o(.bss)
    OSTCBTbl                                 0x20000b78   Data        1936  os_core.o(.bss)
    RS232_TXBuf                              0x20001308   Data        1000  rs232.o(.bss)
    RS232_RXBuf                              0x200016f0   Data         100  rs232.o(.bss)
    RS232_RecBuf                             0x20001754   Data         300  rs232.o(.bss)
    leds_gpio_buf                            0x20002080   Data          10  leddriver.o(.bss)
    __libspace_start                         0x2000208c   Data          96  libspace.o(.bss)
    __temporary_stack_top$libspace           0x200020ec   Data           0  libspace.o(.bss)



==============================================================================

Memory Map of the image

  Image Entry point : 0x08000131

  Load Region LR_IROM1 (Base: 0x08000000, Size: 0x00005778, Max: 0x00010000, ABSOLUTE)

    Execution Region ER_IROM1 (Base: 0x08000000, Size: 0x00005668, Max: 0x00010000, ABSOLUTE)

    Base Addr    Size         Type   Attr      Idx    E Section Name        Object

    0x08000000   0x00000130   Data   RO            3    RESET               startup_stm32f10x_hd.o
    0x08000130   0x00000008   Code   RO          167  * !!!main             c_w.l(__main.o)
    0x08000138   0x00000034   Code   RO          289    !!!scatter          c_w.l(__scatter.o)
    0x0800016c   0x0000001a   Code   RO          290    !!handler_copy      c_w.l(__scatter_copy.o)
    0x08000186   0x00000002   PAD
    0x08000188   0x0000001c   Code   RO          291    !!handler_zi        c_w.l(__scatter_zi.o)
    0x080001a4   0x00000002   Code   RO          189    .ARM.Collect$$libinit$$00000000  c_w.l(libinit.o)
    0x080001a6   0x00000000   Code   RO          195    .ARM.Collect$$libinit$$00000002  c_w.l(libinit2.o)
    0x080001a6   0x00000000   Code   RO          198    .ARM.Collect$$libinit$$00000008  c_w.l(libinit2.o)
    0x080001a6   0x00000000   Code   RO          200    .ARM.Collect$$libinit$$0000000A  c_w.l(libinit2.o)
    0x080001a6   0x00000000   Code   RO          202    .ARM.Collect$$libinit$$0000000C  c_w.l(libinit2.o)
    0x080001a6   0x00000000   Code   RO          205    .ARM.Collect$$libinit$$0000000F  c_w.l(libinit2.o)
    0x080001a6   0x00000000   Code   RO          207    .ARM.Collect$$libinit$$00000011  c_w.l(libinit2.o)
    0x080001a6   0x00000000   Code   RO          209    .ARM.Collect$$libinit$$00000013  c_w.l(libinit2.o)
    0x080001a6   0x00000000   Code   RO          211    .ARM.Collect$$libinit$$00000015  c_w.l(libinit2.o)
    0x080001a6   0x00000000   Code   RO          213    .ARM.Collect$$libinit$$00000017  c_w.l(libinit2.o)
    0x080001a6   0x00000000   Code   RO          215    .ARM.Collect$$libinit$$00000019  c_w.l(libinit2.o)
    0x080001a6   0x00000000   Code   RO          217    .ARM.Collect$$libinit$$0000001B  c_w.l(libinit2.o)
    0x080001a6   0x00000000   Code   RO          219    .ARM.Collect$$libinit$$0000001D  c_w.l(libinit2.o)
    0x080001a6   0x00000000   Code   RO          221    .ARM.Collect$$libinit$$0000001F  c_w.l(libinit2.o)
    0x080001a6   0x00000000   Code   RO          223    .ARM.Collect$$libinit$$00000021  c_w.l(libinit2.o)
    0x080001a6   0x00000000   Code   RO          225    .ARM.Collect$$libinit$$00000023  c_w.l(libinit2.o)
    0x080001a6   0x00000000   Code   RO          229    .ARM.Collect$$libinit$$0000002A  c_w.l(libinit2.o)
    0x080001a6   0x00000000   Code   RO          231    .ARM.Collect$$libinit$$0000002C  c_w.l(libinit2.o)
    0x080001a6   0x00000000   Code   RO          233    .ARM.Collect$$libinit$$0000002E  c_w.l(libinit2.o)
    0x080001a6   0x00000000   Code   RO          235    .ARM.Collect$$libinit$$00000030  c_w.l(libinit2.o)
    0x080001a6   0x00000002   Code   RO          236    .ARM.Collect$$libinit$$00000031  c_w.l(libinit2.o)
    0x080001a8   0x00000002   Code   RO          250    .ARM.Collect$$libshutdown$$00000000  c_w.l(libshutdown.o)
    0x080001aa   0x00000000   Code   RO          259    .ARM.Collect$$libshutdown$$00000003  c_w.l(libshutdown2.o)
    0x080001aa   0x00000000   Code   RO          262    .ARM.Collect$$libshutdown$$00000006  c_w.l(libshutdown2.o)
    0x080001aa   0x00000000   Code   RO          265    .ARM.Collect$$libshutdown$$00000009  c_w.l(libshutdown2.o)
    0x080001aa   0x00000000   Code   RO          267    .ARM.Collect$$libshutdown$$0000000B  c_w.l(libshutdown2.o)
    0x080001aa   0x00000000   Code   RO          270    .ARM.Collect$$libshutdown$$0000000E  c_w.l(libshutdown2.o)
    0x080001aa   0x00000002   Code   RO          271    .ARM.Collect$$libshutdown$$0000000F  c_w.l(libshutdown2.o)
    0x080001ac   0x00000000   Code   RO          168    .ARM.Collect$$rtentry$$00000000  c_w.l(rtentry.o)
    0x080001ac   0x00000000   Code   RO          170    .ARM.Collect$$rtentry$$00000002  c_w.l(rtentry2.o)
    0x080001ac   0x00000006   Code   RO          182    .ARM.Collect$$rtentry$$00000004  c_w.l(rtentry4.o)
    0x080001b2   0x00000000   Code   RO          172    .ARM.Collect$$rtentry$$00000009  c_w.l(rtentry2.o)
    0x080001b2   0x00000004   Code   RO          173    .ARM.Collect$$rtentry$$0000000A  c_w.l(rtentry2.o)
    0x080001b6   0x00000000   Code   RO          175    .ARM.Collect$$rtentry$$0000000C  c_w.l(rtentry2.o)
    0x080001b6   0x00000008   Code   RO          176    .ARM.Collect$$rtentry$$0000000D  c_w.l(rtentry2.o)
    0x080001be   0x00000002   Code   RO          192    .ARM.Collect$$rtexit$$00000000  c_w.l(rtexit.o)
    0x080001c0   0x00000000   Code   RO          238    .ARM.Collect$$rtexit$$00000002  c_w.l(rtexit2.o)
    0x080001c0   0x00000004   Code   RO          239    .ARM.Collect$$rtexit$$00000003  c_w.l(rtexit2.o)
    0x080001c4   0x00000006   Code   RO          240    .ARM.Collect$$rtexit$$00000004  c_w.l(rtexit2.o)
    0x080001ca   0x00000002   PAD
    0x080001cc   0x00000040   Code   RO            4    .text               startup_stm32f10x_hd.o
    0x0800020c   0x000001dc   Code   RO            7    .text               system_stm32f10x.o
    0x080003e8   0x00000244   Code   RO           12    .text               bsp_config.o
    0x0800062c   0x00000040   Code   RO           15    .text               main.o
    0x0800066c   0x0000004a   Code   RO           20    .text               stm32f10x_it.o
    0x080006b6   0x00000002   PAD
    0x080006b8   0x000000dc   Code   RO           23    .text               misc.o
    0x08000794   0x000005bc   Code   RO           53    .text               stm32f10x_flash.o
    0x08000d50   0x00000358   Code   RO           59    .text               stm32f10x_gpio.o
    0x080010a8   0x000003a4   Code   RO           71    .text               stm32f10x_rcc.o
    0x0800144c   0x00000e1a   Code   RO           84    .text               stm32f10x_tim.o
    0x08002266   0x00000002   PAD
    0x08002268   0x00000408   Code   RO           87    .text               stm32f10x_usart.o
    0x08002670   0x00000114   Code   RO           91    .text               os_dbg.o
    0x08002784   0x00000144   Code   RO           93    .text               os_cpu_c.o
    0x080028c8   0x00000010   Code   RO           96    .text               app_cfg.o
    0x080028d8   0x000000a4   Code   RO           97    .text               os_cpu_a.o
    0x0800297c   0x00000c74   Code   RO           98    .text               os_core.o
    0x080035f0   0x000007d8   Code   RO          103    .text               os_task.o
    0x08003dc8   0x000001c4   Code   RO          104    .text               os_time.o
    0x08003f8c   0x00000008   Code   RO          119    .text               driverconfig.o
    0x08003f94   0x00000408   Code   RO          122    .text               rs232.o
    0x0800439c   0x00000024   Code   RO          129    .text               random.o
    0x080043c0   0x00000010   Code   RO          133    .text               debugtask.o
    0x080043d0   0x0000006c   Code   RO          136    .text               userappconfig.o
    0x0800443c   0x000004d0   Code   RO          155    .text               leddriver.o
    0x0800490c   0x00000078   Code   RO          160    .text               ledstask.o
    0x08004984   0x00000006   Code   RO          166    .text               c_w.l(heapauxi.o)
    0x0800498a   0x0000004a   Code   RO          184    .text               c_w.l(sys_stackheap_outer.o)
    0x080049d4   0x0000000c   Code   RO          185    .text               c_w.l(exit.o)
    0x080049e0   0x00000008   Code   RO          190    .text               c_w.l(libspace.o)
    0x080049e8   0x0000000c   Code   RO          246    .text               c_w.l(sys_exit.o)
    0x080049f4   0x00000002   Code   RO          252    .text               c_w.l(use_no_semi.o)
    0x080049f6   0x00000000   Code   RO          253    .text               c_w.l(indicate_semi.o)
    0x080049f6   0x00000002   PAD
    0x080049f8   0x0000005e   Data   RO           92    .constdata          os_dbg.o
    0x08004a56   0x00000100   Data   RO          100    .constdata          os_core.o
    0x08004b56   0x00000002   PAD
    0x08004b58   0x000001f1   Data   RO          138    .constdata          userappconfig.o
    0x08004d49   0x000008fc   Data   RO          161    .constdata          ledstask.o
    0x08005645   0x00000003   PAD
    0x08005648   0x00000020   Data   RO          287    Region$$Table       anon$$obj.o


    Execution Region RW_IRAM1 (Base: 0x20000000, Size: 0x000026f0, Max: 0x00005000, ABSOLUTE)

    Base Addr    Size         Type   Attr      Idx    E Section Name        Object

    0x20000000   0x00000014   Data   RW            8    .data               system_stm32f10x.o
    0x20000014   0x00000014   Data   RW           72    .data               stm32f10x_rcc.o
    0x20000028   0x00000040   Data   RW          101    .data               os_core.o
    0x20000068   0x0000000a   Data   RW          124    .data               rs232.o
    0x20000072   0x00000001   Data   RW          130    .data               random.o
    0x20000073   0x00000001   Data   RW          157    .data               leddriver.o
    0x20000074   0x0000009c   Data   RW          162    .data               ledstask.o
    0x20000110   0x00000400   Zero   RW           16    .bss                main.o
    0x20000510   0x00000df8   Zero   RW           99    .bss                os_core.o
    0x20001308   0x00000578   Zero   RW          123    .bss                rs232.o
    0x20001880   0x00000800   Zero   RW          137    .bss                userappconfig.o
    0x20002080   0x0000000a   Zero   RW          156    .bss                leddriver.o
    0x2000208a   0x00000002   PAD
    0x2000208c   0x00000060   Zero   RW          191    .bss                c_w.l(libspace.o)
    0x200020ec   0x00000004   PAD
    0x200020f0   0x00000200   Zero   RW            2    HEAP                startup_stm32f10x_hd.o
    0x200022f0   0x00000400   Zero   RW            1    STACK               startup_stm32f10x_hd.o


==============================================================================

Image component sizes


      Code (inc. data)   RO Data    RW Data    ZI Data      Debug   Object Name

        16          0          0          0          0          0   app_cfg.o
       580         32          0          0          0          0   bsp_config.o
        16          0          0          0          0          0   debugtask.o
         8          0          0          0          0          0   driverconfig.o
      1232         34          0          1         10          0   leddriver.o
       120          6       2300        156          0          0   ledstask.o
        64          4          0          0       1024          0   main.o
       220         20          0          0          0          0   misc.o
      3188        240        256         64       3576          0   os_core.o
       164         32          0          0          0          0   os_cpu_a.o
       324          8          0          0          0          0   os_cpu_c.o
       276        182         94          0          0          0   os_dbg.o
      2008         64          0          0          0          0   os_task.o
       452         24          0          0          0          0   os_time.o
        36          6          0          1          0          0   random.o
      1032         46          0         10       1400          0   rs232.o
        64         26        304          0       1536          0   startup_stm32f10x_hd.o
      1468         34          0          0          0          0   stm32f10x_flash.o
       856         40          0          0          0          0   stm32f10x_gpio.o
        74          0          0          0          0          0   stm32f10x_it.o
       932         44          0         20          0          0   stm32f10x_rcc.o
      3610         88          0          0          0          0   stm32f10x_tim.o
      1032         22          0          0          0          0   stm32f10x_usart.o
       476         36          0         20          0          0   system_stm32f10x.o
       108         24        497          0       2048          0   userappconfig.o

    ----------------------------------------------------------------------
     18360       1012       3488        272       9596          0   Object Totals
         0          0         32          0          0          0   (incl. Generated)
         4          0          5          0          2          0   (incl. Padding)

    ----------------------------------------------------------------------

      Code (inc. data)   RO Data    RW Data    ZI Data      Debug   Library Member Name

         8          0          0          0          0          0   __main.o
        52          8          0          0          0          0   __scatter.o
        26          0          0          0          0          0   __scatter_copy.o
        28          0          0          0          0          0   __scatter_zi.o
        12          0          0          0          0          0   exit.o
         6          0          0          0          0          0   heapauxi.o
         0          0          0          0          0          0   indicate_semi.o
         2          0          0          0          0          0   libinit.o
         2          0          0          0          0          0   libinit2.o
         2          0          0          0          0          0   libshutdown.o
         2          0          0          0          0          0   libshutdown2.o
         8          4          0          0         96          0   libspace.o
         0          0          0          0          0          0   rtentry.o
        12          0          0          0          0          0   rtentry2.o
         6          0          0          0          0          0   rtentry4.o
         2          0          0          0          0          0   rtexit.o
        10          0          0          0          0          0   rtexit2.o
        12          4          0          0          0          0   sys_exit.o
        74          0          0          0          0          0   sys_stackheap_outer.o
         2          0          0          0          0          0   use_no_semi.o

    ----------------------------------------------------------------------
       272         16          0          0        100          0   Library Totals
         6          0          0          0          4          0   (incl. Padding)

    ----------------------------------------------------------------------

      Code (inc. data)   RO Data    RW Data    ZI Data      Debug   Library Name

       266         16          0          0         96          0   c_w.l

    ----------------------------------------------------------------------
       272         16          0          0        100          0   Library Totals

    ----------------------------------------------------------------------

==============================================================================


      Code (inc. data)   RO Data    RW Data    ZI Data      Debug   

     18632       1028       3488        272       9696          0   Grand Totals
     18632       1028       3488        272       9696          0   ELF Image Totals
     18632       1028       3488        272          0          0   ROM Totals

==============================================================================

    Total RO  Size (Code + RO Data)                22120 (  21.60kB)
    Total RW  Size (RW Data + ZI Data)              9968 (   9.73kB)
    Total ROM Size (Code + RO Data + RW Data)      22392 (  21.87kB)

==============================================================================

