<html>
<body>
<pre>
<h1>µVision Build Log</h1>
<h2>Project:</h2>
C:\Users\zhu\Desktop\one\source\project_u4\project.uvproj
Project File Date:  05/20/2017

<h2>Output:</h2>
Rebuild target 'Standard'
assembling startup_stm32f10x_hd.s...
compiling system_stm32f10x.c...
compiling core_cm3.c...
compiling BSP_config.c...
compiling main.c...
compiling stm32f10x_it.c...
compiling misc.c...
compiling stm32f10x_adc.c...
compiling stm32f10x_bkp.c...
compiling stm32f10x_can.c...
compiling stm32f10x_cec.c...
compiling stm32f10x_crc.c...
compiling stm32f10x_dac.c...
compiling stm32f10x_dbgmcu.c...
compiling stm32f10x_dma.c...
compiling stm32f10x_exti.c...
compiling stm32f10x_flash.c...
compiling stm32f10x_fsmc.c...
compiling stm32f10x_gpio.c...
compiling stm32f10x_i2c.c...
compiling stm32f10x_iwdg.c...
compiling stm32f10x_pwr.c...
compiling stm32f10x_rcc.c...
compiling stm32f10x_rtc.c...
compiling stm32f10x_sdio.c...
compiling stm32f10x_spi.c...
compiling stm32f10x_tim.c...
compiling stm32f10x_usart.c...
compiling stm32f10x_wwdg.c...
compiling os_dbg.c...
compiling os_cpu_c.c...
compiling app_cfg.c...
assembling os_cpu_a.asm...
compiling os_core.c...
compiling os_flag.c...
compiling os_mbox.c...
compiling os_mem.c...
compiling os_mutex.c...
compiling os_q.c...
compiling os_sem.c...
compiling os_task.c...
compiling os_time.c...
compiling os_tmr.c...
compiling nokia_5110.c...
compiling NRF24l01.c...
compiling SPI1.c...
compiling DriverConfig.c...
compiling Printf.c...
compiling RS232.c...
compiling 5110Task.c...
compiling random.c...
compiling DebugTask.c...
compiling UserappConfig.c...
compiling MPU6050.c...
compiling STM32_I2C.c...
compiling MPU6050Task.c...
compiling HMC5883l.c...
compiling leddriver.c...
compiling ledstask.c...
linking...
Program Size: Code=18632 RO-data=3488 RW-data=272 ZI-data=9696  
FromELF: creating hex file...
"..\out\leds.axf" - 0 Error(s), 0 Warning(s).
Load "..\\out\\leds.axf" 
Set JLink Project File to "C:\Users\zhu\Desktop\one\source\project_u4\JLinkSettings.ini"
* JLink Info: Device "STM32F103C8" selected.
 
JLink info:
------------
DLL: V4.98b, compiled Apr 10 2015 20:15:52
Firmware: J-Link ARM Lite V8 compiled Oct 29 2014 09:03:16
Hardware: V8.00
S/N : 228206579 
Feature(s) : GDB 
 
Error: Flash Download failed  -  Target DLL has been cancelled
Load "..\\out\\leds.axf" 
Set JLink Project File to "C:\Users\zhu\Desktop\one\source\project_u4\JLinkSettings.ini"
* JLink Info: Device "STM32F103C8" selected.
 
JLink info:
------------
DLL: V4.98b, compiled Apr 10 2015 20:15:52
Firmware: J-Link ARM Lite V8 compiled Oct 29 2014 09:03:16
Hardware: V8.00
S/N : 228206579 
Feature(s) : GDB 
 
Error: Flash Download failed  -  Target DLL has been cancelled
Load "..\\out\\leds.axf" 
Set JLink Project File to "C:\Users\zhu\Desktop\one\source\project_u4\JLinkSettings.ini"
* JLink Info: Device "STM32F103C8" selected.
 
JLink info:
------------
DLL: V4.98b, compiled Apr 10 2015 20:15:52
Firmware: J-Link ARM Lite V8 compiled Oct 29 2014 09:03:16
Hardware: V8.00
S/N : 228206579 
Feature(s) : GDB 
 
Error: Flash Download failed  -  Target DLL has been cancelled
Load "..\\out\\leds.axf" 
Set JLink Project File to "C:\Users\zhu\Desktop\one\source\project_u4\JLinkSettings.ini"
* JLink Info: Device "STM32F103C8" selected.
 
JLink info:
------------
DLL: V4.98b, compiled Apr 10 2015 20:15:52
Firmware: J-Link ARM Lite V8 compiled Oct 29 2014 09:03:16
Hardware: V8.00
S/N : 228206579 
Feature(s) : GDB 
 
Error: Flash Download failed  -  Target DLL has been cancelled
Load "..\\out\\leds.axf" 
Set JLink Project File to "C:\Users\zhu\Desktop\one\source\project_u4\JLinkSettings.ini"
* JLink Info: Device "STM32F103C8" selected.
 
JLink info:
------------
DLL: V4.98b, compiled Apr 10 2015 20:15:52
Firmware: J-Link ARM Lite V8 compiled Oct 29 2014 09:03:16
Hardware: V8.00
S/N : 228206579 
Feature(s) : GDB 
 
Error: Flash Download failed  -  Target DLL has been cancelled
Load "..\\out\\leds.axf" 
Set JLink Project File to "C:\Users\zhu\Desktop\one\source\project_u4\JLinkSettings.ini"
* JLink Info: Device "STM32F103C8" selected.
 
JLink info:
------------
DLL: V4.98b, compiled Apr 10 2015 20:15:52
Firmware: J-Link ARM Lite V8 compiled Oct 29 2014 09:03:16
Hardware: V8.00
S/N : 228206579 
Feature(s) : GDB 
 
Error: Flash Download failed  -  Target DLL has been cancelled
Load "..\\out\\leds.axf" 
Set JLink Project File to "C:\Users\zhu\Desktop\one\source\project_u4\JLinkSettings.ini"
* JLink Info: Device "STM32F103C8" selected.
 
JLink info:
------------
DLL: V4.98b, compiled Apr 10 2015 20:15:52
Firmware: J-Link ARM Lite V8 compiled Oct 29 2014 09:03:16
Hardware: V8.00
S/N : 228206579 
Feature(s) : GDB 
 
Error: Flash Download failed  -  Target DLL has been cancelled
Load "..\\out\\leds.axf" 
Set JLink Project File to "C:\Users\zhu\Desktop\one\source\project_u4\JLinkSettings.ini"
* JLink Info: Device "STM32F103C8" selected.
 
JLink info:
------------
DLL: V4.98b, compiled Apr 10 2015 20:15:52
Firmware: J-Link ARM Lite V8 compiled Oct 29 2014 09:03:16
Hardware: V8.00
S/N : 228206579 
Feature(s) : GDB 
 
Error: Flash Download failed  -  Target DLL has been cancelled
Load "..\\out\\leds.axf" 
Set JLink Project File to "C:\Users\zhu\Desktop\one\source\project_u4\JLinkSettings.ini"
* JLink Info: Device "STM32F103C8" selected.
 
JLink info:
------------
DLL: V4.98b, compiled Apr 10 2015 20:15:52
Firmware: J-Link ARM Lite V8 compiled Oct 29 2014 09:03:16
Hardware: V8.00
S/N : 228206579 
Feature(s) : GDB 
 
Error: Flash Download failed  -  Target DLL has been cancelled
Load "..\\out\\leds.axf" 
Set JLink Project File to "C:\Users\zhu\Desktop\one\source\project_u4\JLinkSettings.ini"
* JLink Info: Device "STM32F103C8" selected.
 
JLink info:
------------
DLL: V4.98b, compiled Apr 10 2015 20:15:52
Firmware: J-Link ARM Lite V8 compiled Oct 29 2014 09:03:16
Hardware: V8.00
S/N : 228206579 
Feature(s) : GDB 
 
Error: Flash Download failed  -  Target DLL has been cancelled
Load "..\\out\\leds.axf" 
Set JLink Project File to "C:\Users\zhu\Desktop\one\source\project_u4\JLinkSettings.ini"
* JLink Info: Device "STM32F103C8" selected.
 
JLink info:
------------
DLL: V4.98b, compiled Apr 10 2015 20:15:52
Firmware: J-Link ARM Lite V8 compiled Oct 29 2014 09:03:16
Hardware: V8.00
S/N : 228206579 
Feature(s) : GDB 
 
* JLink Info: Found SWD-DP with ID 0x1BA01477
* JLink Info: Found SWD-DP with ID 0x1BA01477
* JLink Info: Found Cortex-M3 r1p1, Little endian.
* JLink Info: FPUnit: 6 code (BP) slots and 2 literal slots
* JLink Info: CoreSight components:
* JLink Info: ROMTbl 0 @ E00FF000
* JLink Info: ROMTbl 0 [0]: FFF0F000, CID: B105E00D, PID: 001BB000 SCS
* JLink Info: ROMTbl 0 [1]: FFF02000, CID: B105E00D, PID: 001BB002 DWT
* JLink Info: ROMTbl 0 [2]: FFF03000, CID: B105E00D, PID: 000BB003 FPB
* JLink Info: ROMTbl 0 [3]: FFF01000, CID: B105E00D, PID: 001BB001 ITM
* JLink Info: ROMTbl 0 [4]: FFF41000, CID: B105900D, PID: 001BB923 TPIU-Lite
ROMTableAddr = 0xE00FF003
 
Target info:
------------
Device: STM32F103C8
VTarget = 3.358V
State of Pins: 
TCK: 0, TDI: 0, TDO: 1, TMS: 1, TRES: 1, TRST: 1
Hardware-Breakpoints: 6
Software-Breakpoints: 8192
Watchpoints:          4
JTAG speed: 2000 kHz
 
Include "C:\\Users\\zhu\\Desktop\\one\\source\\project_u4\\JLinkSettings.ini" 
[BREAKPOINTS]
^
*** error 10: Syntax error
Full Chip Erase Done.
Programming Done.
Verify OK.
Application running ...
</pre>
</body>
</html>
