<html>
<body>
<pre>
<h1>µVision Build Log</h1>
<h2>Project:</h2>
C:\Users\zhangzhu1\Desktop\McuForIot\src\App\led\prj\stm32_zhang.uvproj
Project File Date:  07/10/2019

<h2>Output:</h2>
Rebuild target 'Standard'
assembling startup_stm32f10x_md.s...
compiling core_cm3.c...
compiling misc.c...
compiling stm32f10x_adc.c...
compiling stm32f10x_bkp.c...
compiling stm32f10x_can.c...
compiling stm32f10x_cec.c...
compiling stm32f10x_crc.c...
compiling stm32f10x_dac.c...
compiling stm32f10x_dbgmcu.c...
compiling stm32f10x_dma.c...
compiling stm32f10x_exti.c...
compiling stm32f10x_flash.c...
compiling stm32f10x_fsmc.c...
compiling stm32f10x_gpio.c...
compiling stm32f10x_i2c.c...
compiling stm32f10x_iwdg.c...
compiling stm32f10x_pwr.c...
compiling stm32f10x_rcc.c...
compiling stm32f10x_rtc.c...
compiling stm32f10x_sdio.c...
compiling stm32f10x_spi.c...
compiling stm32f10x_tim.c...
compiling stm32f10x_usart.c...
compiling stm32f10x_wwdg.c...
compiling usb_core.c...
compiling usb_init.c...
compiling usb_int.c...
compiling usb_mem.c...
compiling usb_regs.c...
compiling usb_sil.c...
compiling cpu_id.c...
compiling DriverConfig.c...
compiling Printf.c...
compiling RS232.c...
compiling SPI1.c...
compiling app_cfg.c...
compiling os_cpu_c.c...
compiling os_dbg.c...
compiling os_core.c...
compiling os_flag.c...
compiling os_mbox.c...
compiling os_mem.c...
compiling os_mutex.c...
compiling os_q.c...
compiling os_sem.c...
compiling os_task.c...
compiling os_time.c...
compiling os_tmr.c...
assembling os_cpu_a.asm...
compiling BSP_config.c...
compiling DebugTask.c...
compiling main.c...
compiling stm32f10x_it.c...
compiling system_stm32f10x.c...
compiling UserappConfig.c...
compiling leddriver.c...
compiling ledstask.c...
compiling usb_devices.c...
compiling mass_hw_config.c...
compiling mass_mal.c...
compiling mass_memory.c...
compiling mass_usb_bot.c...
compiling mass_usb_desc.c...
compiling mass_usb_endp.c...
compiling mass_usb_istr.c...
compiling mass_usb_prop.c...
compiling mass_usb_pwr.c...
compiling scsi_data.c...
compiling scsi_usb.c...
compiling usb_mcuflash_task.c...
compiling mouse_hw_config.c...
compiling mouse_usb_desc.c...
compiling mouse_usb_istr.c...
compiling mouse_usb_prop.c...
compiling mouse_usb_pwr.c...
compiling usb_mouse_task.c...
compiling usb_vcom_task.c...
compiling vcom_hw_config.c...
compiling vcom_usb_desc.c...
compiling vcom_usb_endp.c...
compiling vcom_usb_istr.c...
compiling vcom_usb_prop.c...
compiling vcom_usb_pwr.c...
compiling Queue.c...
linking...
Program Size: Code=28592 RO-data=3568 RW-data=600 ZI-data=13712  
FromELF: creating hex file...
".\build\stm32.axf" - 0 Error(s), 0 Warning(s).
</pre>
</body>
</html>
