ARM Linker, 5.03 [Build 76] [MDK-ARM Lite]

==============================================================================

Section Cross References

    startup_stm32f10x_md.o(STACK) refers (Special) to heapauxi.o(.text) for __use_two_region_memory
    startup_stm32f10x_md.o(HEAP) refers (Special) to heapauxi.o(.text) for __use_two_region_memory
    startup_stm32f10x_md.o(RESET) refers (Special) to heapauxi.o(.text) for __use_two_region_memory
    startup_stm32f10x_md.o(RESET) refers to startup_stm32f10x_md.o(STACK) for __initial_sp
    startup_stm32f10x_md.o(RESET) refers to startup_stm32f10x_md.o(.text) for Reset_Handler
    startup_stm32f10x_md.o(RESET) refers to stm32f10x_it.o(.text) for NMI_Handler
    startup_stm32f10x_md.o(RESET) refers to os_cpu_a.o(.text) for OS_CPU_PendSVHandler
    startup_stm32f10x_md.o(RESET) refers to rs232.o(.text) for USART1_IRQHandler
    startup_stm32f10x_md.o(.text) refers (Special) to heapauxi.o(.text) for __use_two_region_memory
    startup_stm32f10x_md.o(.text) refers to system_stm32f10x.o(.text) for SystemInit
    startup_stm32f10x_md.o(.text) refers to __main.o(!!!main) for __main
    startup_stm32f10x_md.o(.text) refers to startup_stm32f10x_md.o(HEAP) for Heap_Mem
    startup_stm32f10x_md.o(.text) refers to startup_stm32f10x_md.o(STACK) for Stack_Mem
    stm32f10x_adc.o(.text) refers to stm32f10x_rcc.o(.text) for RCC_APB2PeriphResetCmd
    stm32f10x_bkp.o(.text) refers to stm32f10x_rcc.o(.text) for RCC_BackupResetCmd
    stm32f10x_can.o(.text) refers to stm32f10x_rcc.o(.text) for RCC_APB1PeriphResetCmd
    stm32f10x_cec.o(.text) refers to stm32f10x_rcc.o(.text) for RCC_APB1PeriphResetCmd
    stm32f10x_dac.o(.text) refers to stm32f10x_rcc.o(.text) for RCC_APB1PeriphResetCmd
    stm32f10x_gpio.o(.text) refers to stm32f10x_rcc.o(.text) for RCC_APB2PeriphResetCmd
    stm32f10x_i2c.o(.text) refers to stm32f10x_rcc.o(.text) for RCC_APB1PeriphResetCmd
    stm32f10x_pwr.o(.text) refers to stm32f10x_rcc.o(.text) for RCC_APB1PeriphResetCmd
    stm32f10x_rcc.o(.text) refers to stm32f10x_rcc.o(.data) for APBAHBPrescTable
    stm32f10x_spi.o(.text) refers to stm32f10x_rcc.o(.text) for RCC_APB2PeriphResetCmd
    stm32f10x_tim.o(.text) refers to stm32f10x_rcc.o(.text) for RCC_APB2PeriphResetCmd
    stm32f10x_usart.o(.text) refers to stm32f10x_rcc.o(.text) for RCC_APB2PeriphResetCmd
    stm32f10x_wwdg.o(.text) refers to stm32f10x_rcc.o(.text) for RCC_APB1PeriphResetCmd
    usb_core.o(.text) refers to usb_regs.o(.text) for ClearDTOG_TX
    usb_core.o(.text) refers to usb_init.o(.data) for pInformation
    usb_core.o(.text) refers to vcom_usb_prop.o(.data) for Device_Table
    usb_core.o(.text) refers to usb_core.o(.data) for StatusInfo
    usb_core.o(.text) refers to usb_mem.o(.text) for PMAToUserBufferCopy
    usb_core.o(.text) refers to usb_int.o(.data) for SaveRState
    usb_init.o(.text) refers to usb_init.o(.bss) for Device_Info
    usb_init.o(.text) refers to usb_init.o(.data) for pInformation
    usb_init.o(.text) refers to vcom_usb_prop.o(.data) for Device_Property
    usb_int.o(.text) refers to usb_core.o(.text) for In0_Process
    usb_int.o(.text) refers to usb_devices.o(.data) for wIstr
    usb_int.o(.text) refers to usb_init.o(.data) for EPindex
    usb_int.o(.text) refers to usb_int.o(.data) for SaveRState
    usb_int.o(.text) refers to vcom_usb_istr.o(.data) for pEpInt_OUT
    usb_sil.o(.text) refers to usb_regs.o(.text) for GetEPTxAddr
    usb_sil.o(.text) refers to usb_mem.o(.text) for UserToPMABufferCopy
    usb_sil.o(.text) refers to usb_init.o(.data) for wInterrupt_Mask
    driverconfig.o(.text) refers to bsp_config.o(.text) for Bsp_RS232_Initialise
    rs232.o(.text) refers to stm32f10x_gpio.o(.text) for GPIO_Init
    rs232.o(.text) refers to misc.o(.text) for NVIC_Init
    rs232.o(.text) refers to stm32f10x_usart.o(.text) for USART_StructInit
    rs232.o(.text) refers to os_cpu_a.o(.text) for OS_CPU_SR_Save
    rs232.o(.text) refers to os_core.o(.text) for OSIntExit
    rs232.o(.text) refers to rs232.o(.data) for RS232_TX_HeadIndex
    rs232.o(.text) refers to rs232.o(.bss) for RS232_TXBuf
    rs232.o(.text) refers to os_core.o(.data) for OSIntNesting
    spi1.o(.text) refers to stm32f10x_rcc.o(.text) for RCC_APB2PeriphClockCmd
    spi1.o(.text) refers to stm32f10x_gpio.o(.text) for GPIO_Init
    spi1.o(.text) refers to stm32f10x_spi.o(.text) for SPI_Init
    app_cfg.o(.text) refers to stm32f10x_rcc.o(.text) for RCC_GetClocksFreq
    os_cpu_c.o(.text) refers to os_task.o(.text) for App_TaskCreateHook
    os_cpu_c.o(.text) refers to os_cpu_a.o(.text) for OS_CPU_SR_Save
    os_cpu_c.o(.text) refers to os_core.o(.text) for OSTimeTick
    os_cpu_c.o(.text) refers to app_cfg.o(.text) for OS_CPU_SysTickClkFreq
    os_cpu_c.o(.text) refers to os_core.o(.data) for OSIntNesting
    os_dbg.o(.text) refers to os_dbg.o(.constdata) for OSDebugEn
    os_core.o(.text) refers to os_cpu_a.o(.text) for OS_CPU_SR_Save
[...]
    .bss                                     0x200026b8   Section     2608  vcom_hw_config.o(.bss)
    m_QueueUsbComRx                          0x200026b8   Data          16  vcom_hw_config.o(.bss)
    m_QueueUsbComTx                          0x200026c8   Data          16  vcom_hw_config.o(.bss)
    m_UsbComRxBuf                            0x200026d8   Data        1280  vcom_hw_config.o(.bss)
    m_UsbComTxBuf                            0x20002bd8   Data        1280  vcom_hw_config.o(.bss)
    .bss                                     0x200030e8   Section      128  vcom_usb_endp.o(.bss)
    txBuffter                                0x200030e8   Data          64  vcom_usb_endp.o(.bss)
    buffter                                  0x20003128   Data          64  vcom_usb_endp.o(.bss)
    .bss                                     0x20003168   Section       32  vcom_usb_pwr.o(.bss)
    .bss                                     0x20003188   Section       96  libspace.o(.bss)
    HEAP                                     0x200031e8   Section      512  startup_stm32f10x_md.o(HEAP)
    Heap_Mem                                 0x200031e8   Data         512  startup_stm32f10x_md.o(HEAP)
    STACK                                    0x200033e8   Section     1024  startup_stm32f10x_md.o(STACK)
    Stack_Mem                                0x200033e8   Data        1024  startup_stm32f10x_md.o(STACK)
    __initial_sp                             0x200037e8   Data           0  startup_stm32f10x_md.o(STACK)

    Global Symbols

    Symbol Name                              Value     Ov Type        Size  Object(Section)

    BuildAttributes$$THM_ISAv4$P$D$K$B$S$PE$A:L22UL41UL21$X:L11$S22US41US21$IEEE1$IW$USESV6$~STKCKD$USESV7$~SHL$OSPACE$ROPI$EBA8$UX$STANDARDLIB$REQ8$PRES8$EABIv2 0x00000000   Number         0  anon$$obj.o ABSOLUTE
    __ARM_use_no_argv                        0x00000000   Number         0  main.o ABSOLUTE
    __ARM_exceptions_init                     - Undefined Weak Reference
    __alloca_initialize                       - Undefined Weak Reference
    __cpp_initialize__aeabi_                  - Undefined Weak Reference
    __cxa_finalize                            - Undefined Weak Reference
    __rt_locale                               - Undefined Weak Reference
    __sigvec_lookup                           - Undefined Weak Reference
    _atexit_init                              - Undefined Weak Reference
    _call_atexit_fns                          - Undefined Weak Reference
    _clock_init                               - Undefined Weak Reference
    _fp_trap_init                             - Undefined Weak Reference
    _fp_trap_shutdown                         - Undefined Weak Reference
    _get_lc_collate                           - Undefined Weak Reference
    _get_lc_ctype                             - Undefined Weak Reference
    _get_lc_monetary                          - Undefined Weak Reference
    _get_lc_numeric                           - Undefined Weak Reference
    _get_lc_time                              - Undefined Weak Reference
    _getenv_init                              - Undefined Weak Reference
    _handle_redirection                       - Undefined Weak Reference
    _init_alloc                               - Undefined Weak Reference
    _init_user_alloc                          - Undefined Weak Reference
    _initio                                   - Undefined Weak Reference
    _rand_init                                - Undefined Weak Reference
    _signal_finish                            - Undefined Weak Reference
    _signal_init                              - Undefined Weak Reference
    _terminate_alloc                          - Undefined Weak Reference
    _terminate_user_alloc                     - Undefined Weak Reference
    _terminateio                              - Undefined Weak Reference
    __Vectors_Size                           0x000000ec   Number         0  startup_stm32f10x_md.o ABSOLUTE
    __Vectors                                0x08000000   Data           4  startup_stm32f10x_md.o(RESET)
    __Vectors_End                            0x080000ec   Data           0  startup_stm32f10x_md.o(RESET)
    __main                                   0x080000ed   Thumb Code     8  __main.o(!!!main)
    __scatterload                            0x080000f5   Thumb Code     0  __scatter.o(!!!scatter)
    __scatterload_rt2                        0x080000f5   Thumb Code    44  __scatter.o(!!!scatter)
    __scatterload_rt2_thumb_only             0x080000f5   Thumb Code     0  __scatter.o(!!!scatter)
    __scatterload_null                       0x08000103   Thumb Code     0  __scatter.o(!!!scatter)
    __decompress                             0x08000129   Thumb Code    90  __dczerorl2.o(!!dczerorl2)
    __decompress1                            0x08000129   Thumb Code     0  __dczerorl2.o(!!dczerorl2)
    __scatterload_zeroinit                   0x08000185   Thumb Code    28  __scatter_zi.o(!!handler_zi)
    __rt_lib_init                            0x080001a1   Thumb Code     0  libinit.o(.ARM.Collect$$libinit$$00000000)
    __rt_lib_init_alloca_1                   0x080001a3   Thumb Code     0  libinit2.o(.ARM.Collect$$libinit$$0000002C)
    __rt_lib_init_argv_1                     0x080001a3   Thumb Code     0  libinit2.o(.ARM.Collect$$libinit$$0000002A)
    __rt_lib_init_atexit_1                   0x080001a3   Thumb Code     0  libinit2.o(.ARM.Collect$$libinit$$00000019)
    __rt_lib_init_clock_1                    0x080001a3   Thumb Code     0  libinit2.o(.ARM.Collect$$libinit$$0000001F)
    __rt_lib_init_cpp_1                      0x080001a3   Thumb Code     0  libinit2.o(.ARM.Collect$$libinit$$00000030)
    __rt_lib_init_exceptions_1               0x080001a3   Thumb Code     0  libinit2.o(.ARM.Collect$$libinit$$0000002E)
    __rt_lib_init_fp_1                       0x080001a3   Thumb Code     0  libinit2.o(.ARM.Collect$$libinit$$00000002)
    __rt_lib_init_fp_trap_1                  0x080001a3   Thumb Code     0  libinit2.o(.ARM.Collect$$libinit$$0000001D)
    __rt_lib_init_getenv_1                   0x080001a3   Thumb Code     0  libinit2.o(.ARM.Collect$$libinit$$00000021)
    __rt_lib_init_heap_1                     0x080001a3   Thumb Code     0  libinit2.o(.ARM.Collect$$libinit$$00000008)
    __rt_lib_init_lc_collate_1               0x080001a3   Thumb Code     0  libinit2.o(.ARM.Collect$$libinit$$0000000F)
    __rt_lib_init_lc_ctype_1                 0x080001a3   Thumb Code     0  libinit2.o(.ARM.Collect$$libinit$$00000011)
    __rt_lib_init_lc_monetary_1              0x080001a3   Thumb Code     0  libinit2.o(.ARM.Collect$$libinit$$00000013)
    __rt_lib_init_lc_numeric_1               0x080001a3   Thumb Code     0  libinit2.o(.ARM.Collect$$libinit$$00000015)
    __rt_lib_init_lc_time_1                  0x080001a3   Thumb Code     0  libinit2.o(.ARM.Collect$$libinit$$00000017)
    __rt_lib_init_rand_1                     0x080001a3   Thumb Code     0  libinit2.o(.ARM.Collect$$libinit$$0000000C)
    __rt_lib_init_return                     0x080001a3   Thumb Code     0  libinit2.o(.ARM.Collect$$libinit$$00000031)
    __rt_lib_init_signal_1                   0x080001a3   Thumb Code     0  libinit2.o(.ARM.Collect$$libinit$$0000001B)
    __rt_lib_init_stdio_1                    0x080001a3   Thumb Code     0  libinit2.o(.ARM.Collect$$libinit$$00000023)
    __rt_lib_init_user_alloc_1               0x080001a3   Thumb Code     0  libinit2.o(.ARM.Collect$$libinit$$0000000A)
    __rt_lib_shutdown                        0x080001a5   Thumb Code     0  libshutdown.o(.ARM.Collect$$libshutdown$$00000000)
    __rt_lib_shutdown_fp_trap_1              0x080001a7   Thumb Code     0  libshutdown2.o(.ARM.Collect$$libshutdown$$00000006)
    __rt_lib_shutdown_heap_1                 0x080001a7   Thumb Code     0  libshutdown2.o(.ARM.Collect$$libshutdown$$0000000E)
    __rt_lib_shutdown_return                 0x080001a7   Thumb Code     0  libshutdown2.o(.ARM.Collect$$libshutdown$$0000000F)
    __rt_lib_shutdown_signal_1               0x080001a7   Thumb Code     0  libshutdown2.o(.ARM.Collect$$libshutdown$$00000009)
    __rt_lib_shutdown_stdio_1                0x080001a7   Thumb Code     0  libshutdown2.o(.ARM.Collect$$libshutdown$$00000003)
    __rt_lib_shutdown_user_alloc_1           0x080001a7   Thumb Code     0  libshutdown2.o(.ARM.Collect$$libshutdown$$0000000B)
    __rt_entry                               0x080001a9   Thumb Code     0  rtentry.o(.ARM.Collect$$rtentry$$00000000)
    __rt_entry_presh_1                       0x080001a9   Thumb Code     0  rtentry2.o(.ARM.Collect$$rtentry$$00000002)
    __rt_entry_sh                            0x080001a9   Thumb Code     0  rtentry4.o(.ARM.Collect$$rtentry$$00000004)
    __rt_entry_li                            0x080001af   Thumb Code     0  rtentry2.o(.ARM.Collect$$rtentry$$0000000A)
    __rt_entry_postsh_1                      0x080001af   Thumb Code     0  rtentry2.o(.ARM.Collect$$rtentry$$00000009)
    __rt_entry_main                          0x080001b3   Thumb Code     0  rtentry2.o(.ARM.Collect$$rtentry$$0000000D)
    __rt_entry_postli_1                      0x080001b3   Thumb Code     0  rtentry2.o(.ARM.Collect$$rtentry$$0000000C)
    __rt_exit                                0x080001bb   Thumb Code     0  rtexit.o(.ARM.Collect$$rtexit$$00000000)
    __rt_exit_ls                             0x080001bd   Thumb Code     0  rtexit2.o(.ARM.Collect$$rtexit$$00000003)
    __rt_exit_prels_1                        0x080001bd   Thumb Code     0  rtexit2.o(.ARM.Collect$$rtexit$$00000002)
    __rt_exit_exit                           0x080001c1   Thumb Code     0  rtexit2.o(.ARM.Collect$$rtexit$$00000004)
    Reset_Handler                            0x080001c9   Thumb Code     8  startup_stm32f10x_md.o(.text)
    ADC1_2_IRQHandler                        0x080001e3   Thumb Code     0  startup_stm32f10x_md.o(.text)
    CAN1_RX1_IRQHandler                      0x080001e3   Thumb Code     0  startup_stm32f10x_md.o(.text)
    CAN1_SCE_IRQHandler                      0x080001e3   Thumb Code     0  startup_stm32f10x_md.o(.text)
    DMA1_Channel1_IRQHandler                 0x080001e3   Thumb Code     0  startup_stm32f10x_md.o(.text)
    DMA1_Channel2_IRQHandler                 0x080001e3   Thumb Code     0  startup_stm32f10x_md.o(.text)
    DMA1_Channel3_IRQHandler                 0x080001e3   Thumb Code     0  startup_stm32f10x_md.o(.text)
    DMA1_Channel4_IRQHandler                 0x080001e3   Thumb Code     0  startup_stm32f10x_md.o(.text)
    DMA1_Channel5_IRQHandler                 0x080001e3   Thumb Code     0  startup_stm32f10x_md.o(.text)
    DMA1_Channel6_IRQHandler                 0x080001e3   Thumb Code     0  startup_stm32f10x_md.o(.text)
    DMA1_Channel7_IRQHandler                 0x080001e3   Thumb Code     0  startup_stm32f10x_md.o(.text)
    EXTI0_IRQHandler                         0x080001e3   Thumb Code     0  startup_stm32f10x_md.o(.text)
    EXTI15_10_IRQHandler                     0x080001e3   Thumb Code     0  startup_stm32f10x_md.o(.text)
    EXTI1_IRQHandler                         0x080001e3   Thumb Code     0  startup_stm32f10x_md.o(.text)
    EXTI2_IRQHandler                         0x080001e3   Thumb Code     0  startup_stm32f10x_md.o(.text)
    EXTI3_IRQHandler                         0x080001e3   Thumb Code     0  startup_stm32f10x_md.o(.text)
    EXTI4_IRQHandler                         0x080001e3   Thumb Code     0  startup_stm32f10x_md.o(.text)
    EXTI9_5_IRQHandler                       0x080001e3   Thumb Code     0  startup_stm32f10x_md.o(.text)
    FLASH_IRQHandler                         0x080001e3   Thumb Code     0  startup_stm32f10x_md.o(.text)
    I2C1_ER_IRQHandler                       0x080001e3   Thumb Code     0  startup_stm32f10x_md.o(.text)
    I2C1_EV_IRQHandler                       0x080001e3   Thumb Code     0  startup_stm32f10x_md.o(.text)
    I2C2_ER_IRQHandler                       0x080001e3   Thumb Code     0  startup_stm32f10x_md.o(.text)
    I2C2_EV_IRQHandler                       0x080001e3   Thumb Code     0  startup_stm32f10x_md.o(.text)
    PVD_IRQHandler                           0x080001e3   Thumb Code     0  startup_stm32f10x_md.o(.text)
    RCC_IRQHandler                           0x080001e3   Thumb Code     0  startup_stm32f10x_md.o(.text)
    RTCAlarm_IRQHandler                      0x080001e3   Thumb Code     0  startup_stm32f10x_md.o(.text)
    RTC_IRQHandler                           0x080001e3   Thumb Code     0  startup_stm32f10x_md.o(.text)
    SPI1_IRQHandler                          0x080001e3   Thumb Code     0  startup_stm32f10x_md.o(.text)
    SPI2_IRQHandler                          0x080001e3   Thumb Code     0  startup_stm32f10x_md.o(.text)
    TAMPER_IRQHandler                        0x080001e3   Thumb Code     0  startup_stm32f10x_md.o(.text)
    TIM1_BRK_IRQHandler                      0x080001e3   Thumb Code     0  startup_stm32f10x_md.o(.text)
    TIM1_CC_IRQHandler                       0x080001e3   Thumb Code     0  startup_stm32f10x_md.o(.text)
    TIM1_TRG_COM_IRQHandler                  0x080001e3   Thumb Code     0  startup_stm32f10x_md.o(.text)
    TIM1_UP_IRQHandler                       0x080001e3   Thumb Code     0  startup_stm32f10x_md.o(.text)
    TIM3_IRQHandler                          0x080001e3   Thumb Code     0  startup_stm32f10x_md.o(.text)
    TIM4_IRQHandler                          0x080001e3   Thumb Code     0  startup_stm32f10x_md.o(.text)
    USART2_IRQHandler                        0x080001e3   Thumb Code     0  startup_stm32f10x_md.o(.text)
    USART3_IRQHandler                        0x080001e3   Thumb Code     0  startup_stm32f10x_md.o(.text)
    WWDG_IRQHandler                          0x080001e3   Thumb Code     0  startup_stm32f10x_md.o(.text)
    __user_initial_stackheap                 0x080001e5   Thumb Code     0  startup_stm32f10x_md.o(.text)
    NVIC_PriorityGroupConfig                 0x08000209   Thumb Code    10  misc.o(.text)
    NVIC_Init                                0x08000213   Thumb Code   102  misc.o(.text)
    NVIC_SetVectorTable                      0x08000279   Thumb Code    14  misc.o(.text)
    NVIC_SystemLPConfig                      0x08000287   Thumb Code    34  misc.o(.text)
    SysTick_CLKSourceConfig                  0x080002a9   Thumb Code    40  misc.o(.text)
    EXTI_DeInit                              0x080002e5   Thumb Code    28  stm32f10x_exti.o(.text)
    EXTI_Init                                0x08000301   Thumb Code   142  stm32f10x_exti.o(.text)
    EXTI_StructInit                          0x0800038f   Thumb Code    16  stm32f10x_exti.o(.text)
    EXTI_GenerateSWInterrupt                 0x0800039f   Thumb Code    16  stm32f10x_exti.o(.text)
    EXTI_GetFlagStatus                       0x080003af   Thumb Code    22  stm32f10x_exti.o(.text)
    EXTI_ClearFlag                           0x080003c5   Thumb Code     8  stm32f10x_exti.o(.text)
    EXTI_GetITStatus                         0x080003cd   Thumb Code    34  stm32f10x_exti.o(.text)
    EXTI_ClearITPendingBit                   0x080003ef   Thumb Code     8  stm32f10x_exti.o(.text)
    FLASH_SetLatency                         0x08000401   Thumb Code    18  stm32f10x_flash.o(.text)
    FLASH_HalfCycleAccessCmd                 0x08000413   Thumb Code    22  stm32f10x_flash.o(.text)
    FLASH_PrefetchBufferCmd                  0x08000429   Thumb Code    22  stm32f10x_flash.o(.text)
    FLASH_Unlock                             0x0800043f   Thumb Code    12  stm32f10x_flash.o(.text)
    FLASH_UnlockBank1                        0x0800044b   Thumb Code    12  stm32f10x_flash.o(.text)
    FLASH_Lock                               0x08000457   Thumb Code    14  stm32f10x_flash.o(.text)
    FLASH_LockBank1                          0x08000465   Thumb Code    14  stm32f10x_flash.o(.text)
    FLASH_GetBank1Status                     0x08000473   Thumb Code    48  stm32f10x_flash.o(.text)
    FLASH_WaitForLastOperation               0x080004a3   Thumb Code    38  stm32f10x_flash.o(.text)
    FLASH_ErasePage                          0x080004c9   Thumb Code    72  stm32f10x_flash.o(.text)
    FLASH_EraseAllPages                      0x08000511   Thumb Code    68  stm32f10x_flash.o(.text)
    FLASH_WaitForLastBank1Operation          0x08000555   Thumb Code    38  stm32f10x_flash.o(.text)
    FLASH_EraseAllBank1Pages                 0x0800057b   Thumb Code    68  stm32f10x_flash.o(.text)
    FLASH_GetReadOutProtectionStatus         0x080005bf   Thumb Code    20  stm32f10x_flash.o(.text)
    FLASH_EraseOptionBytes                   0x080005d3   Thumb Code   150  stm32f10x_flash.o(.text)
    FLASH_ProgramWord                        0x08000669   Thumb Code   102  stm32f10x_flash.o(.text)
    FLASH_ProgramHalfWord                    0x080006cf   Thumb Code    60  stm32f10x_flash.o(.text)
    FLASH_ProgramOptionByteData              0x0800070b   Thumb Code    72  stm32f10x_flash.o(.text)
    FLASH_EnableWriteProtection              0x08000753   Thumb Code   200  stm32f10x_flash.o(.text)
    FLASH_ReadOutProtection                  0x0800081b   Thumb Code   156  stm32f10x_flash.o(.text)
    FLASH_UserOptionByteConfig               0x080008b7   Thumb Code    88  stm32f10x_flash.o(.text)
    FLASH_GetUserOptionByte                  0x0800090f   Thumb Code     8  stm32f10x_flash.o(.text)
    FLASH_GetWriteProtectionOptionByte       0x08000917   Thumb Code     6  stm32f10x_flash.o(.text)
    FLASH_GetPrefetchBufferStatus            0x0800091d   Thumb Code    20  stm32f10x_flash.o(.text)
    FLASH_ITConfig                           0x08000931   Thumb Code    26  stm32f10x_flash.o(.text)
    FLASH_GetFlagStatus                      0x0800094b   Thumb Code    42  stm32f10x_flash.o(.text)
    FLASH_ClearFlag                          0x08000975   Thumb Code     6  stm32f10x_flash.o(.text)
    FLASH_GetStatus                          0x0800097b   Thumb Code    48  stm32f10x_flash.o(.text)
    GPIO_DeInit                              0x080009bd   Thumb Code   172  stm32f10x_gpio.o(.text)
    GPIO_AFIODeInit                          0x08000a69   Thumb Code    20  stm32f10x_gpio.o(.text)
    GPIO_Init                                0x08000a7d   Thumb Code   274  stm32f10x_gpio.o(.text)
    GPIO_StructInit                          0x08000b8f   Thumb Code    16  stm32f10x_gpio.o(.text)
    GPIO_ReadInputDataBit                    0x08000b9f   Thumb Code    18  stm32f10x_gpio.o(.text)
    GPIO_ReadInputData                       0x08000bb1   Thumb Code     8  stm32f10x_gpio.o(.text)
    GPIO_ReadOutputDataBit                   0x08000bb9   Thumb Code    18  stm32f10x_gpio.o(.text)
    GPIO_ReadOutputData                      0x08000bcb   Thumb Code     8  stm32f10x_gpio.o(.text)
    GPIO_SetBits                             0x08000bd3   Thumb Code     4  stm32f10x_gpio.o(.text)
    GPIO_ResetBits                           0x08000bd7   Thumb Code     4  stm32f10x_gpio.o(.text)
    GPIO_WriteBit                            0x08000bdb   Thumb Code    10  stm32f10x_gpio.o(.text)
    GPIO_Write                               0x08000be5   Thumb Code     4  stm32f10x_gpio.o(.text)
    GPIO_PinLockConfig                       0x08000be9   Thumb Code    18  stm32f10x_gpio.o(.text)
    GPIO_EventOutputConfig                   0x08000bfb   Thumb Code    26  stm32f10x_gpio.o(.text)
    GPIO_EventOutputCmd                      0x08000c15   Thumb Code     6  stm32f10x_gpio.o(.text)
    GPIO_PinRemapConfig                      0x08000c1b   Thumb Code   138  stm32f10x_gpio.o(.text)
    GPIO_EXTILineConfig                      0x08000ca5   Thumb Code    66  stm32f10x_gpio.o(.text)
    GPIO_ETH_MediaInterfaceConfig            0x08000ce7   Thumb Code     6  stm32f10x_gpio.o(.text)
    RCC_DeInit                               0x08000d15   Thumb Code    64  stm32f10x_rcc.o(.text)
    RCC_HSEConfig                            0x08000d55   Thumb Code    70  stm32f10x_rcc.o(.text)
    RCC_GetFlagStatus                        0x08000d9b   Thumb Code    56  stm32f10x_rcc.o(.text)
    RCC_WaitForHSEStartUp                    0x08000dd3   Thumb Code    56  stm32f10x_rcc.o(.text)
    RCC_AdjustHSICalibrationValue            0x08000e0b   Thumb Code    20  stm32f10x_rcc.o(.text)
    RCC_HSICmd                               0x08000e1f   Thumb Code     6  stm32f10x_rcc.o(.text)
    RCC_PLLConfig                            0x08000e25   Thumb Code    24  stm32f10x_rcc.o(.text)
    RCC_PLLCmd                               0x08000e3d   Thumb Code     6  stm32f10x_rcc.o(.text)
    RCC_SYSCLKConfig                         0x08000e43   Thumb Code    18  stm32f10x_rcc.o(.text)
    RCC_GetSYSCLKSource                      0x08000e55   Thumb Code    10  stm32f10x_rcc.o(.text)
    RCC_HCLKConfig                           0x08000e5f   Thumb Code    18  stm32f10x_rcc.o(.text)
    RCC_PCLK1Config                          0x08000e71   Thumb Code    18  stm32f10x_rcc.o(.text)
    RCC_PCLK2Config                          0x08000e83   Thumb Code    20  stm32f10x_rcc.o(.text)
    RCC_ITConfig                             0x08000e97   Thumb Code    26  stm32f10x_rcc.o(.text)
    RCC_USBCLKConfig                         0x08000eb1   Thumb Code     6  stm32f10x_rcc.o(.text)
    RCC_ADCCLKConfig                         0x08000eb7   Thumb Code    18  stm32f10x_rcc.o(.text)
    RCC_LSEConfig                            0x08000ec9   Thumb Code    44  stm32f10x_rcc.o(.text)
    RCC_LSICmd                               0x08000ef5   Thumb Code     6  stm32f10x_rcc.o(.text)
    RCC_RTCCLKConfig                         0x08000efb   Thumb Code    12  stm32f10x_rcc.o(.text)
    RCC_RTCCLKCmd                            0x08000f07   Thumb Code     8  stm32f10x_rcc.o(.text)
    RCC_GetClocksFreq                        0x08000f0f   Thumb Code   192  stm32f10x_rcc.o(.text)
    RCC_AHBPeriphClockCmd                    0x08000fcf   Thumb Code    26  stm32f10x_rcc.o(.text)
    RCC_APB2PeriphClockCmd                   0x08000fe9   Thumb Code    26  stm32f10x_rcc.o(.text)
    RCC_APB1PeriphClockCmd                   0x08001003   Thumb Code    26  stm32f10x_rcc.o(.text)
    RCC_APB2PeriphResetCmd                   0x0800101d   Thumb Code    26  stm32f10x_rcc.o(.text)
    RCC_APB1PeriphResetCmd                   0x08001037   Thumb Code    26  stm32f10x_rcc.o(.text)
    RCC_BackupResetCmd                       0x08001051   Thumb Code     8  stm32f10x_rcc.o(.text)
    RCC_ClockSecuritySystemCmd               0x08001059   Thumb Code     6  stm32f10x_rcc.o(.text)
    RCC_MCOConfig                            0x0800105f   Thumb Code     6  stm32f10x_rcc.o(.text)
    RCC_ClearFlag                            0x08001065   Thumb Code    14  stm32f10x_rcc.o(.text)
    RCC_GetITStatus                          0x08001073   Thumb Code    20  stm32f10x_rcc.o(.text)
    RCC_ClearITPendingBit                    0x08001087   Thumb Code     6  stm32f10x_rcc.o(.text)
    TIM_DeInit                               0x080010b9   Thumb Code   424  stm32f10x_tim.o(.text)
    TIM_TimeBaseInit                         0x08001261   Thumb Code   122  stm32f10x_tim.o(.text)
    TIM_OC1Init                              0x080012db   Thumb Code   132  stm32f10x_tim.o(.text)
    TIM_OC2Init                              0x0800135f   Thumb Code   154  stm32f10x_tim.o(.text)
    TIM_OC3Init                              0x080013f9   Thumb Code   150  stm32f10x_tim.o(.text)
    TIM_OC4Init                              0x0800148f   Thumb Code   182  stm32f10x_tim.o(.text)
    TIM_SetIC4Prescaler                      0x08001545   Thumb Code    26  stm32f10x_tim.o(.text)
    TIM_SetIC3Prescaler                      0x080015e1   Thumb Code    18  stm32f10x_tim.o(.text)
    TIM_SetIC2Prescaler                      0x0800166d   Thumb Code    26  stm32f10x_tim.o(.text)
    TIM_SetIC1Prescaler                      0x08001709   Thumb Code    18  stm32f10x_tim.o(.text)
    TIM_ICInit                               0x08001787   Thumb Code   150  stm32f10x_tim.o(.text)
    TIM_PWMIConfig                           0x0800181d   Thumb Code   124  stm32f10x_tim.o(.text)
    TIM_BDTRConfig                           0x08001899   Thumb Code    32  stm32f10x_tim.o(.text)
    TIM_TimeBaseStructInit                   0x080018b9   Thumb Code    18  stm32f10x_tim.o(.text)
    TIM_OCStructInit                         0x080018cb   Thumb Code    20  stm32f10x_tim.o(.text)
    TIM_ICStructInit                         0x080018df   Thumb Code    18  stm32f10x_tim.o(.text)
    TIM_BDTRStructInit                       0x080018f1   Thumb Code    40  stm32f10x_tim.o(.text)
    TIM_Cmd                                  0x08001919   Thumb Code    24  stm32f10x_tim.o(.text)
    TIM_CtrlPWMOutputs                       0x08001931   Thumb Code    30  stm32f10x_tim.o(.text)
    TIM_ITConfig                             0x0800194f   Thumb Code    18  stm32f10x_tim.o(.text)
    TIM_GenerateEvent                        0x08001961   Thumb Code     4  stm32f10x_tim.o(.text)
    TIM_DMAConfig                            0x08001965   Thumb Code    10  stm32f10x_tim.o(.text)
    TIM_DMACmd                               0x0800196f   Thumb Code    18  stm32f10x_tim.o(.text)
    TIM_InternalClockConfig                  0x08001981   Thumb Code    12  stm32f10x_tim.o(.text)
    TIM_SelectInputTrigger                   0x0800198d   Thumb Code    18  stm32f10x_tim.o(.text)
    TIM_ITRxExternalClockConfig              0x0800199f   Thumb Code    24  stm32f10x_tim.o(.text)
    TIM_TIxExternalClockConfig               0x080019b7   Thumb Code    62  stm32f10x_tim.o(.text)
    TIM_ETRConfig                            0x080019f5   Thumb Code    28  stm32f10x_tim.o(.text)
    TIM_ETRClockMode1Config                  0x08001a11   Thumb Code    54  stm32f10x_tim.o(.text)
    TIM_ETRClockMode2Config                  0x08001a47   Thumb Code    32  stm32f10x_tim.o(.text)
    TIM_PrescalerConfig                      0x08001a67   Thumb Code     6  stm32f10x_tim.o(.text)
    TIM_CounterModeConfig                    0x08001a6d   Thumb Code    18  stm32f10x_tim.o(.text)
    TIM_EncoderInterfaceConfig               0x08001a7f   Thumb Code    66  stm32f10x_tim.o(.text)
    TIM_ForcedOC1Config                      0x08001ac1   Thumb Code    18  stm32f10x_tim.o(.text)
    TIM_ForcedOC2Config                      0x08001ad3   Thumb Code    26  stm32f10x_tim.o(.text)
    TIM_ForcedOC3Config                      0x08001aed   Thumb Code    18  stm32f10x_tim.o(.text)
    TIM_ForcedOC4Config                      0x08001aff   Thumb Code    26  stm32f10x_tim.o(.text)
    TIM_ARRPreloadConfig                     0x08001b19   Thumb Code    24  stm32f10x_tim.o(.text)
    TIM_SelectCOM                            0x08001b31   Thumb Code    24  stm32f10x_tim.o(.text)
    TIM_SelectCCDMA                          0x08001b49   Thumb Code    24  stm32f10x_tim.o(.text)
    TIM_CCPreloadControl                     0x08001b61   Thumb Code    24  stm32f10x_tim.o(.text)
    TIM_OC1PreloadConfig                     0x08001b79   Thumb Code    18  stm32f10x_tim.o(.text)
    TIM_OC2PreloadConfig                     0x08001b8b   Thumb Code    26  stm32f10x_tim.o(.text)
    TIM_OC3PreloadConfig                     0x08001ba5   Thumb Code    18  stm32f10x_tim.o(.text)
    TIM_OC4PreloadConfig                     0x08001bb7   Thumb Code    26  stm32f10x_tim.o(.text)
    TIM_OC1FastConfig                        0x08001bd1   Thumb Code    18  stm32f10x_tim.o(.text)
    TIM_OC2FastConfig                        0x08001be3   Thumb Code    26  stm32f10x_tim.o(.text)
    TIM_OC3FastConfig                        0x08001bfd   Thumb Code    18  stm32f10x_tim.o(.text)
    TIM_OC4FastConfig                        0x08001c0f   Thumb Code    26  stm32f10x_tim.o(.text)
    TIM_ClearOC1Ref                          0x08001c29   Thumb Code    18  stm32f10x_tim.o(.text)
    TIM_ClearOC2Ref                          0x08001c3b   Thumb Code    24  stm32f10x_tim.o(.text)
    TIM_ClearOC3Ref                          0x08001c53   Thumb Code    18  stm32f10x_tim.o(.text)
    TIM_ClearOC4Ref                          0x08001c65   Thumb Code    24  stm32f10x_tim.o(.text)
    TIM_OC1PolarityConfig                    0x08001c7d   Thumb Code    18  stm32f10x_tim.o(.text)
    TIM_OC1NPolarityConfig                   0x08001c8f   Thumb Code    18  stm32f10x_tim.o(.text)
    TIM_OC2PolarityConfig                    0x08001ca1   Thumb Code    26  stm32f10x_tim.o(.text)
    TIM_OC2NPolarityConfig                   0x08001cbb   Thumb Code    26  stm32f10x_tim.o(.text)
    TIM_OC3PolarityConfig                    0x08001cd5   Thumb Code    26  stm32f10x_tim.o(.text)
    TIM_OC3NPolarityConfig                   0x08001cef   Thumb Code    26  stm32f10x_tim.o(.text)
    TIM_OC4PolarityConfig                    0x08001d09   Thumb Code    26  stm32f10x_tim.o(.text)
    TIM_CCxCmd                               0x08001d23   Thumb Code    30  stm32f10x_tim.o(.text)
    TIM_CCxNCmd                              0x08001d41   Thumb Code    30  stm32f10x_tim.o(.text)
    TIM_SelectOCxM                           0x08001d5f   Thumb Code    82  stm32f10x_tim.o(.text)
    TIM_UpdateDisableConfig                  0x08001db1   Thumb Code    24  stm32f10x_tim.o(.text)
    TIM_UpdateRequestConfig                  0x08001dc9   Thumb Code    24  stm32f10x_tim.o(.text)
    TIM_SelectHallSensor                     0x08001de1   Thumb Code    24  stm32f10x_tim.o(.text)
    TIM_SelectOnePulseMode                   0x08001df9   Thumb Code    18  stm32f10x_tim.o(.text)
    TIM_SelectOutputTrigger                  0x08001e0b   Thumb Code    18  stm32f10x_tim.o(.text)
    TIM_SelectSlaveMode                      0x08001e1d   Thumb Code    18  stm32f10x_tim.o(.text)
    TIM_SelectMasterSlaveMode                0x08001e2f   Thumb Code    18  stm32f10x_tim.o(.text)
    TIM_SetCounter                           0x08001e41   Thumb Code     4  stm32f10x_tim.o(.text)
    TIM_SetAutoreload                        0x08001e45   Thumb Code     4  stm32f10x_tim.o(.text)
    TIM_SetCompare1                          0x08001e49   Thumb Code     4  stm32f10x_tim.o(.text)
    TIM_SetCompare2                          0x08001e4d   Thumb Code     4  stm32f10x_tim.o(.text)
    TIM_SetCompare3                          0x08001e51   Thumb Code     4  stm32f10x_tim.o(.text)
    TIM_SetCompare4                          0x08001e55   Thumb Code     6  stm32f10x_tim.o(.text)
    TIM_SetClockDivision                     0x08001e5b   Thumb Code    18  stm32f10x_tim.o(.text)
    TIM_GetCapture1                          0x08001e6d   Thumb Code     6  stm32f10x_tim.o(.text)
    TIM_GetCapture2                          0x08001e73   Thumb Code     6  stm32f10x_tim.o(.text)
    TIM_GetCapture3                          0x08001e79   Thumb Code     6  stm32f10x_tim.o(.text)
    TIM_GetCapture4                          0x08001e7f   Thumb Code     8  stm32f10x_tim.o(.text)
    TIM_GetCounter                           0x08001e87   Thumb Code     6  stm32f10x_tim.o(.text)
    TIM_GetPrescaler                         0x08001e8d   Thumb Code     6  stm32f10x_tim.o(.text)
    TIM_GetFlagStatus                        0x08001e93   Thumb Code    18  stm32f10x_tim.o(.text)
    TIM_ClearFlag                            0x08001ea5   Thumb Code     6  stm32f10x_tim.o(.text)
    TIM_GetITStatus                          0x08001eab   Thumb Code    34  stm32f10x_tim.o(.text)
    TIM_ClearITPendingBit                    0x08001ecd   Thumb Code     6  stm32f10x_tim.o(.text)
    USART_DeInit                             0x08001ed5   Thumb Code   134  stm32f10x_usart.o(.text)
    USART_Init                               0x08001f5b   Thumb Code   210  stm32f10x_usart.o(.text)
    USART_StructInit                         0x0800202d   Thumb Code    24  stm32f10x_usart.o(.text)
    USART_ClockInit                          0x08002045   Thumb Code    34  stm32f10x_usart.o(.text)
    USART_ClockStructInit                    0x08002067   Thumb Code    12  stm32f10x_usart.o(.text)
    USART_Cmd                                0x08002073   Thumb Code    24  stm32f10x_usart.o(.text)
    USART_ITConfig                           0x0800208b   Thumb Code    74  stm32f10x_usart.o(.text)
    USART_DMACmd                             0x080020d5   Thumb Code    18  stm32f10x_usart.o(.text)
    USART_SetAddress                         0x080020e7   Thumb Code    18  stm32f10x_usart.o(.text)
    USART_WakeUpConfig                       0x080020f9   Thumb Code    18  stm32f10x_usart.o(.text)
    USART_ReceiverWakeUpCmd                  0x0800210b   Thumb Code    24  stm32f10x_usart.o(.text)
    USART_LINBreakDetectLengthConfig         0x08002123   Thumb Code    18  stm32f10x_usart.o(.text)
    USART_LINCmd                             0x08002135   Thumb Code    24  stm32f10x_usart.o(.text)
    USART_SendData                           0x0800214d   Thumb Code     8  stm32f10x_usart.o(.text)
    USART_ReceiveData                        0x08002155   Thumb Code    10  stm32f10x_usart.o(.text)
    USART_SendBreak                          0x0800215f   Thumb Code    10  stm32f10x_usart.o(.text)
    USART_SetGuardTime                       0x08002169   Thumb Code    16  stm32f10x_usart.o(.text)
    USART_SetPrescaler                       0x08002179   Thumb Code    16  stm32f10x_usart.o(.text)
    USART_SmartCardCmd                       0x08002189   Thumb Code    24  stm32f10x_usart.o(.text)
    USART_SmartCardNACKCmd                   0x080021a1   Thumb Code    24  stm32f10x_usart.o(.text)
    USART_HalfDuplexCmd                      0x080021b9   Thumb Code    24  stm32f10x_usart.o(.text)
    USART_OverSampling8Cmd                   0x080021d1   Thumb Code    22  stm32f10x_usart.o(.text)
    USART_OneBitMethodCmd                    0x080021e7   Thumb Code    24  stm32f10x_usart.o(.text)
    USART_IrDAConfig                         0x080021ff   Thumb Code    18  stm32f10x_usart.o(.text)
    USART_IrDACmd                            0x08002211   Thumb Code    24  stm32f10x_usart.o(.text)
    USART_GetFlagStatus                      0x08002229   Thumb Code    26  stm32f10x_usart.o(.text)
    USART_ClearFlag                          0x08002243   Thumb Code    18  stm32f10x_usart.o(.text)
    USART_GetITStatus                        0x08002255   Thumb Code    84  stm32f10x_usart.o(.text)
    USART_ClearITPendingBit                  0x080022a9   Thumb Code    52  stm32f10x_usart.o(.text)
    Standard_GetConfiguration                0x080022dd   Thumb Code    34  usb_core.o(.text)
    Standard_SetConfiguration                0x080022ff   Thumb Code    60  usb_core.o(.text)
    Standard_GetInterface                    0x0800233b   Thumb Code    34  usb_core.o(.text)
    Standard_SetInterface                    0x0800235d   Thumb Code    96  usb_core.o(.text)
    Standard_GetStatus                       0x080023bd   Thumb Code   230  usb_core.o(.text)
    Standard_ClearFeature                    0x080024a3   Thumb Code   308  usb_core.o(.text)
    Standard_SetEndPointFeature              0x080025d7   Thumb Code   168  usb_core.o(.text)
    Standard_SetDeviceFeature                0x0800267f   Thumb Code    30  usb_core.o(.text)
    Standard_GetDescriptorData               0x0800269d   Thumb Code    32  usb_core.o(.text)
    Post0_Process                            0x08002beb   Thumb Code    54  usb_core.o(.text)
    Setup0_Process                           0x08002c21   Thumb Code   170  usb_core.o(.text)
    SetDeviceAddress                         0x08002ccb   Thumb Code    66  usb_core.o(.text)
    In0_Process                              0x08002d0d   Thumb Code    98  usb_core.o(.text)
    Out0_Process                             0x08002d6f   Thumb Code    70  usb_core.o(.text)
    NOP_Process                              0x08002db5   Thumb Code     2  usb_core.o(.text)
    USB_Init                                 0x08002de1   Thumb Code    36  usb_init.o(.text)
    CTR_LP                                   0x08002e1d   Thumb Code   588  usb_int.o(.text)
    CTR_HP                                   0x08003069   Thumb Code   156  usb_int.o(.text)
    UserToPMABufferCopy                      0x08003121   Thumb Code    52  usb_mem.o(.text)
    PMAToUserBufferCopy                      0x08003155   Thumb Code    34  usb_mem.o(.text)
    SetCNTR                                  0x0800317d   Thumb Code     6  usb_regs.o(.text)
    GetCNTR                                  0x08003183   Thumb Code     8  usb_regs.o(.text)
    SetISTR                                  0x0800318b   Thumb Code     8  usb_regs.o(.text)
    GetISTR                                  0x08003193   Thumb Code    10  usb_regs.o(.text)
    GetFNR                                   0x0800319d   Thumb Code    10  usb_regs.o(.text)
    SetDADDR                                 0x080031a7   Thumb Code     8  usb_regs.o(.text)
    GetDADDR                                 0x080031af   Thumb Code    10  usb_regs.o(.text)
    SetBTABLE                                0x080031b9   Thumb Code    14  usb_regs.o(.text)
    GetBTABLE                                0x080031c7   Thumb Code    10  usb_regs.o(.text)
    SetENDPOINT                              0x080031d1   Thumb Code    10  usb_regs.o(.text)
    GetENDPOINT                              0x080031db   Thumb Code    14  usb_regs.o(.text)
    SetEPType                                0x080031e9   Thumb Code    26  usb_regs.o(.text)
    GetEPType                                0x08003203   Thumb Code    16  usb_regs.o(.text)
    SetEPTxStatus                            0x08003213   Thumb Code    56  usb_regs.o(.text)
    SetEPRxStatus                            0x0800324b   Thumb Code    56  usb_regs.o(.text)
    SetDouBleBuffEPStall                     0x08003283   Thumb Code    50  usb_regs.o(.text)
    GetEPTxStatus                            0x080032b5   Thumb Code    16  usb_regs.o(.text)
    GetEPRxStatus                            0x080032c5   Thumb Code    16  usb_regs.o(.text)
    SetEPTxValid                             0x080032d5   Thumb Code    42  usb_regs.o(.text)
    SetEPRxValid                             0x080032ff   Thumb Code    42  usb_regs.o(.text)
    SetEP_KIND                               0x08003329   Thumb Code    34  usb_regs.o(.text)
    ClearEP_KIND                             0x0800334b   Thumb Code    30  usb_regs.o(.text)
    Clear_Status_Out                         0x08003369   Thumb Code    30  usb_regs.o(.text)
    Set_Status_Out                           0x08003387   Thumb Code    34  usb_regs.o(.text)
    SetEPDoubleBuff                          0x080033a9   Thumb Code    34  usb_regs.o(.text)
    ClearEPDoubleBuff                        0x080033cb   Thumb Code    30  usb_regs.o(.text)
    GetTxStallStatus                         0x080033e9   Thumb Code    26  usb_regs.o(.text)
    GetRxStallStatus                         0x08003403   Thumb Code    28  usb_regs.o(.text)
    ClearEP_CTR_RX                           0x0800341f   Thumb Code    28  usb_regs.o(.text)
    ClearEP_CTR_TX                           0x0800343b   Thumb Code    24  usb_regs.o(.text)
    ToggleDTOG_RX                            0x08003453   Thumb Code    30  usb_regs.o(.text)
    ToggleDTOG_TX                            0x08003471   Thumb Code    30  usb_regs.o(.text)
    ClearDTOG_RX                             0x0800348f   Thumb Code    44  usb_regs.o(.text)
    ClearDTOG_TX                             0x080034bb   Thumb Code    44  usb_regs.o(.text)
    SetEPAddress                             0x080034e7   Thumb Code    32  usb_regs.o(.text)
    GetEPAddress                             0x08003507   Thumb Code    16  usb_regs.o(.text)
    SetEPTxAddr                              0x08003517   Thumb Code    26  usb_regs.o(.text)
    SetEPRxAddr                              0x08003531   Thumb Code    28  usb_regs.o(.text)
    GetEPTxAddr                              0x0800354d   Thumb Code    32  usb_regs.o(.text)
    GetEPRxAddr                              0x0800356d   Thumb Code    24  usb_regs.o(.text)
    SetEPTxCount                             0x08003585   Thumb Code    20  usb_regs.o(.text)
    SetEPCountRxReg                          0x08003599   Thumb Code    48  usb_regs.o(.text)
    SetEPRxCount                             0x080035c9   Thumb Code    68  usb_regs.o(.text)
    GetEPTxCount                             0x0800360d   Thumb Code    26  usb_regs.o(.text)
    GetEPRxCount                             0x08003627   Thumb Code    26  usb_regs.o(.text)
    SetEPDblBuffAddr                         0x08003641   Thumb Code    44  usb_regs.o(.text)
    SetEPDblBuf0Addr                         0x0800366d   Thumb Code    24  usb_regs.o(.text)
    SetEPDblBuf1Addr                         0x08003685   Thumb Code    26  usb_regs.o(.text)
    GetEPDblBuf0Addr                         0x0800369f   Thumb Code    22  usb_regs.o(.text)
    GetEPDblBuf1Addr                         0x080036b5   Thumb Code    24  usb_regs.o(.text)
    SetEPDblBuffCount                        0x080036cd   Thumb Code   186  usb_regs.o(.text)
    SetEPDblBuf0Count                        0x08003787   Thumb Code    96  usb_regs.o(.text)
    SetEPDblBuf1Count                        0x080037e7   Thumb Code    96  usb_regs.o(.text)
    GetEPDblBuf0Count                        0x08003847   Thumb Code    26  usb_regs.o(.text)
    GetEPDblBuf1Count                        0x08003861   Thumb Code    26  usb_regs.o(.text)
    GetEPDblBufDir                           0x0800387b   Thumb Code    62  usb_regs.o(.text)
    FreeUserBuffer                           0x080038b9   Thumb Code    68  usb_regs.o(.text)
    ToWord                                   0x080038fd   Thumb Code     8  usb_regs.o(.text)
    ByteSwap                                 0x08003905   Thumb Code    12  usb_regs.o(.text)
    USB_SIL_Init                             0x08003919   Thumb Code    28  usb_sil.o(.text)
    USB_SIL_Write                            0x08003935   Thumb Code    46  usb_sil.o(.text)
    USB_SIL_Read                             0x08003963   Thumb Code    46  usb_sil.o(.text)
    DriverInt                                0x08003999   Thumb Code     8  driverconfig.o(.text)
    RS232_Initialise                         0x080039a1   Thumb Code   204  rs232.o(.text)
    RS232_TX_Count                           0x08003a6d   Thumb Code    40  rs232.o(.text)
    RS232_RX_Count                           0x08003a95   Thumb Code    40  rs232.o(.text)
    RS232_TX_Char                            0x08003abd   Thumb Code    88  rs232.o(.text)
    RS232_RX_Char                            0x08003b15   Thumb Code    72  rs232.o(.text)
    RS232_PutChar                            0x08003b5d   Thumb Code    44  rs232.o(.text)
    RS232_PutHex                             0x08003b89   Thumb Code    92  rs232.o(.text)
    RS232_PutWord                            0x08003be5   Thumb Code    94  rs232.o(.text)
    RS232_PutString                          0x08003c43   Thumb Code    34  rs232.o(.text)
    Process_RS232_Receive                    0x08003c65   Thumb Code    86  rs232.o(.text)
    USART1_IRQHandler                        0x08003cbb   Thumb Code   192  rs232.o(.text)
    OS_CPU_SysTickClkFreq                    0x08003da9   Thumb Code    16  app_cfg.o(.text)
    OSInitHookBegin                          0x08003db9   Thumb Code     2  os_cpu_c.o(.text)
    OSInitHookEnd                            0x08003dbb   Thumb Code     2  os_cpu_c.o(.text)
    OSTaskCreateHook                         0x08003dbd   Thumb Code    12  os_cpu_c.o(.text)
    OSTaskDelHook                            0x08003dc9   Thumb Code    12  os_cpu_c.o(.text)
    OSTaskIdleHook                           0x08003dd5   Thumb Code     8  os_cpu_c.o(.text)
    OSTaskStatHook                           0x08003ddd   Thumb Code     8  os_cpu_c.o(.text)
    OSTaskStkInit                            0x08003de5   Thumb Code   154  os_cpu_c.o(.text)
    OSTaskSwHook                             0x08003e7f   Thumb Code     8  os_cpu_c.o(.text)
    OSTCBInitHook                            0x08003e87   Thumb Code    12  os_cpu_c.o(.text)
    OSTimeTickHook                           0x08003e93   Thumb Code     8  os_cpu_c.o(.text)
    OS_CPU_SysTickHandler                    0x08003e9b   Thumb Code    34  os_cpu_c.o(.text)
    OS_CPU_SysTickInit                       0x08003ebd   Thumb Code    56  os_cpu_c.o(.text)
    OSDebugInit                              0x08003efd   Thumb Code    94  os_dbg.o(.text)
    OS_StrCopy                               0x08004011   Thumb Code    28  os_core.o(.text)
    OSEventNameGet                           0x0800402d   Thumb Code   100  os_core.o(.text)
    OS_StrLen                                0x08004091   Thumb Code    20  os_core.o(.text)
    OSEventNameSet                           0x080040a5   Thumb Code   120  os_core.o(.text)
    OS_EventTaskRemoveMulti                  0x0800411d   Thumb Code    60  os_core.o(.text)
    OS_Sched                                 0x08004173   Thumb Code    86  os_core.o(.text)
    OS_EventTaskWaitMulti                    0x080041c9   Thumb Code   136  os_core.o(.text)
    OSEventPendMulti                         0x08004251   Thumb Code   582  os_core.o(.text)
    OS_TaskStatStkChk                        0x08004497   Thumb Code    54  os_core.o(.text)
    OS_TaskStat                              0x080044cd   Thumb Code   114  os_core.o(.text)
    OS_TaskIdle                              0x08004573   Thumb Code    32  os_core.o(.text)
    OS_MemClr                                0x080045c7   Thumb Code    18  os_core.o(.text)
    OSInit                                   0x080046d1   Thumb Code    40  os_core.o(.text)
    OSIntEnter                               0x080046f9   Thumb Code    28  os_core.o(.text)
    OSIntExit                                0x08004715   Thumb Code   112  os_core.o(.text)
    OSSchedLock                              0x08004785   Thumb Code    50  os_core.o(.text)
    OSSchedUnlock                            0x080047b7   Thumb Code    84  os_core.o(.text)
    OSStart                                  0x0800480b   Thumb Code    48  os_core.o(.text)
    OSStatInit                               0x0800483b   Thumb Code   204  os_core.o(.text)
    OSTimeTick                               0x08004907   Thumb Code   220  os_core.o(.text)
    OSVersion                                0x080049e3   Thumb Code     6  os_core.o(.text)
    OS_Dummy                                 0x080049e9   Thumb Code     2  os_core.o(.text)
    OS_EventTaskRemove                       0x080049eb   Thumb Code    42  os_core.o(.text)
    OS_EventTaskRdy                          0x08004a15   Thumb Code   132  os_core.o(.text)
    OS_EventTaskWait                         0x08004a99   Thumb Code   112  os_core.o(.text)
    OS_EventWaitListInit                     0x08004b09   Thumb Code    28  os_core.o(.text)
    OS_MemCopy                               0x08004b25   Thumb Code    20  os_core.o(.text)
    OS_TCBInit                               0x08004b39   Thumb Code   276  os_core.o(.text)
    OSTaskChangePrio                         0x08004c85   Thumb Code   396  os_task.o(.text)
    OSTaskCreate                             0x08004e11   Thumb Code   150  os_task.o(.text)
    OS_TaskStkClr                            0x08004ea7   Thumb Code    26  os_task.o(.text)
    OSTaskCreateExt                          0x08004ec1   Thumb Code   172  os_task.o(.text)
    OSTaskDel                                0x08004f6d   Thumb Code   346  os_task.o(.text)
    OSTaskDelReq                             0x080050c7   Thumb Code   100  os_task.o(.text)
    OSTaskNameGet                            0x0800512b   Thumb Code   116  os_task.o(.text)
    OSTaskNameSet                            0x0800519f   Thumb Code   132  os_task.o(.text)
    OSTaskResume                             0x08005223   Thumb Code   160  os_task.o(.text)
    OSTaskStkChk                             0x080052c3   Thumb Code   132  os_task.o(.text)
    OSTaskSuspend                            0x08005347   Thumb Code   152  os_task.o(.text)
    OSTaskQuery                              0x080053df   Thumb Code    82  os_task.o(.text)
    App_TaskCreateHook                       0x08005431   Thumb Code     2  os_task.o(.text)
    App_TaskDelHook                          0x08005433   Thumb Code     2  os_task.o(.text)
    App_TaskIdleHook                         0x08005435   Thumb Code     2  os_task.o(.text)
    App_TaskStatHook                         0x08005437   Thumb Code     2  os_task.o(.text)
    App_TaskSwHook                           0x08005439   Thumb Code     2  os_task.o(.text)
    App_TCBInitHook                          0x0800543b   Thumb Code     2  os_task.o(.text)
    App_TimeTickHook                         0x0800543d   Thumb Code     2  os_task.o(.text)
    OSTimeDly                                0x08005459   Thumb Code    96  os_time.o(.text)
    OSTimeDlyHMSM                            0x080054b9   Thumb Code   108  os_time.o(.text)
    OSTimeDlyResume                          0x08005525   Thumb Code   176  os_time.o(.text)
    OSTimeGet                                0x080055d5   Thumb Code    24  os_time.o(.text)
    OSTimeSet                                0x080055ed   Thumb Code    24  os_time.o(.text)
    OS_CPU_SR_Save                           0x0800561d   Thumb Code     0  os_cpu_a.o(.text)
    OS_CPU_SR_Restore                        0x08005625   Thumb Code     0  os_cpu_a.o(.text)
    OSStartHighRdy                           0x0800562b   Thumb Code     0  os_cpu_a.o(.text)
    OSCtxSw                                  0x0800564b   Thumb Code     0  os_cpu_a.o(.text)
    OSIntCtxSw                               0x08005655   Thumb Code     0  os_cpu_a.o(.text)
    OS_CPU_PendSVHandler                     0x0800565f   Thumb Code     0  os_cpu_a.o(.text)
    SysTick_Configuration                    0x080056c1   Thumb Code    94  bsp_config.o(.text)
    Timer_Configuration                      0x0800571f   Thumb Code    70  bsp_config.o(.text)
    GPIO_Configuration                       0x08005765   Thumb Code    62  bsp_config.o(.text)
    NVIC_Configuration                       0x080057a3   Thumb Code    42  bsp_config.o(.text)
    RCC_Configuration                        0x080057cd   Thumb Code   214  bsp_config.o(.text)
    Bsp_Configuration                        0x080058a3   Thumb Code    48  bsp_config.o(.text)
    ADC_Configuration                        0x080058d3   Thumb Code     2  bsp_config.o(.text)
    DMA_Configuration                        0x080058d5   Thumb Code     2  bsp_config.o(.text)
    EXTI_Configuration                       0x080058d7   Thumb Code     2  bsp_config.o(.text)
    WWdg_Configuration                       0x080058d9   Thumb Code     2  bsp_config.o(.text)
    Fetch_Reset_Cause                        0x080058db   Thumb Code     2  bsp_config.o(.text)
    Bsp_RS232_Initialise                     0x080058dd   Thumb Code    14  bsp_config.o(.text)
    DebugTask                                0x0800590d   Thumb Code    16  debugtask.o(.text)
    MainTask                                 0x0800591d   Thumb Code    22  main.o(.text)
    main                                     0x08005933   Thumb Code    28  main.o(.text)
    Delay                                    0x0800594f   Thumb Code    10  main.o(.text)
    NMI_Handler                              0x0800595d   Thumb Code     2  stm32f10x_it.o(.text)
    HardFault_Handler                        0x0800595f   Thumb Code     4  stm32f10x_it.o(.text)
    MemManage_Handler                        0x08005963   Thumb Code     4  stm32f10x_it.o(.text)
    BusFault_Handler                         0x08005967   Thumb Code     4  stm32f10x_it.o(.text)
    UsageFault_Handler                       0x0800596b   Thumb Code     4  stm32f10x_it.o(.text)
    SVC_Handler                              0x0800596f   Thumb Code     2  stm32f10x_it.o(.text)
    DebugMon_Handler                         0x08005971   Thumb Code     2  stm32f10x_it.o(.text)
    PendSV_Handler                           0x08005973   Thumb Code     2  stm32f10x_it.o(.text)
    SysTick_Handler                          0x08005975   Thumb Code     8  stm32f10x_it.o(.text)
    TIM2_IRQHandler                          0x0800597d   Thumb Code    42  stm32f10x_it.o(.text)
    USB_HP_CAN1_TX_IRQHandler                0x080059a7   Thumb Code     8  stm32f10x_it.o(.text)
    USB_LP_CAN1_RX0_IRQHandler               0x080059af   Thumb Code     8  stm32f10x_it.o(.text)
    USBWakeUp_IRQHandler                     0x080059b7   Thumb Code    12  stm32f10x_it.o(.text)
    SystemInit                               0x08005aa1   Thumb Code    78  system_stm32f10x.o(.text)
    SystemCoreClockUpdate                    0x08005aef   Thumb Code   142  system_stm32f10x.o(.text)
    AppCreate                                0x08005ba1   Thumb Code    96  userappconfig.o(.text)
    leds_gpio_contrl                         0x08005c21   Thumb Code   676  leddriver.o(.text)
    led_gpio_state_clean                     0x08005ec5   Thumb Code    14  leddriver.o(.text)
    led_gpio_state_set                       0x08005ed3   Thumb Code    16  leddriver.o(.text)
    leds_gpio_init                           0x08005ee3   Thumb Code   396  leddriver.o(.text)
    leds_init                                0x0800606f   Thumb Code     8  leddriver.o(.text)
    led_set_gpio                             0x08006077   Thumb Code    40  leddriver.o(.text)
    led_set_gpio_off                         0x0800609f   Thumb Code    20  leddriver.o(.text)
    leds_10ms_deal                           0x080060b3   Thumb Code    50  leddriver.o(.text)
    led_set_dev                              0x080060f1   Thumb Code    58  ledstask.o(.text)
    LedsTask                                 0x0800612b   Thumb Code    44  ledstask.o(.text)
    USB_McuUSBTask                           0x0800615d   Thumb Code    10  usb_devices.o(.text)
    USB_Istr                                 0x08006167   Thumb Code     8  usb_devices.o(.text)
    USB_CTR_HP                               0x0800616f   Thumb Code     2  usb_devices.o(.text)
    USB_VcomTask                             0x08006171   Thumb Code    30  usb_vcom_task.o(.text)
    Set_System                               0x08006195   Thumb Code    94  vcom_hw_config.o(.text)
    Set_USBClock                             0x080061f3   Thumb Code    18  vcom_hw_config.o(.text)
    Enter_LowPowerMode                       0x08006205   Thumb Code     8  vcom_hw_config.o(.text)
    Leave_LowPowerMode                       0x0800620d   Thumb Code    22  vcom_hw_config.o(.text)
    USB_Interrupts_Config                    0x08006223   Thumb Code    52  vcom_hw_config.o(.text)
    USB_Cable_Config                         0x08006257   Thumb Code    30  vcom_hw_config.o(.text)
    USB_Config                               0x08006275   Thumb Code    20  vcom_hw_config.o(.text)
    USB_RxRead                               0x08006289   Thumb Code    18  vcom_hw_config.o(.text)
    USB_RxWrite                              0x0800629b   Thumb Code    18  vcom_hw_config.o(.text)
    USB_TxRead                               0x080062ad   Thumb Code    18  vcom_hw_config.o(.text)
    USB_TxWrite                              0x080062bf   Thumb Code    18  vcom_hw_config.o(.text)
    Get_SerialNum                            0x0800630f   Thumb Code    42  vcom_hw_config.o(.text)
    EP1_IN_Callback                          0x08006361   Thumb Code    66  vcom_usb_endp.o(.text)
    EP3_OUT_Callback                         0x080063a3   Thumb Code    28  vcom_usb_endp.o(.text)
    SOF_Callback                             0x080063bf   Thumb Code    84  vcom_usb_endp.o(.text)
    Vcom_USB_Istr                            0x08006429   Thumb Code   414  vcom_usb_istr.o(.text)
    Virtual_Com_Port_init                    0x080065e9   Thumb Code    30  vcom_usb_prop.o(.text)
    Virtual_Com_Port_Reset                   0x08006607   Thumb Code   216  vcom_usb_prop.o(.text)
    Virtual_Com_Port_SetConfiguration        0x080066df   Thumb Code    14  vcom_usb_prop.o(.text)
    Virtual_Com_Port_SetDeviceAddress        0x080066ed   Thumb Code     8  vcom_usb_prop.o(.text)
    Virtual_Com_Port_Status_In               0x080066f5   Thumb Code    16  vcom_usb_prop.o(.text)
    Virtual_Com_Port_Status_Out              0x08006705   Thumb Code     2  vcom_usb_prop.o(.text)
    Virtual_Com_Port_SetLineCoding           0x08006707   Thumb Code    20  vcom_usb_prop.o(.text)
    Virtual_Com_Port_GetLineCoding           0x0800671b   Thumb Code    20  vcom_usb_prop.o(.text)
    Virtual_Com_Port_Data_Setup              0x0800672f   Thumb Code    86  vcom_usb_prop.o(.text)
    Virtual_Com_Port_NoData_Setup            0x08006785   Thumb Code    36  vcom_usb_prop.o(.text)
    Virtual_Com_Port_GetDeviceDescriptor     0x080067a9   Thumb Code    14  vcom_usb_prop.o(.text)
    Virtual_Com_Port_GetConfigDescriptor     0x080067b7   Thumb Code    14  vcom_usb_prop.o(.text)
    Virtual_Com_Port_GetStringDescriptor     0x080067c5   Thumb Code    32  vcom_usb_prop.o(.text)
    Virtual_Com_Port_Get_Interface_Setting   0x080067e5   Thumb Code    22  vcom_usb_prop.o(.text)
    Vcom_PowerOn                             0x08006825   Thumb Code    54  vcom_usb_pwr.o(.text)
    PowerOff                                 0x0800685b   Thumb Code    28  vcom_usb_pwr.o(.text)
    Vcom_Suspend                             0x08006877   Thumb Code   232  vcom_usb_pwr.o(.text)
    Vcom_Resume_Init                         0x0800695f   Thumb Code    30  vcom_usb_pwr.o(.text)
    Vcom_Resume                              0x0800697d   Thumb Code   194  vcom_usb_pwr.o(.text)
    QUEUE_PacketCreate                       0x08006a5d   Thumb Code    14  queue.o(.text)
    QUEUE_PacketIn                           0x08006a6b   Thumb Code    60  queue.o(.text)
    QUEUE_PacketOut                          0x08006aa7   Thumb Code    58  queue.o(.text)
    QUEUE_PacketLengthGet                    0x08006ae1   Thumb Code    44  queue.o(.text)
    QUEUE_PacketStartEndDifferentCharSplit   0x08006b0d   Thumb Code   242  queue.o(.text)
    QUEUE_PacketStartEndCharSplit            0x08006bff   Thumb Code   266  queue.o(.text)
    QUEUE_PacketCharSplit                    0x08006d09   Thumb Code   162  queue.o(.text)
    QUEUE_PacketDoubleEndCharSplit           0x08006dab   Thumb Code   178  queue.o(.text)
    QUEUE_StructCreate                       0x08006e5d   Thumb Code    22  queue.o(.text)
    QUEUE_StructIn                           0x08006e73   Thumb Code    80  queue.o(.text)
    QUEUE_StructOut                          0x08006ec3   Thumb Code    80  queue.o(.text)
    QUEUE_StructCountGet                     0x08006f13   Thumb Code    40  queue.o(.text)
    __aeabi_memcpy                           0x08006f3b   Thumb Code     0  rt_memcpy_v6.o(.text)
    __rt_memcpy                              0x08006f3b   Thumb Code   138  rt_memcpy_v6.o(.text)
    _memcpy_lastbytes                        0x08006fa1   Thumb Code     0  rt_memcpy_v6.o(.text)
    __use_two_region_memory                  0x08006fc5   Thumb Code     2  heapauxi.o(.text)
    __rt_heap_escrow$2region                 0x08006fc7   Thumb Code     2  heapauxi.o(.text)
    __rt_heap_expand$2region                 0x08006fc9   Thumb Code     2  heapauxi.o(.text)
    __aeabi_memcpy4                          0x08006fcb   Thumb Code     0  rt_memcpy_w.o(.text)
    __aeabi_memcpy8                          0x08006fcb   Thumb Code     0  rt_memcpy_w.o(.text)
    __rt_memcpy_w                            0x08006fcb   Thumb Code   100  rt_memcpy_w.o(.text)
    _memcpy_lastbytes_aligned                0x08007013   Thumb Code     0  rt_memcpy_w.o(.text)
    __user_setup_stackheap                   0x0800702f   Thumb Code    74  sys_stackheap_outer.o(.text)
    exit                                     0x08007079   Thumb Code    12  exit.o(.text)
    __user_libspace                          0x08007085   Thumb Code     8  libspace.o(.text)
    __user_perproc_libspace                  0x08007085   Thumb Code     0  libspace.o(.text)
    __user_perthread_libspace                0x08007085   Thumb Code     0  libspace.o(.text)
    _sys_exit                                0x0800708d   Thumb Code     8  sys_exit.o(.text)
    __I$use$semihosting                      0x08007099   Thumb Code     0  use_no_semi.o(.text)
    __use_no_semihosting_swi                 0x08007099   Thumb Code     2  use_no_semi.o(.text)
    __semihosting_library_function           0x0800709b   Thumb Code     0  indicate_semi.o(.text)
    OSDebugEn                                0x0800709c   Data           2  os_dbg.o(.constdata)
    OSEndiannessTest                         0x080070a0   Data           4  os_dbg.o(.constdata)
    OSEventMax                               0x080070a4   Data           2  os_dbg.o(.constdata)
    OSEventNameSize                          0x080070a6   Data           2  os_dbg.o(.constdata)
    OSEventEn                                0x080070a8   Data           2  os_dbg.o(.constdata)
    OSEventSize                              0x080070aa   Data           2  os_dbg.o(.constdata)
    OSEventTblSize                           0x080070ac   Data           2  os_dbg.o(.constdata)
    OSFlagEn                                 0x080070ae   Data           2  os_dbg.o(.constdata)
    OSFlagGrpSize                            0x080070b0   Data           2  os_dbg.o(.constdata)
    OSFlagNodeSize                           0x080070b2   Data           2  os_dbg.o(.constdata)
    OSFlagWidth                              0x080070b4   Data           2  os_dbg.o(.constdata)
    OSFlagMax                                0x080070b6   Data           2  os_dbg.o(.constdata)
    OSFlagNameSize                           0x080070b8   Data           2  os_dbg.o(.constdata)
    OSLowestPrio                             0x080070ba   Data           2  os_dbg.o(.constdata)
    OSMboxEn                                 0x080070bc   Data           2  os_dbg.o(.constdata)
    OSMemEn                                  0x080070be   Data           2  os_dbg.o(.constdata)
    OSMemMax                                 0x080070c0   Data           2  os_dbg.o(.constdata)
    OSMemNameSize                            0x080070c2   Data           2  os_dbg.o(.constdata)
    OSMemSize                                0x080070c4   Data           2  os_dbg.o(.constdata)
    OSMemTblSize                             0x080070c6   Data           2  os_dbg.o(.constdata)
    OSMutexEn                                0x080070c8   Data           2  os_dbg.o(.constdata)
    OSPtrSize                                0x080070ca   Data           2  os_dbg.o(.constdata)
    OSQEn                                    0x080070cc   Data           2  os_dbg.o(.constdata)
    OSQMax                                   0x080070ce   Data           2  os_dbg.o(.constdata)
    OSQSize                                  0x080070d0   Data           2  os_dbg.o(.constdata)
    OSRdyTblSize                             0x080070d2   Data           2  os_dbg.o(.constdata)
    OSSemEn                                  0x080070d4   Data           2  os_dbg.o(.constdata)
    OSStkWidth                               0x080070d6   Data           2  os_dbg.o(.constdata)
    OSTaskCreateEn                           0x080070d8   Data           2  os_dbg.o(.constdata)
    OSTaskCreateExtEn                        0x080070da   Data           2  os_dbg.o(.constdata)
    OSTaskDelEn                              0x080070dc   Data           2  os_dbg.o(.constdata)
    OSTaskIdleStkSize                        0x080070de   Data           2  os_dbg.o(.constdata)
    OSTaskProfileEn                          0x080070e0   Data           2  os_dbg.o(.constdata)
    OSTaskMax                                0x080070e2   Data           2  os_dbg.o(.constdata)
    OSTaskNameSize                           0x080070e4   Data           2  os_dbg.o(.constdata)
    OSTaskStatEn                             0x080070e6   Data           2  os_dbg.o(.constdata)
    OSTaskStatStkSize                        0x080070e8   Data           2  os_dbg.o(.constdata)
    OSTaskStatStkChkEn                       0x080070ea   Data           2  os_dbg.o(.constdata)
    OSTaskSwHookEn                           0x080070ec   Data           2  os_dbg.o(.constdata)
    OSTCBPrioTblMax                          0x080070ee   Data           2  os_dbg.o(.constdata)
    OSTCBSize                                0x080070f0   Data           2  os_dbg.o(.constdata)
    OSTicksPerSec                            0x080070f2   Data           2  os_dbg.o(.constdata)
    OSTimeTickHookEn                         0x080070f4   Data           2  os_dbg.o(.constdata)
    OSVersionNbr                             0x080070f6   Data           2  os_dbg.o(.constdata)
    OSDataSize                               0x080070f8   Data           2  os_dbg.o(.constdata)
    OSUnMapTbl                               0x080070fa   Data         256  os_core.o(.constdata)
    leds_buf_1                               0x080073ed   Data         100  ledstask.o(.constdata)
    leds_buf_2                               0x08007451   Data         100  ledstask.o(.constdata)
    leds_buf_3                               0x080074b5   Data         100  ledstask.o(.constdata)
    leds_buf_4                               0x08007519   Data         100  ledstask.o(.constdata)
    leds_buf_5                               0x0800757d   Data         120  ledstask.o(.constdata)
    leds_buf_6                               0x080075f5   Data         120  ledstask.o(.constdata)
    leds_buf_7                               0x0800766d   Data         120  ledstask.o(.constdata)
    leds_buf_8                               0x080076e5   Data         120  ledstask.o(.constdata)
    leds_buf_9                               0x0800775d   Data         100  ledstask.o(.constdata)
    leds_buf_10                              0x080077c1   Data         100  ledstask.o(.constdata)
    leds_buf_11                              0x08007825   Data         110  ledstask.o(.constdata)
    leds_buf_12                              0x08007893   Data         110  ledstask.o(.constdata)
    leds_buf_13                              0x08007901   Data        1000  ledstask.o(.constdata)
    Virtual_Com_Port_DeviceDescriptor        0x08007ce9   Data          18  vcom_usb_desc.o(.constdata)
    Virtual_Com_Port_ConfigDescriptor        0x08007cfb   Data          67  vcom_usb_desc.o(.constdata)
    Virtual_Com_Port_StringLangID            0x08007d3e   Data           4  vcom_usb_desc.o(.constdata)
    Virtual_Com_Port_StringVendor            0x08007d42   Data          24  vcom_usb_desc.o(.constdata)
    Virtual_Com_Port_StringProduct           0x08007d5a   Data          38  vcom_usb_desc.o(.constdata)
    Region$$Table$$Base                      0x08007d80   Number         0  anon$$obj.o(Region$$Table)
    Region$$Table$$Limit                     0x08007da0   Number         0  anon$$obj.o(Region$$Table)
    Data_Mul_MaxPacketSize                   0x20000014   Data           1  usb_core.o(.data)
    StatusInfo                               0x20000016   Data           2  usb_core.o(.data)
    EPindex                                  0x20000018   Data           1  usb_init.o(.data)
    pInformation                             0x2000001c   Data           4  usb_init.o(.data)
    pProperty                                0x20000020   Data           4  usb_init.o(.data)
    SaveState                                0x20000024   Data           2  usb_init.o(.data)
    wInterrupt_Mask                          0x20000026   Data           2  usb_init.o(.data)
    pUser_Standard_Requests                  0x20000028   Data           4  usb_init.o(.data)
    SaveRState                               0x2000002c   Data           2  usb_int.o(.data)
    SaveTState                               0x2000002e   Data           2  usb_int.o(.data)
    RS232_TX_TailIndex                       0x20000030   Data           2  rs232.o(.data)
    RS232_TX_HeadIndex                       0x20000032   Data           2  rs232.o(.data)
    RS232_RX_TailIndex                       0x20000034   Data           2  rs232.o(.data)
    RS232_RX_HeadIndex                       0x20000036   Data           2  rs232.o(.data)
    RS232_Receive_Index                      0x20000038   Data           2  rs232.o(.data)
    OSCtxSwCtr                               0x2000003c   Data           4  os_core.o(.data)
    OSEventFreeList                          0x20000040   Data           4  os_core.o(.data)
    OSCPUUsage                               0x20000044   Data           1  os_core.o(.data)
    OSIdleCtrMax                             0x20000048   Data           4  os_core.o(.data)
    OSIdleCtrRun                             0x2000004c   Data           4  os_core.o(.data)
    OSStatRdy                                0x20000050   Data           1  os_core.o(.data)
    OSIntNesting                             0x20000051   Data           1  os_core.o(.data)
    OSLockNesting                            0x20000052   Data           1  os_core.o(.data)
    OSPrioCur                                0x20000053   Data           1  os_core.o(.data)
    OSPrioHighRdy                            0x20000054   Data           1  os_core.o(.data)
    OSRdyGrp                                 0x20000055   Data           1  os_core.o(.data)
    OSRdyTbl                                 0x20000056   Data           8  os_core.o(.data)
    OSRunning                                0x2000005e   Data           1  os_core.o(.data)
    OSTaskCtr                                0x2000005f   Data           1  os_core.o(.data)
    OSIdleCtr                                0x20000060   Data           4  os_core.o(.data)
    OSTCBCur                                 0x20000064   Data           4  os_core.o(.data)
    OSTCBFreeList                            0x20000068   Data           4  os_core.o(.data)
    OSTCBHighRdy                             0x2000006c   Data           4  os_core.o(.data)
    OSTCBList                                0x20000070   Data           4  os_core.o(.data)
    OSTickStepState                          0x20000074   Data           1  os_core.o(.data)
    OSTime                                   0x20000078   Data           4  os_core.o(.data)
    SystemCoreClock                          0x2000007c   Data           4  system_stm32f10x.o(.data)
    AHBPrescTable                            0x20000080   Data          16  system_stm32f10x.o(.data)
    gpio_count                               0x20000090   Data           1  leddriver.o(.data)
    leds                                     0x20000094   Data         156  ledstask.o(.data)
    wIstr                                    0x20000130   Data           2  usb_devices.o(.data)
    HSEStartUpStatus                         0x20000134   Data           1  vcom_hw_config.o(.data)
    EXTI_InitStructure                       0x20000138   Data           8  vcom_hw_config.o(.data)
    Virtual_Com_Port_StringSerial            0x20000140   Data          38  vcom_usb_desc.o(.data)
    bIntPackSOF                              0x20000170   Data           1  vcom_usb_istr.o(.data)
    esof_counter                             0x20000174   Data           4  vcom_usb_istr.o(.data)
    wCNTR                                    0x20000178   Data           4  vcom_usb_istr.o(.data)
    pEpInt_IN                                0x2000017c   Data          28  vcom_usb_istr.o(.data)
    pEpInt_OUT                               0x20000198   Data          28  vcom_usb_istr.o(.data)
    Request                                  0x200001b4   Data           1  vcom_usb_prop.o(.data)
    linecoding                               0x200001b8   Data           8  vcom_usb_prop.o(.data)
    Device_Table                             0x200001c0   Data           2  vcom_usb_prop.o(.data)
    Device_Property                          0x200001c4   Data          48  vcom_usb_prop.o(.data)
    User_Standard_Requests                   0x200001f4   Data          36  vcom_usb_prop.o(.data)
    Device_Descriptor                        0x20000218   Data           8  vcom_usb_prop.o(.data)
    Config_Descriptor                        0x20000220   Data           8  vcom_usb_prop.o(.data)
    String_Descriptor                        0x20000228   Data          32  vcom_usb_prop.o(.data)
    bDeviceState                             0x20000248   Data           4  vcom_usb_pwr.o(.data)
    fSuspendEnabled                          0x2000024c   Data           1  vcom_usb_pwr.o(.data)
    remotewakeupon                           0x20000250   Data           4  vcom_usb_pwr.o(.data)
    Vcom_ResumeS                             0x20000254   Data           2  vcom_usb_pwr.o(.data)
    Device_Info                              0x20000258   Data          28  usb_init.o(.bss)
    RS232_TXBuf                              0x20000274   Data        1000  rs232.o(.bss)
    RS232_RXBuf                              0x2000065c   Data         100  rs232.o(.bss)
    RS232_RecBuf                             0x200006c0   Data         300  rs232.o(.bss)
    OSEventTbl                               0x200007ec   Data         360  os_core.o(.bss)
    OSTaskStatStk                            0x20000954   Data         512  os_core.o(.bss)
    OSTaskIdleStk                            0x20000b54   Data         512  os_core.o(.bss)
    OSTCBPrioTbl                             0x20000d54   Data         256  os_core.o(.bss)
    OSTCBTbl                                 0x20000e54   Data        1936  os_core.o(.bss)
    leds_gpio_buf                            0x200025e4   Data          10  leddriver.o(.bss)
    USART_InitStructure                      0x200030d8   Data          16  vcom_hw_config.o(.bss)
    EP                                       0x20003168   Data          32  vcom_usb_pwr.o(.bss)
    __libspace_start                         0x20003188   Data          96  libspace.o(.bss)
    __temporary_stack_top$libspace           0x200031e8   Data           0  libspace.o(.bss)



==============================================================================

Memory Map of the image

  Image Entry point : 0x080000ed

  Load Region LR_IROM1 (Base: 0x08000000, Size: 0x00007ff8, Max: 0x00010000, ABSOLUTE, COMPRESSED[0x00007e8c])

    Execution Region ER_IROM1 (Base: 0x08000000, Size: 0x00007da0, Max: 0x00010000, ABSOLUTE)

    Base Addr    Size         Type   Attr      Idx    E Section Name        Object

    0x08000000   0x000000ec   Data   RO            3    RESET               startup_stm32f10x_md.o
    0x080000ec   0x00000008   Code   RO         1552  * !!!main             c_w.l(__main.o)
    0x080000f4   0x00000034   Code   RO         1710    !!!scatter          c_w.l(__scatter.o)
    0x08000128   0x0000005a   Code   RO         1708    !!dczerorl2         c_w.l(__dczerorl2.o)
    0x08000182   0x00000002   PAD
    0x08000184   0x0000001c   Code   RO         1712    !!handler_zi        c_w.l(__scatter_zi.o)
    0x080001a0   0x00000002   Code   RO         1581    .ARM.Collect$$libinit$$00000000  c_w.l(libinit.o)
    0x080001a2   0x00000000   Code   RO         1588    .ARM.Collect$$libinit$$00000002  c_w.l(libinit2.o)
    0x080001a2   0x00000000   Code   RO         1591    .ARM.Collect$$libinit$$00000008  c_w.l(libinit2.o)
    0x080001a2   0x00000000   Code   RO         1593    .ARM.Collect$$libinit$$0000000A  c_w.l(libinit2.o)
    0x080001a2   0x00000000   Code   RO         1595    .ARM.Collect$$libinit$$0000000C  c_w.l(libinit2.o)
    0x080001a2   0x00000000   Code   RO         1598    .ARM.Collect$$libinit$$0000000F  c_w.l(libinit2.o)
    0x080001a2   0x00000000   Code   RO         1600    .ARM.Collect$$libinit$$00000011  c_w.l(libinit2.o)
    0x080001a2   0x00000000   Code   RO         1602    .ARM.Collect$$libinit$$00000013  c_w.l(libinit2.o)
    0x080001a2   0x00000000   Code   RO         1604    .ARM.Collect$$libinit$$00000015  c_w.l(libinit2.o)
    0x080001a2   0x00000000   Code   RO         1606    .ARM.Collect$$libinit$$00000017  c_w.l(libinit2.o)
    0x080001a2   0x00000000   Code   RO         1608    .ARM.Collect$$libinit$$00000019  c_w.l(libinit2.o)
    0x080001a2   0x00000000   Code   RO         1610    .ARM.Collect$$libinit$$0000001B  c_w.l(libinit2.o)
    0x080001a2   0x00000000   Code   RO         1612    .ARM.Collect$$libinit$$0000001D  c_w.l(libinit2.o)
    0x080001a2   0x00000000   Code   RO         1614    .ARM.Collect$$libinit$$0000001F  c_w.l(libinit2.o)
    0x080001a2   0x00000000   Code   RO         1616    .ARM.Collect$$libinit$$00000021  c_w.l(libinit2.o)
    0x080001a2   0x00000000   Code   RO         1618    .ARM.Collect$$libinit$$00000023  c_w.l(libinit2.o)
    0x080001a2   0x00000000   Code   RO         1622    .ARM.Collect$$libinit$$0000002A  c_w.l(libinit2.o)
    0x080001a2   0x00000000   Code   RO         1624    .ARM.Collect$$libinit$$0000002C  c_w.l(libinit2.o)
    0x080001a2   0x00000000   Code   RO         1626    .ARM.Collect$$libinit$$0000002E  c_w.l(libinit2.o)
    0x080001a2   0x00000000   Code   RO         1628    .ARM.Collect$$libinit$$00000030  c_w.l(libinit2.o)
    0x080001a2   0x00000002   Code   RO         1629    .ARM.Collect$$libinit$$00000031  c_w.l(libinit2.o)
    0x080001a4   0x00000002   Code   RO         1649    .ARM.Collect$$libshutdown$$00000000  c_w.l(libshutdown.o)
    0x080001a6   0x00000000   Code   RO         1663    .ARM.Collect$$libshutdown$$00000003  c_w.l(libshutdown2.o)
    0x080001a6   0x00000000   Code   RO         1666    .ARM.Collect$$libshutdown$$00000006  c_w.l(libshutdown2.o)
    0x080001a6   0x00000000   Code   RO         1669    .ARM.Collect$$libshutdown$$00000009  c_w.l(libshutdown2.o)
    0x080001a6   0x00000000   Code   RO         1671    .ARM.Collect$$libshutdown$$0000000B  c_w.l(libshutdown2.o)
    0x080001a6   0x00000000   Code   RO         1674    .ARM.Collect$$libshutdown$$0000000E  c_w.l(libshutdown2.o)
    0x080001a6   0x00000002   Code   RO         1675    .ARM.Collect$$libshutdown$$0000000F  c_w.l(libshutdown2.o)
    0x080001a8   0x00000000   Code   RO         1554    .ARM.Collect$$rtentry$$00000000  c_w.l(rtentry.o)
    0x080001a8   0x00000000   Code   RO         1558    .ARM.Collect$$rtentry$$00000002  c_w.l(rtentry2.o)
    0x080001a8   0x00000006   Code   RO         1570    .ARM.Collect$$rtentry$$00000004  c_w.l(rtentry4.o)
    0x080001ae   0x00000000   Code   RO         1560    .ARM.Collect$$rtentry$$00000009  c_w.l(rtentry2.o)
    0x080001ae   0x00000004   Code   RO         1561    .ARM.Collect$$rtentry$$0000000A  c_w.l(rtentry2.o)
    0x080001b2   0x00000000   Code   RO         1563    .ARM.Collect$$rtentry$$0000000C  c_w.l(rtentry2.o)
    0x080001b2   0x00000008   Code   RO         1564    .ARM.Collect$$rtentry$$0000000D  c_w.l(rtentry2.o)
    0x080001ba   0x00000002   Code   RO         1585    .ARM.Collect$$rtexit$$00000000  c_w.l(rtexit.o)
    0x080001bc   0x00000000   Code   RO         1631    .ARM.Collect$$rtexit$$00000002  c_w.l(rtexit2.o)
    0x080001bc   0x00000004   Code   RO         1632    .ARM.Collect$$rtexit$$00000003  c_w.l(rtexit2.o)
    0x080001c0   0x00000006   Code   RO         1633    .ARM.Collect$$rtexit$$00000004  c_w.l(rtexit2.o)
    0x080001c6   0x00000002   PAD
    0x080001c8   0x00000040   Code   RO            4    .text               startup_stm32f10x_md.o
    0x08000208   0x000000dc   Code   RO           24    .text               misc.o
    0x080002e4   0x0000011c   Code   RO          242    .text               stm32f10x_exti.o
    0x08000400   0x000005bc   Code   RO          257    .text               stm32f10x_flash.o
    0x080009bc   0x00000358   Code   RO          287    .text               stm32f10x_gpio.o
    0x08000d14   0x000003a4   Code   RO          347    .text               stm32f10x_rcc.o
    0x080010b8   0x00000e1a   Code   RO          409    .text               stm32f10x_tim.o
    0x08001ed2   0x00000002   PAD
    0x08001ed4   0x00000408   Code   RO          424    .text               stm32f10x_usart.o
    0x080022dc   0x00000b04   Code   RO          454    .text               usb_core.o
    0x08002de0   0x0000003c   Code   RO          547    .text               usb_init.o
    0x08002e1c   0x00000304   Code   RO          570    .text               usb_int.o
    0x08003120   0x0000005c   Code   RO          594    .text               usb_mem.o
    0x0800317c   0x0000079c   Code   RO          606    .text               usb_regs.o
    0x08003918   0x00000080   Code   RO          618    .text               usb_sil.o
    0x08003998   0x00000008   Code   RO          728    .text               driverconfig.o
    0x080039a0   0x00000408   Code   RO          746    .text               rs232.o
    0x08003da8   0x00000010   Code   RO          780    .text               app_cfg.o
    0x08003db8   0x00000144   Code   RO          792    .text               os_cpu_c.o
    0x08003efc   0x00000114   Code   RO          811    .text               os_dbg.o
    0x08004010   0x00000c74   Code   RO          826    .text               os_core.o
    0x08004c84   0x000007d4   Code   RO          888    .text               os_task.o
    0x08005458   0x000001c4   Code   RO          900    .text               os_time.o
    0x0800561c   0x000000a4   Code   RO          918    .text               os_cpu_a.o
    0x080056c0   0x0000024c   Code   RO          921    .text               bsp_config.o
    0x0800590c   0x00000010   Code   RO          937    .text               debugtask.o
    0x0800591c   0x00000040   Code   RO          949    .text               main.o
    0x0800595c   0x00000066   Code   RO          995    .text               stm32f10x_it.o
    0x080059c2   0x00000002   PAD
    0x080059c4   0x000001dc   Code   RO         1010    .text               system_stm32f10x.o
    0x08005ba0   0x00000080   Code   RO         1028    .text               userappconfig.o
    0x08005c20   0x000004d0   Code   RO         1043    .text               leddriver.o
    0x080060f0   0x0000006c   Code   RO         1059    .text               ledstask.o
    0x0800615c   0x00000014   Code   RO         1075    .text               usb_devices.o
    0x08006170   0x00000024   Code   RO         1406    .text               usb_vcom_task.o
    0x08006194   0x000001cc   Code   RO         1419    .text               vcom_hw_config.o
    0x08006360   0x000000c8   Code   RO         1449    .text               vcom_usb_endp.o
    0x08006428   0x000001c0   Code   RO         1464    .text               vcom_usb_istr.o
    0x080065e8   0x0000023c   Code   RO         1479    .text               vcom_usb_prop.o
    0x08006824   0x00000238   Code   RO         1502    .text               vcom_usb_pwr.o
    0x08006a5c   0x000004de   Code   RO         1521    .text               queue.o
    0x08006f3a   0x0000008a   Code   RO         1548    .text               c_w.l(rt_memcpy_v6.o)
    0x08006fc4   0x00000006   Code   RO         1550    .text               c_w.l(heapauxi.o)
    0x08006fca   0x00000064   Code   RO         1555    .text               c_w.l(rt_memcpy_w.o)
    0x0800702e   0x0000004a   Code   RO         1572    .text               c_w.l(sys_stackheap_outer.o)
    0x08007078   0x0000000c   Code   RO         1574    .text               c_w.l(exit.o)
    0x08007084   0x00000008   Code   RO         1582    .text               c_w.l(libspace.o)
    0x0800708c   0x0000000c   Code   RO         1641    .text               c_w.l(sys_exit.o)
    0x08007098   0x00000002   Code   RO         1652    .text               c_w.l(use_no_semi.o)
    0x0800709a   0x00000000   Code   RO         1654    .text               c_w.l(indicate_semi.o)
    0x0800709a   0x00000002   PAD
    0x0800709c   0x0000005e   Data   RO          812    .constdata          os_dbg.o
    0x080070fa   0x00000100   Data   RO          828    .constdata          os_core.o
    0x080071fa   0x00000002   PAD
    0x080071fc   0x000001f1   Data   RO         1030    .constdata          userappconfig.o
    0x080073ed   0x000008fc   Data   RO         1060    .constdata          ledstask.o
    0x08007ce9   0x00000097   Data   RO         1436    .constdata          vcom_usb_desc.o
    0x08007d80   0x00000020   Data   RO         1706    Region$$Table       anon$$obj.o


    Execution Region RW_IRAM1 (Base: 0x20000000, Size: 0x000037e8, Max: 0x00005000, ABSOLUTE, COMPRESSED[0x000000ec])

    Base Addr    Size         Type   Attr      Idx    E Section Name        Object

    0x20000000   0x00000014   Data   RW          348    .data               stm32f10x_rcc.o
    0x20000014   0x00000004   Data   RW          455    .data               usb_core.o
    0x20000018   0x00000014   Data   RW          549    .data               usb_init.o
    0x2000002c   0x00000004   Data   RW          571    .data               usb_int.o
    0x20000030   0x0000000a   Data   RW          748    .data               rs232.o
    0x2000003a   0x00000002   PAD
    0x2000003c   0x00000040   Data   RW          829    .data               os_core.o
    0x2000007c   0x00000014   Data   RW         1011    .data               system_stm32f10x.o
    0x20000090   0x00000001   Data   RW         1045    .data               leddriver.o
    0x20000091   0x00000003   PAD
    0x20000094   0x0000009c   Data   RW         1061    .data               ledstask.o
    0x20000130   0x00000002   Data   RW         1076    .data               usb_devices.o
    0x20000132   0x00000002   PAD
    0x20000134   0x0000000c   Data   RW         1421    .data               vcom_hw_config.o
    0x20000140   0x00000026   Data   RW         1437    .data               vcom_usb_desc.o
    0x20000166   0x00000002   PAD
    0x20000168   0x00000008   Data   RW         1451    .data               vcom_usb_endp.o
    0x20000170   0x00000044   Data   RW         1465    .data               vcom_usb_istr.o
    0x200001b4   0x00000094   Data   RW         1480    .data               vcom_usb_prop.o
    0x20000248   0x0000000e   Data   RW         1504    .data               vcom_usb_pwr.o
    0x20000256   0x00000002   PAD
    0x20000258   0x0000001c   Zero   RW          548    .bss                usb_init.o
    0x20000274   0x00000578   Zero   RW          747    .bss                rs232.o
    0x200007ec   0x00000df8   Zero   RW          827    .bss                os_core.o
    0x200015e4   0x00000400   Zero   RW          950    .bss                main.o
    0x200019e4   0x00000c00   Zero   RW         1029    .bss                userappconfig.o
    0x200025e4   0x0000000a   Zero   RW         1044    .bss                leddriver.o
    0x200025ee   0x000000c8   Zero   RW         1407    .bss                usb_vcom_task.o
    0x200026b6   0x00000002   PAD
    0x200026b8   0x00000a30   Zero   RW         1420    .bss                vcom_hw_config.o
    0x200030e8   0x00000080   Zero   RW         1450    .bss                vcom_usb_endp.o
    0x20003168   0x00000020   Zero   RW         1503    .bss                vcom_usb_pwr.o
    0x20003188   0x00000060   Zero   RW         1583    .bss                c_w.l(libspace.o)
    0x200031e8   0x00000200   Zero   RW            2    HEAP                startup_stm32f10x_md.o
    0x200033e8   0x00000400   Zero   RW            1    STACK               startup_stm32f10x_md.o


==============================================================================

Image component sizes


      Code (inc. data)   RO Data    RW Data    ZI Data      Debug   Object Name

        16          0          0          0          0        520   app_cfg.o
       588         34          0          0          0      17678   bsp_config.o
         0          0          0          0          0       4244   core_cm3.o
        16          0          0          0          0        400   debugtask.o
         8          0          0          0          0        452   driverconfig.o
      1232         34          0          1         10       3160   leddriver.o
       108          6       2300        156          0       1957   ledstask.o
        64          4          0          0       1024       4132   main.o
       220         20          0          0          0     215681   misc.o
      3188        240        256         64       3576      18019   os_core.o
       164         32          0          0          0        300   os_cpu_a.o
       324          8          0          0          0      11758   os_cpu_c.o
       276        182         94          0          0       2829   os_dbg.o
      2004         66          0          0          0       7622   os_task.o
       452         24          0          0          0       1790   os_time.o
      1246          0          0          0          0       9087   queue.o
      1032         46          0         10       1400       4313   rs232.o
        64         26        236          0       1536        912   startup_stm32f10x_md.o
       284         10          0          0          0       4603   stm32f10x_exti.o
      1468         34          0          0          0      14574   stm32f10x_flash.o
       856         40          0          0          0      14201   stm32f10x_gpio.o
       102          0          0          0          0       1836   stm32f10x_it.o
       932         44          0         20          0      17740   stm32f10x_rcc.o
      3610         88          0          0          0      41452   stm32f10x_tim.o
      1032         22          0          0          0      14612   stm32f10x_usart.o
       476         36          0         20          0       1699   system_stm32f10x.o
      2820        104          0          4          0      66159   usb_core.o
        20          0          0          2          0       1237   usb_devices.o
        60         24          0         20         28       4114   usb_init.o
       772         28          0          4          0       1883   usb_int.o
        92          6          0          0          0       1426   usb_mem.o
      1948         16          0          0          0      11585   usb_regs.o
       128          8          0          0          0      11974   usb_sil.o
        36          6          0          0        200        471   usb_vcom_task.o
       128         32        497          0       3072       1032   userappconfig.o
       460         40          0         12       2608       3801   vcom_hw_config.o
         0          0        151         38          0        987   vcom_usb_desc.o
       200         22          0          8        128       1432   vcom_usb_endp.o
       448         34          0         68          0       1446   vcom_usb_istr.o
       572         42          0        148          0       7103   vcom_usb_prop.o
       568         38          0         14         32       2796   vcom_usb_pwr.o

    ----------------------------------------------------------------------
     28018       1396       3568        600      13616     533017   Object Totals
         0          0         32          0          0          0   (incl. Generated)
         4          0          2         11          2          0   (incl. Padding)

    ----------------------------------------------------------------------

      Code (inc. data)   RO Data    RW Data    ZI Data      Debug   Library Member Name

        90          0          0          0          0          0   __dczerorl2.o
         8          0          0          0          0         68   __main.o
        52          8          0          0          0          0   __scatter.o
        28          0          0          0          0          0   __scatter_zi.o
        12          0          0          0          0         72   exit.o
         6          0          0          0          0        152   heapauxi.o
         0          0          0          0          0          0   indicate_semi.o
         2          0          0          0          0          0   libinit.o
         2          0          0          0          0          0   libinit2.o
         2          0          0          0          0          0   libshutdown.o
         2          0          0          0          0          0   libshutdown2.o
         8          4          0          0         96         68   libspace.o
       138          0          0          0          0         68   rt_memcpy_v6.o
       100          0          0          0          0         80   rt_memcpy_w.o
         0          0          0          0          0          0   rtentry.o
        12          0          0          0          0          0   rtentry2.o
         6          0          0          0          0          0   rtentry4.o
         2          0          0          0          0          0   rtexit.o
        10          0          0          0          0          0   rtexit2.o
        12          4          0          0          0         68   sys_exit.o
        74          0          0          0          0         80   sys_stackheap_outer.o
         2          0          0          0          0         68   use_no_semi.o

    ----------------------------------------------------------------------
       574         16          0          0         96        724   Library Totals
         6          0          0          0          0          0   (incl. Padding)

    ----------------------------------------------------------------------

      Code (inc. data)   RO Data    RW Data    ZI Data      Debug   Library Name

       568         16          0          0         96        724   c_w.l

    ----------------------------------------------------------------------
       574         16          0          0         96        724   Library Totals

    ----------------------------------------------------------------------

==============================================================================


      Code (inc. data)   RO Data    RW Data    ZI Data      Debug   

     28592       1412       3568        600      13712     529685   Grand Totals
     28592       1412       3568        236      13712     529685   ELF Image Totals (compressed)
     28592       1412       3568        236          0          0   ROM Totals

==============================================================================

    Total RO  Size (Code + RO Data)                32160 (  31.41kB)
    Total RW  Size (RW Data + ZI Data)             14312 (  13.98kB)
    Total ROM Size (Code + RO Data + RW Data)      32396 (  31.64kB)

==============================================================================

